--------- beginning of main
09-28 09:56:47.378  4081  4370 D MainActivity: Cleared logcat.
09-28 09:56:47.378  4081  4370 I onAccessibilityEvent: CURRENT_STEP is now 0
09-28 09:56:47.378  4081  4370 D MyTimerTask_1: TimerCallback: We have found a current_root and begin writing the XML now
09-28 09:56:47.379  4081  4370 V XMLdumper: startFile called
09-28 09:56:47.379  4081  4370 V XMLdumper: setSource called, old: ; new: Timer
09-28 09:56:47.379  4081  4370 D MyTimerTask_1: TimerCallback: Calling injectEventCaller
09-28 09:56:47.379  4081  4370 D MyTimerTask_1: Canceled timer.
09-28 09:56:47.379  4081  4370 I MyTimerTask_1: Started MyTimerTask:injectEventCaller with node android.view.accessibility.AccessibilityNodeInfo@8000b215; boundsInParent: Rect(0, 0 - 1080, 1920); boundsInScreen: Rect(0, 0 - 1080, 1920); packageName: com.android.systemui; className: android.widget.FrameLayout; text: null; error: null; maxTextLength: -1; contentDescription: null; viewIdResName: null; checkable: false; checked: false; focusable: true; focused: false; selected: false; clickable: false; longClickable: false; contextClickable: false; enabled: true; password: false; scrollable: false; actions: [AccessibilityAction: ACTION_FOCUS - null, AccessibilityAction: ACTION_SELECT - null, AccessibilityAction: ACTION_CLEAR_SELECTION - null, AccessibilityAction: ACTION_ACCESSIBILITY_FOCUS - null, AccessibilityAction: ACTION_SHOW_ON_SCREEN - null]
09-28 09:56:47.379  4081  4370 D EventInjector_1: Started EventInjector.inject
09-28 09:56:47.380  4081  4370 D EventInjector_1: Discarded package com.android.systemui as it does not equal de.j4velin.systemappmover
09-28 09:56:47.380  4081  4370 V XMLdumper: writeEvent called with Timer, 29, Back
09-28 09:56:47.381  4081  4370 D XMLdumper: Skipping invisible child: android.view.accessibility.AccessibilityNodeInfo@8000c119; boundsInParent: Rect(0, 0 - 648, 65); boundsInScreen: Rect(216, 171 - 864, 236); packageName: com.android.systemui; className: android.widget.TextView; text: Gmail; error: null; maxTextLength: -1; contentDescription: Gmail; viewIdResName: com.android.systemui:id/title; checkable: false; checked: false; focusable: false; focused: false; selected: false; clickable: false; longClickable: false; contextClickable: false; enabled: true; password: false; scrollable: false; actions: [AccessibilityAction: ACTION_SELECT - null, AccessibilityAction: ACTION_CLEAR_SELECTION - null, AccessibilityAction: ACTION_ACCESSIBILITY_FOCUS - null, AccessibilityAction: ACTION_NEXT_AT_MOVEMENT_GRANULARITY - null, AccessibilityAction: ACTION_PREVIOUS_AT_MOVEMENT_GRANULARITY - null, AccessibilityAction: ACTION_SET_SELECTION - null, AccessibilityAction: ACTION_SHOW_ON_SCREEN - null]
09-28 09:56:47.381  4081  4370 D XMLdumper: Skipping invisible child: android.view.accessibility.AccessibilityNodeInfo@8000d3de; boundsInParent: Rect(0, 0 - 168, 168); boundsInScreen: Rect(864, 120 - 1032, 288); packageName: com.android.systemui; className: android.widget.ImageView; text: null; error: null; maxTextLength: -1; contentDescription: Dismiss Gmail.; viewIdResName: com.android.systemui:id/dismiss_task; checkable: false; checked: false; focusable: false; focused: false; selected: false; clickable: false; longClickable: false; contextClickable: false; enabled: true; password: false; scrollable: false; actions: [AccessibilityAction: ACTION_SELECT - null, AccessibilityAction: ACTION_CLEAR_SELECTION - null, AccessibilityAction: ACTION_ACCESSIBILITY_FOCUS - null, AccessibilityAction: ACTION_NEXT_AT_MOVEMENT_GRANULARITY - null, AccessibilityAction: ACTION_PREVIOUS_AT_MOVEMENT_GRANULARITY - null, AccessibilityAction: ACTION_SET_SELECTION - null, AccessibilityAction: ACTION_SHOW_ON_SCREEN - null]
09-28 09:56:47.381  4081  4370 D XMLdumper: Skipping invisible child: android.view.accessibility.AccessibilityNodeInfo@8000d01d; boundsInParent: Rect(0, 0 - 168, 168); boundsInScreen: Rect(864, 142 - 1032, 310); packageName: com.android.systemui; className: android.widget.ImageView; text: null; error: null; maxTextLength: -1; contentDescription: Dismiss Gmail.; viewIdResName: com.android.systemui:id/dismiss_task; checkable: false; checked: false; focusable: false; focused: false; selected: false; clickable: false; longClickable: false; contextClickable: false; enabled: true; password: false; scrollable: false; actions: [AccessibilityAction: ACTION_SELECT - null, AccessibilityAction: ACTION_CLEAR_SELECTION - null, AccessibilityAction: ACTION_ACCESSIBILITY_FOCUS - null, AccessibilityAction: ACTION_NEXT_AT_MOVEMENT_GRANULARITY - null, AccessibilityAction: ACTION_PREVIOUS_AT_MOVEMENT_GRANULARITY - null, AccessibilityAction: ACTION_SET_SELECTION - null, AccessibilityAction: ACTION_SHOW_ON_SCREEN - null]
09-28 09:56:47.382  4081  4370 D XMLdumper: Skipping invisible child: android.view.accessibility.AccessibilityNodeInfo@80024b42; boundsInParent: Rect(0, 0 - 168, 168); boundsInScreen: Rect(864, 205 - 1032, 373); packageName: com.android.systemui; className: android.widget.ImageView; text: null; error: null; maxTextLength: -1; contentDescription: Dismiss Gmail.; viewIdResName: com.android.systemui:id/dismiss_task; checkable: false; checked: false; focusable: false; focused: false; selected: false; clickable: false; longClickable: false; contextClickable: false; enabled: true; password: false; scrollable: false; actions: [AccessibilityAction: ACTION_SELECT - null, AccessibilityAction: ACTION_CLEAR_SELECTION - null, AccessibilityAction: ACTION_ACCESSIBILITY_FOCUS - null, AccessibilityAction: ACTION_NEXT_AT_MOVEMENT_GRANULARITY - null, AccessibilityAction: ACTION_PREVIOUS_AT_MOVEMENT_GRANULARITY - null, AccessibilityAction: ACTION_SET_SELECTION - null, AccessibilityAction: ACTION_SHOW_ON_SCREEN - null]
09-28 09:56:47.383  4081  4370 D XMLdumper: Skipping invisible child: android.view.accessibility.AccessibilityNodeInfo@80017549; boundsInParent: Rect(0, 0 - 168, 168); boundsInScreen: Rect(864, 503 - 1032, 671); packageName: com.android.systemui; className: android.widget.ImageView; text: null; error: null; maxTextLength: -1; contentDescription: Dismiss AppFuzzer.; viewIdResName: com.android.systemui:id/dismiss_task; checkable: false; checked: false; focusable: false; focused: false; selected: false; clickable: false; longClickable: false; contextClickable: false; enabled: true; password: false; scrollable: false; actions: [AccessibilityAction: ACTION_SELECT - null, AccessibilityAction: ACTION_CLEAR_SELECTION - null, AccessibilityAction: ACTION_ACCESSIBILITY_FOCUS - null, AccessibilityAction: ACTION_NEXT_AT_MOVEMENT_GRANULARITY - null, AccessibilityAction: ACTION_PREVIOUS_AT_MOVEMENT_GRANULARITY - null, AccessibilityAction: ACTION_SET_SELECTION - null, AccessibilityAction: ACTION_SHOW_ON_SCREEN - null]
09-28 09:56:47.383  4081  4370 D XMLdumper: Skipping invisible child: android.view.accessibility.AccessibilityNodeInfo@80026589; boundsInParent: Rect(0, 0 - 168, 168); boundsInScreen: Rect(864, 1536 - 1032, 1704); packageName: com.android.systemui; className: android.widget.ImageView; text: null; error: null; maxTextLength: -1; contentDescription: Dismiss /system/app mover.; viewIdResName: com.android.systemui:id/dismiss_task; checkable: false; checked: false; focusable: false; focused: false; selected: false; clickable: false; longClickable: false; contextClickable: false; enabled: true; password: false; scrollable: false; actions: [AccessibilityAction: ACTION_SELECT - null, AccessibilityAction: ACTION_CLEAR_SELECTION - null, AccessibilityAction: ACTION_ACCESSIBILITY_FOCUS - null, AccessibilityAction: ACTION_NEXT_AT_MOVEMENT_GRANULARITY - null, AccessibilityAction: ACTION_PREVIOUS_AT_MOVEMENT_GRANULARITY - null, AccessibilityAction: ACTION_SET_SELECTION - null, AccessibilityAction: ACTION_SHOW_ON_SCREEN - null]
09-28 09:56:47.383  4081  4370 D XMLdumper: Cleaning up.
09-28 09:56:47.383  4081  4370 V XMLdumper: setSource called, old: Timer; new: 
09-28 09:56:47.384  4081  4370 D MyTimerTask_1: Starting new timer
09-28 09:56:47.384  4081  4370 V MyTimerTask_1: Unlocked.
--------- beginning of system
09-28 09:56:47.573  4081  4081 W ViewRootImpl[MainActivity]: Dropping event due to no window focus: KeyEvent { action=ACTION_DOWN, keyCode=KEYCODE_BACK, scanCode=0, metaState=0, flags=0x8, repeatCount=0, eventTime=75275157, downTime=75275157, deviceId=-1, source=0x101 }
09-28 09:56:47.574  4081  4081 W ViewRootImpl[MainActivity]: Cancelling event due to no window focus: KeyEvent { action=ACTION_UP, keyCode=KEYCODE_BACK, scanCode=0, metaState=0, flags=0x28, repeatCount=0, eventTime=75275157, downTime=75275157, deviceId=-1, source=0x101 }
09-28 09:56:47.574  4081  4081 W ViewRootImpl[MainActivity]: Cancelling event due to no window focus: KeyEvent { action=ACTION_UP, keyCode=KEYCODE_BACK, scanCode=0, metaState=0, flags=0x28, repeatCount=0, eventTime=75275157, downTime=75275157, deviceId=-1, source=0x101 }
09-28 09:56:47.574  4081  4081 W ViewRootImpl[MainActivity]: Cancelling event due to no window focus: KeyEvent { action=ACTION_UP, keyCode=KEYCODE_BACK, scanCode=0, metaState=0, flags=0x28, repeatCount=0, eventTime=75275157, downTime=75275157, deviceId=-1, source=0x101 }
09-28 09:56:47.574  4081  4081 W ViewRootImpl[MainActivity]: Cancelling event due to no window focus: KeyEvent { action=ACTION_UP, keyCode=KEYCODE_BACK, scanCode=0, metaState=0, flags=0x28, repeatCount=0, eventTime=75275157, downTime=75275157, deviceId=-1, source=0x101 }
09-28 09:56:47.575  4081  4081 W ViewRootImpl[MainActivity]: Cancelling event due to no window focus: KeyEvent { action=ACTION_UP, keyCode=KEYCODE_BACK, scanCode=0, metaState=0, flags=0x28, repeatCount=0, eventTime=75275157, downTime=75275157, deviceId=-1, source=0x101 }
09-28 09:56:47.575  4081  4081 W ViewRootImpl[MainActivity]: Cancelling event due to no window focus: KeyEvent { action=ACTION_UP, keyCode=KEYCODE_BACK, scanCode=0, metaState=0, flags=0x28, repeatCount=0, eventTime=75275157, downTime=75275157, deviceId=-1, source=0x101 }
09-28 09:56:47.575  4081  4081 W ViewRootImpl[MainActivity]: Cancelling event due to no window focus: KeyEvent { action=ACTION_UP, keyCode=KEYCODE_BACK, scanCode=0, metaState=0, flags=0x28, repeatCount=0, eventTime=75275157, downTime=75275157, deviceId=-1, source=0x101 }
09-28 09:56:47.575  4081  4081 W ViewRootImpl[MainActivity]: Cancelling event due to no window focus: KeyEvent { action=ACTION_UP, keyCode=KEYCODE_BACK, scanCode=0, metaState=0, flags=0x28, repeatCount=0, eventTime=75275157, downTime=75275157, deviceId=-1, source=0x101 }
09-28 09:56:47.575  4081  4081 W ViewRootImpl[MainActivity]: Cancelling event due to no window focus: KeyEvent { action=ACTION_UP, keyCode=KEYCODE_BACK, scanCode=0, metaState=0, flags=0x28, repeatCount=0, eventTime=75275157, downTime=75275157, deviceId=-1, source=0x101 }
09-28 09:56:47.575  4081  4081 I Choreographer: Skipped 46 frames!  The application may be doing too much work on its main thread.
09-28 09:56:47.576  4081  4099 D EGL_emulation: eglMakeCurrent: 0x9ae07e80: ver 2 0 (tinfo 0xa6074890)
09-28 09:56:47.585  4081  4375 D MyTimerTask_1: TimerCallback called.
09-28 09:56:47.585  4081  4375 V MyTimerTask_1: Locking.
09-28 09:56:47.586  4081  4375 W *** RAM availability: 0.6014300354015278
09-28 09:56:47.911  4081  4081 W ViewRootImpl[MainActivity]: Dropping event due to no window focus: KeyEvent { action=ACTION_DOWN, keyCode=KEYCODE_BACK, scanCode=0, metaState=0, flags=0x8, repeatCount=0, eventTime=75276298, downTime=75276298, deviceId=-1, source=0x101 }
09-28 09:56:47.912  4081  4081 W ViewRootImpl[MainActivity]: Cancelling event due to no window focus: KeyEvent { action=ACTION_UP, keyCode=KEYCODE_BACK, scanCode=0, metaState=0, flags=0x28, repeatCount=0, eventTime=75276298, downTime=75276298, deviceId=-1, source=0x101 }
09-28 09:56:47.912  4081  4081 W ViewRootImpl[MainActivity]: Cancelling event due to no window focus: KeyEvent { action=ACTION_UP, keyCode=KEYCODE_BACK, scanCode=0, metaState=0, flags=0x28, repeatCount=0, eventTime=75276298, downTime=75276298, deviceId=-1, source=0x101 }
09-28 09:56:47.912  4081  4081 W ViewRootImpl[MainActivity]: Cancelling event due to no window focus: KeyEvent { action=ACTION_UP, keyCode=KEYCODE_BACK, scanCode=0, metaState=0, flags=0x28, repeatCount=0, eventTime=75276298, downTime=75276298, deviceId=-1, source=0x101 }
09-28 09:56:47.912  4081  4081 W ViewRootImpl[MainActivity]: Cancelling event due to no window focus: KeyEvent { action=ACTION_UP, keyCode=KEYCODE_BACK, scanCode=0, metaState=0, flags=0x28, repeatCount=0, eventTime=75276298, downTime=75276298, deviceId=-1, source=0x101 }
09-28 09:56:47.912  4081  4081 W ViewRootImpl[MainActivity]: Cancelling event due to no window focus: KeyEvent { action=ACTION_UP, keyCode=KEYCODE_BACK, scanCode=0, metaState=0, flags=0x28, repeatCount=0, eventTime=75276298, downTime=75276298, deviceId=-1, source=0x101 }
09-28 09:56:47.912  4081  4081 W ViewRootImpl[MainActivity]: Cancelling event due to no window focus: KeyEvent { action=ACTION_UP, keyCode=KEYCODE_BACK, scanCode=0, metaState=0, flags=0x28, repeatCount=0, eventTime=75276298, downTime=75276298, deviceId=-1, source=0x101 }
09-28 09:56:47.912  4081  4081 W ViewRootImpl[MainActivity]: Cancelling event due to no window focus: KeyEvent { action=ACTION_UP, keyCode=KEYCODE_BACK, scanCode=0, metaState=0, flags=0x28, repeatCount=0, eventTime=75276298, downTime=75276298, deviceId=-1, source=0x101 }
09-28 09:56:47.912  4081  4081 W ViewRootImpl[MainActivity]: Cancelling event due to no window focus: KeyEvent { action=ACTION_UP, keyCode=KEYCODE_BACK, scanCode=0, metaState=0, flags=0x28, repeatCount=0, eventTime=75276298, downTime=75276298, deviceId=-1, source=0x101 }
09-28 09:56:47.912  4081  4081 W ViewRootImpl[MainActivity]: Cancelling event due to no window focus: KeyEvent { action=ACTION_UP, keyCode=KEYCODE_BACK, scanCode=0, metaState=0, flags=0x28, repeatCount=0, eventTime=75276298, downTime=75276298, deviceId=-1, source=0x101 }
09-28 09:56:48.088  4105  4122 D EGL_emulation: eglMakeCurrent: 0xa15850c0: ver 2 0 (tinfo 0xa1583270)
09-28 09:56:48.127  1313  1328 D gralloc_ranchu: gralloc_alloc: Creating ashmem region of size 663552
09-28 09:56:48.149  4081  4081 I onAccessibilityEvent: ********** New Event received: EventType: TYPE_WINDOW_STATE_CHANGED; EventTime: 75277059; PackageName: com.example.link.appfuzzer; MovementGranularity: 0; Action: 0 [ ClassName: com.example.link.appfuzzer.MainActivity; Text: [AppFuzzer]; ContentDescription: null; ItemCount: -1; CurrentItemIndex: -1; IsEnabled: true; IsPassword: false; IsChecked: false; IsFullScreen: true; Scrollable: false; BeforeText: null; FromIndex: -1; ToIndex: -1; ScrollX: -1; ScrollY: -1; MaxScrollX: -1; MaxScrollY: -1; AddedCount: -1; RemovedCount: -1; ParcelableData: null ]; recordCount: 0
09-28 09:56:48.149  4081  4081 V onAccessibilityEvent: Locking.
09-28 09:56:48.302 20483 20524 I ActivityManager: Displayed com.example.link.appfuzzer/.MainActivity: +2s960ms
09-28 09:56:48.385 20687 20799 D EGL_emulation: eglMakeCurrent: 0xa15853c0: ver 2 0 (tinfo 0xa1583290)
09-28 09:56:49.082 20483 20505 W ActivityManager: Launch timeout has expired, giving up wake lock!
09-28 09:56:52.688  4081  4375 D MyTimerTask_1: Tried to get current_node, but it is null
09-28 09:56:52.913 20483 20642 I InputDispatcher: Application is not responding: AppWindowToken{c6d2d85 token=Token{5797ef ActivityRecord{535fcce u0 com.example.link.appfuzzer/.MainActivity t89}}} - Window{22fc40b u0 com.example.link.appfuzzer/com.example.link.appfuzzer.MainActivity}.  It has been 5883.3ms since event, 5001.4ms since wait started.  Reason: Waiting to send key event because the focused window has not finished processing all of the input events that were previously delivered to it.  Outbound queue length: 0.  Wait queue length: 1.
09-28 09:56:52.913 21249 21249 I GrammarCompilationSvcCt: #startService for null, APP_NAMES.
09-28 09:56:52.915 20483 20642 I WindowManager: Input event dispatching timed out sending to com.example.link.appfuzzer/com.example.link.appfuzzer.MainActivity.  Reason: Waiting to send key event because the focused window has not finished processing all of the input events that were previously delivered to it.  Outbound queue length: 0.  Wait queue length: 1.
09-28 09:56:52.916 21249  4406 I ContextCompilationHandl: Compiling grammar for: en-US, type=APP_NAMES
09-28 09:56:52.918 20483 20642 W InputDispatcher: Asynchronous input event injection timed out.
09-28 09:56:52.922 21249  4406 I ContextCompilationHandl: No grammar compilation resources for VOICE_ACTIONS_COMPILER, aborting. 
09-28 09:56:52.923 20483 20505 I Process : Sending signal. PID: 4081 SIG: 3
09-28 09:56:52.923  4081  4087 I art     : Thread[3,tid=4087,WaitingInMainSignalCatcherLoop,Thread*=0x9cdbfe00,peer=0x12c85280,"Signal Catcher"]: reacting to signal 3
09-28 09:56:52.923  4081  4087 I art     : 
09-28 09:56:52.952  4081  4087 I art     : Wrote stack traces to '/data/anr/traces.txt'
09-28 09:56:52.952 20483 20505 I Process : Sending signal. PID: 20483 SIG: 3
09-28 09:56:52.953 20483 20486 I art     : Thread[2,tid=20486,WaitingInMainSignalCatcherLoop,Thread*=0xa1589000,peer=0x12c010d0,"Signal Catcher"]: reacting to signal 3
09-28 09:56:52.953 20483 20486 I art     : 
09-28 09:56:53.067 20483 20486 I art     : Wrote stack traces to '/data/anr/traces.txt'
09-28 09:56:53.068 20483 20505 I Process : Sending signal. PID: 20813 SIG: 3
09-28 09:56:53.068 20813 20821 I art     : Thread[3,tid=20821,WaitingInMainSignalCatcherLoop,Thread*=0x9cdbfe00,peer=0x12c00a60,"Signal Catcher"]: reacting to signal 3
09-28 09:56:53.068 20813 20821 I art     : 
09-28 09:56:53.088 20813 20821 I art     : Wrote stack traces to '/data/anr/traces.txt'
09-28 09:56:53.088 20483 20505 I Process : Sending signal. PID: 20687 SIG: 3
09-28 09:56:53.088 20687 20694 I art     : Thread[3,tid=20694,WaitingInMainSignalCatcherLoop,Thread*=0x9cdbfe00,peer=0x12c005e0,"Signal Catcher"]: reacting to signal 3
09-28 09:56:53.088 20687 20694 I art     : 
09-28 09:56:53.113 20687 20694 I art     : Wrote stack traces to '/data/anr/traces.txt'
09-28 09:56:53.114 20330 20330 W         : debuggerd: handling request: pid=1313 uid=1000 gid=1003 tid=1313
09-28 09:56:53.124 20330 20330 W         : debuggerd: resuming target 1313
09-28 09:56:53.124 20330 20330 W         : debuggerd: handling request: pid=1383 uid=1019 gid=1019 tid=1383
09-28 09:56:53.127 20330 20330 W         : debuggerd: resuming target 1383
09-28 09:56:53.127 20330 20330 W         : debuggerd: handling request: pid=1386 uid=1046 gid=1006 tid=1386
09-28 09:56:53.133 20330 20330 W         : debuggerd: resuming target 1386
09-28 09:56:53.133 20330 20330 W         : debuggerd: handling request: pid=1387 uid=1013 gid=1031 tid=1387
09-28 09:56:53.137 20330 20330 W         : debuggerd: resuming target 1387
09-28 09:56:53.137 20330 20330 W         : debuggerd: handling request: pid=1388 uid=1040 gid=1026 tid=1388
09-28 09:56:53.143 20330 20330 W         : debuggerd: resuming target 1388
09-28 09:56:53.143 20330 20330 W         : debuggerd: handling request: pid=20359 uid=1013 gid=1005 tid=20359
09-28 09:56:53.148 20330 20330 W         : debuggerd: resuming target 20359
09-28 09:56:53.149 20330 20330 W         : debuggerd: handling request: pid=20360 uid=1041 gid=1005 tid=20360
09-28 09:56:53.191 20330 20330 W         : debuggerd: resuming target 20360
09-28 09:56:53.191 20330 20330 W         : debuggerd: handling request: pid=20361 uid=1047 gid=1005 tid=20361
09-28 09:56:53.195 20330 20330 W         : debuggerd: resuming target 20361
09-28 09:56:53.195 20330 20330 W         : debuggerd: handling request: pid=20764 uid=1023 gid=1023 tid=20764
09-28 09:56:53.198 20330 20330 W         : debuggerd: resuming target 20764
09-28 09:56:53.198 20330 20330 W         : debuggerd: handling request: pid=20798 uid=1023 gid=1023 tid=20798
09-28 09:56:53.201 20330 20330 W         : debuggerd: resuming target 20798
09-28 09:56:53.632 21249 21249 I GrammarCompilationSvcCt: #startService for null, APP_NAMES.
09-28 09:56:53.636 21249  4417 I ContextCompilationHandl: Compiling grammar for: en-US, type=APP_NAMES
09-28 09:56:53.636 21249  4417 I ContextCompilationHandl: No grammar compilation resources for VOICE_ACTIONS_COMPILER, aborting. 
09-28 09:56:53.739 20483 20505 I Process : Sending signal. PID: 27279 SIG: 3
09-28 09:56:53.742 27279 27285 I art     : Thread[3,tid=27285,WaitingInMainSignalCatcherLoop,Thread*=0x9cdbfe00,peer=0x12c050d0,"Signal Catcher"]: reacting to signal 3
09-28 09:56:53.743 27279 27285 I art     : 
09-28 09:56:53.776 27279 27285 I art     : Wrote stack traces to '/data/anr/traces.txt'
09-28 09:56:53.776 20483 20505 I Process : Sending signal. PID: 21249 SIG: 3
09-28 09:56:53.776 21249 21255 I art     : Thread[3,tid=21255,WaitingInMainSignalCatcherLoop,Thread*=0x9cdbfe00,peer=0x22c050d0,"Signal Catcher"]: reacting to signal 3
09-28 09:56:53.776 21249 21255 I art     : 
09-28 09:56:53.858 21249 21255 I art     : Wrote stack traces to '/data/anr/traces.txt'
09-28 09:56:53.861 20483 20505 E ActivityManager: ANR in com.example.link.appfuzzer (com.example.link.appfuzzer/.MainActivity)
09-28 09:56:53.861 20483 20505 E ActivityManager: PID: 4081
09-28 09:56:53.861 20483 20505 E ActivityManager: Reason: Input dispatching timed out (Waiting to send key event because the focused window has not finished processing all of the input events that were previously delivered to it.  Outbound queue length: 0.  Wait queue length: 1.)
09-28 09:56:53.861 20483 20505 E ActivityManager: Load: 0.65 / 0.48 / 0.6
09-28 09:56:53.861 20483 20505 E ActivityManager: CPU usage from 153216ms to 0ms ago (2017-09-28 09:54:19.701 to 2017-09-28 09:56:52.917):
09-28 09:56:53.861 20483 20505 E ActivityManager:   12% 20483/system_server: 8.9% user + 3.2% kernel / faults: 108973 minor 29 major
09-28 09:56:53.861 20483 20505 E ActivityManager:   2.9% 1316/adbd: 0.1% user + 2.7% kernel / faults: 43028 minor
09-28 09:56:53.861 20483 20505 E ActivityManager:   2% 21249/com.google.android.googlequicksearchbox:search: 1.4% user + 0.5% kernel / faults: 21600 minor 44 major
09-28 09:56:53.861 20483 20505 E ActivityManager:   1.8% 20687/com.android.systemui: 1.1% user + 0.6% kernel / faults: 17406 minor 17 major
09-28 09:56:53.861 20483 20505 E ActivityManager:   1.5% 20360/audioserver: 0.3% user + 1.2% kernel / faults: 87 minor
09-28 09:56:53.861 20483 20505 E ActivityManager:   0.1% 24361/system:ui: 0% user + 0% kernel / faults: 80735 minor 3 major
09-28 09:56:53.861 20483 20505 E ActivityManager:   1.3% 21082/com.google.android.gms.persistent: 1.1% user + 0.2% kernel / faults: 4075 minor 3 major
09-28 09:56:53.861 20483 20505 E ActivityManager:   0.9% 21357/com.google.android.gms: 0.7% user + 0.2% kernel / faults: 19167 minor 18 major
09-28 09:56:53.861 20483 20505 E ActivityManager:   0.7% 21167/com.google.android.apps.nexuslauncher: 0.4% user + 0.2% kernel / faults: 7839 minor 9 major
09-28 09:56:53.861 20483 20505 E ActivityManager:   0.6% 8/rcu_preempt: 0% user + 0.6% kernel
09-28 09:56:53.861 20483 20505 E ActivityManager:   0.4% 1260/logd: 0.1% user + 0.3% kernel / faults: 180 minor
09-28 09:56:53.861 20483 20505 E ActivityManager:   0.3% 1140/kworker/u5:0: 0% user + 0.3% kernel
09-28 09:56:53.861 20483 20505 E ActivityManager:   0% 25996/com.google.android.gm: 0% user + 0% kernel / faults: 4510 minor 47 major
09-28 09:56:53.861 20483 20505 E ActivityManager:   0.3% 23274/kworker/u5:2: 0% user + 0.3% kernel
09-28 09:56:53.861 20483 20505 E ActivityManager:   0.2% 20813/com.android.phone: 0.1% user + 0% kernel / faults: 310 minor
09-28 09:56:53.861 20483 20505 E ActivityManager:   0.1% 697/kworker/u5:1: 0% user + 0.1% kernel
09-28 09:56:53.861 20483 20505 E ActivityManager:   0.1% 1365/dmcrypt_write: 0% user + 0.1% kernel
09-28 09:56:53.861 20483 20505 E ActivityManager:   0.1% 3/ksoftirqd/0: 0% user + 0.1% kernel
09-28 09:56:53.861 20483 20505 E ActivityManager:   0.1% 12/ksoftirqd/1: 0% user + 0.1% kernel
09-28 09:56:53.861 20483 20505 E ActivityManager:   0.1% 564/kswapd0: 0% user + 0.1% kernel
09-28 09:56:53.861 20483 20505 E ActivityManager:   0% 1311/lmkd: 0% user + 0% kernel
09-28 09:56:53.861 20483 20505 E ActivityManager:   0% 26063/com.google.android.gms.feedback: 0% user + 0% kernel / faults: 1720 minor 27 major
09-28 09:56:53.861 20483 20505 E ActivityManager:   0% 27279/com.google.android.packageinstaller: 0% user + 0% kernel / faults: 193 minor
09-28 09:56:53.861 20483 20505 E ActivityManager:   0% 11/migration/1: 0% user + 0% kernel
09-28 09:56:53.861 20483 20505 E ActivityManager:   0% 1374/jbd2/dm-0-8: 0% user + 0% kernel
09-28 09:56:53.861 20483 20505 E ActivityManager:   0% 23796/com.android.defcontainer: 0% user + 0% kernel / faults: 952 minor
09-28 09:56:53.861 20483 20505 E ActivityManager:   0% 20358/zygote: 0% user + 0% kernel / faults: 1959 minor
09-28 09:56:53.861 20483 20505 E ActivityManager:   0% 22498/com.android.printspooler: 0% user + 0% kernel / faults: 887 minor
09-28 09:56:53.861 20483 20505 E ActivityManager:   0% 7/migration/0: 0% user + 0% kernel
09-28 09:56:53.861 20483 20505 E ActivityManager:   0% 1468/dhcpclient: 0% user + 0% kernel
09-28 09:56:53.861 20483 20505 E ActivityManager:   0% 20673/com.android.inputmethod.latin: 0% user + 0% kernel / faults: 110 minor
09-28 09:56:53.861 20483 20505 E ActivityManager:   0% 1248/kworker/0:1H: 0% user + 0% kernel
09-28 09:56:53.861 20483 20505 E ActivityManager:   0% 1312/servicemanager: 0% user + 0% kernel
09-28 09:56:53.861 20483 20505 E ActivityManager:   0% 1686/kworker/1:2: 0% user + 0% kernel
09-28 09:56:53.861 20483 20505 E ActivityManager:   0% 24045/com.android.documentsui: 0% user + 0% kernel / faults: 308 minor
09-28 09:56:53.861 20483 20505 E ActivityManager:   0% 20353/kworker/u4:1: 0% user + 0% kernel
09-28 09:56:53.861 20483 20505 E ActivityManager:   0% 22578/android.process.acore: 0% user + 0% kernel / faults: 199 minor 1 major
09-28 09:56:53.861 20483 20505 E ActivityManager:   0% 1247/kworker/1:1H: 0% user + 0% kernel
09-28 09:56:53.861 20483 20505 E ActivityManager:   0% 1384/installd: 0% user + 0% kernel / faults: 179 minor
09-28 09:56:53.861 20483 20505 E ActivityManager:   0% 20355/kworker/0:1: 0% user + 0% kernel
09-28 09:56:53.861 20483 20505 E ActivityManager:   0% 20362/netd: 0% user + 0% kernel / faults: 283 minor 1 major
09-28 09:56:53.861 20483 20505 E ActivityManager:   0% 23815/com.android.gallery3d: 0% user + 0% kernel / faults: 244 minor
09-28 09:56:53.861 20483 20505 E ActivityManager:   0% 1393/fingerprintd: 0% user + 0% kernel
09-28 09:56:53.861 20483 20505 E ActivityManager:   0% 21215/com.google.process.gapps: 0% user + 0% kernel / faults: 265 minor
09-28 09:56:53.861 20483 20505 E ActivityManager:   0% 23833/com.google.android.apps.docs: 0% user + 0% kernel / faults: 12 minor
09-28 09:56:53.861 20483 20505 E ActivityManager:   0% 23984/com.android.keychain: 0% user + 0% kernel / faults: 127 minor
09-28 09:56:53.861 20483 20505 E ActivityManager:   0% 6/kworker/u4:0: 0% user + 0% kernel
09-28 09:56:53.861 20483 20505 E ActivityManager:   0% 1385/keystore: 0% user + 0% kernel / faults: 15 minor 2 major
09-28 09:56:53.861 20483 20505 E ActivityManager:   0% 1391/rild: 0% user + 0% kernel
09-28 09:56:53.861 20483 20505 E ActivityManager:   0% 20361/cameraserver: 0% user + 0% kernel
09-28 09:56:53.861 20483 20505 E ActivityManager:   0% 21184/android.process.media: 0% user + 0% kernel / faults: 27 minor
09-28 09:56:53.861 20483 20505 E ActivityManager:   0% 21365/com.google.android.partnersetup: 0% user + 0% kernel / faults: 149 minor
09-28 09:56:53.861 20483 20505 E ActivityManager:  +0% 2614/sh: 0% user + 0% kernel
09-28 09:56:53.861 20483 20505 E ActivityManager:  +0% 4081/com.example.link.appfuzzer: 0% user + 0% kernel
09-28 09:56:53.861 20483 20505 E ActivityManager:  +0% 4105/de.j4velin.systemappmover: 0% user + 0% kernel
09-28 09:56:53.861 20483 20505 E ActivityManager: 21% TOTAL: 12% user + 8.2% kernel + 0.5% iowait + 0.8% softirq
09-28 09:56:53.861 20483 20505 E ActivityManager: CPU usage from 313ms to 816ms later (2017-09-28 09:56:53.231 to 2017-09-28 09:56:53.734):
09-28 09:56:53.861 20483 20505 E ActivityManager:   7.8% 27279/c
09-28 09:56:53.880 20483 20506 W ViewRootImpl[appfuzzer]: Dropping event due to no window focus: KeyEvent { action=ACTION_DOWN, keyCode=KEYCODE_BACK, scanCode=0, metaState=0, flags=0x8, repeatCount=0, eventTime=75276955, downTime=75276955, deviceId=-1, source=0x101 }
09-28 09:56:53.880 20483 20506 W ViewRootImpl[appfuzzer]: Cancelling event due to no window focus: KeyEvent { action=ACTION_UP, keyCode=KEYCODE_BACK, scanCode=0, metaState=0, flags=0x28, repeatCount=0, eventTime=75276955, downTime=75276955, deviceId=-1, source=0x101 }
09-28 09:56:53.880 20483 20506 W ViewRootImpl[appfuzzer]: Cancelling event due to no window focus: KeyEvent { action=ACTION_UP, keyCode=KEYCODE_BACK, scanCode=0, metaState=0, flags=0x28, repeatCount=0, eventTime=75276955, downTime=75276955, deviceId=-1, source=0x101 }
09-28 09:56:53.880 20483 20506 W ViewRootImpl[appfuzzer]: Cancelling event due to no window focus: KeyEvent { action=ACTION_UP, keyCode=KEYCODE_BACK, scanCode=0, metaState=0, flags=0x28, repeatCount=0, eventTime=75276955, downTime=75276955, deviceId=-1, source=0x101 }
09-28 09:56:53.880 20483 20506 W ViewRootImpl[appfuzzer]: Cancelling event due to no window focus: KeyEvent { action=ACTION_UP, keyCode=KEYCODE_BACK, scanCode=0, metaState=0, flags=0x28, repeatCount=0, eventTime=75276955, downTime=75276955, deviceId=-1, source=0x101 }
09-28 09:56:53.880 20483 20506 W ViewRootImpl[appfuzzer]: Cancelling event due to no window focus: KeyEvent { action=ACTION_UP, keyCode=KEYCODE_BACK, scanCode=0, metaState=0, flags=0x28, repeatCount=0, eventTime=75276955, downTime=75276955, deviceId=-1, source=0x101 }
09-28 09:56:53.880 20483 20506 W ViewRootImpl[appfuzzer]: Cancelling event due to no window focus: KeyEvent { action=ACTION_UP, keyCode=KEYCODE_BACK, scanCode=0, metaState=0, flags=0x28, repeatCount=0, eventTime=75276955, downTime=75276955, deviceId=-1, source=0x101 }
09-28 09:56:53.922 20483 25352 I OpenGLRenderer: Initialized EGL, version 1.4
09-28 09:56:53.922 20483 25352 D OpenGLRenderer: Swap behavior 1
09-28 09:56:53.942 20483 25352 D EGL_emulation: eglCreateContext: 0x88fa1360: maj 2 min 0 rcv 2
09-28 09:56:53.979 20483 25352 D EGL_emulation: eglMakeCurrent: 0x88fa1360: ver 2 0 (tinfo 0x88fa40d0)
09-28 09:56:54.035 20483 25352 D EGL_emulation: eglMakeCurrent: 0x88fa1360: ver 2 0 (tinfo 0x88fa40d0)
09-28 09:56:54.617 20483 20506 I Choreographer: Skipped 36 frames!  The application may be doing too much work on its main thread.
09-28 09:56:57.740  4081  4375 W MyTimerTask_1: Could not find current_node, and previous_node is also null. Opening app overview now.
09-28 09:56:57.740  4081  4081 W *** RAM availability: 0.5973464381094342
09-28 09:56:57.740  4081  4081 D MyTimerTask_1: Canceled timer.
09-28 09:56:57.740  4081  4081 I onAccessibilityEvent: Current rep: 1, Current set: 3
09-28 09:56:57.740  4081  4081 I onAccessibilityEvent: CURRENT_STEP is now 1
09-28 09:56:57.741  4081  4081 W XMLdumper: startFile called, but a file is already being processed
09-28 09:56:57.741  4081  4081 V XMLdumper: setSource called, old: ; new: Accessibility
09-28 09:56:57.741  4081  4081 D MyTimerTask_1: Canceled timer.
09-28 09:56:57.741  4081  4081 I MyTimerTask_1: Started MyTimerTask:injectEventCaller with node android.view.accessibility.AccessibilityNodeInfo@8000b21e; boundsInParent: Rect(0, 0 - 1080, 1920); boundsInScreen: Rect(0, 0 - 1080, 1920); packageName: com.example.link.appfuzzer; className: android.widget.FrameLayout; text: null; error: null; maxTextLength: -1; contentDescription: null; viewIdResName: null; checkable: false; checked: false; focusable: false; focused: false; selected: false; clickable: false; longClickable: false; contextClickable: false; enabled: true; password: false; scrollable: false; actions: [AccessibilityAction: ACTION_SELECT - null, AccessibilityAction: ACTION_CLEAR_SELECTION - null, AccessibilityAction: ACTION_ACCESSIBILITY_FOCUS - null, AccessibilityAction: ACTION_SHOW_ON_SCREEN - null]
09-28 09:56:57.741  4081  4081 D EventInjector_1: Started EventInjector.inject
09-28 09:56:57.741  4081  4081 D EventInjector_1: Discarded package com.example.link.appfuzzer as it does not equal de.j4velin.systemappmover
09-28 09:56:57.741  4081  4081 V XMLdumper: writeEvent called with Accessibility, 30, Back
09-28 09:56:57.741  4081  4375 V MyTimerTask_1: Unlocked.
09-28 09:56:57.741  4081  4375 W System.err: java.lang.IllegalMonitorStateException
09-28 09:56:57.741  4081  4375 W System.err: 	at java.util.concurrent.locks.ReentrantLock$Sync.tryRelease(ReentrantLock.java:126)
09-28 09:56:57.741  4081  4375 W System.err: 	at java.util.concurrent.locks.AbstractQueuedSynchronizer.release(AbstractQueuedSynchronizer.java:1260)
09-28 09:56:57.741  4081  4081 D XMLdumper: Null child 0/3, parent: android.view.accessibility.AccessibilityNodeInfo@8000b21e; boundsInParent: Rect(0, 0 - 1080, 1920); boundsInScreen: Rect(0, 0 - 1080, 1920); packageName: com.example.link.appfuzzer; className: android.widget.FrameLayout; text: null; error: null; maxTextLength: -1; contentDescription: null; viewIdResName: null; checkable: false; checked: false; focusable: false; focused: false; selected: false; clickable: false; longClickable: false; contextClickable: false; enabled: true; password: false; scrollable: false; actions: [AccessibilityAction: ACTION_SELECT - null, AccessibilityAction: ACTION_CLEAR_SELECTION - null, AccessibilityAction: ACTION_ACCESSIBILITY_FOCUS - null, AccessibilityAction: ACTION_SHOW_ON_SCREEN - null]
09-28 09:56:57.742  4081  4081 D XMLdumper: Null child 1/3, parent: android.view.accessibility.AccessibilityNodeInfo@8000b21e; boundsInParent: Rect(0, 0 - 1080, 1920); boundsInScreen: Rect(0, 0 - 1080, 1920); packageName: com.example.link.appfuzzer; className: android.widget.FrameLayout; text: null; error: null; maxTextLength: -1; contentDescription: null; viewIdResName: null; checkable: false; checked: false; focusable: false; focused: false; selected: false; clickable: false; longClickable: false; contextClickable: false; enabled: true; password: false; scrollable: false; actions: [AccessibilityAction: ACTION_SELECT - null, AccessibilityAction: ACTION_CLEAR_SELECTION - null, AccessibilityAction: ACTION_ACCESSIBILITY_FOCUS - null, AccessibilityAction: ACTION_SHOW_ON_SCREEN - null]
09-28 09:56:57.742  4081  4081 D XMLdumper: Null child 2/3, parent: android.view.accessibility.AccessibilityNodeInfo@8000b21e; boundsInParent: Rect(0, 0 - 1080, 1920); boundsInScreen: Rect(0, 0 - 1080, 1920); packageName: com.example.link.appfuzzer; className: android.widget.FrameLayout; text: null; error: null; maxTextLength: -1; contentDescription: null; viewIdResName: null; checkable: false; checked: false; focusable: false; focused: false; selected: false; clickable: false; longClickable: false; contextClickable: false; enabled: true; password: false; scrollable: false; actions: [AccessibilityAction: ACTION_SELECT - null, AccessibilityAction: ACTION_CLEAR_SELECTION - null, AccessibilityAction: ACTION_ACCESSIBILITY_FOCUS - null, AccessibilityAction: ACTION_SHOW_ON_SCREEN - null]
09-28 09:56:57.742  4081  4081 D XMLdumper: Cleaning up.
09-28 09:56:57.742  4081  4081 V XMLdumper: setSource called, old: Accessibility; new: 
09-28 09:56:57.742  4081  4081 D MyTimerTask_1: Starting new timer
09-28 09:56:57.742  4081  4375 W System.err: 	at java.util.concurrent.locks.ReentrantLock.unlock(ReentrantLock.java:434)
09-28 09:56:57.742  4081  4375 W System.err: 	at com.example.link.appfuzzer.MyTimerTask.run(MyTimerTask.java:126)
09-28 09:56:57.742  4081  4375 W System.err: 	at java.util.TimerThread.mainLoop(Timer.java:555)
09-28 09:56:57.742  4081  4375 W System.err: 	at java.util.TimerThread.run(Timer.java:505)
09-28 09:56:57.743  4081  4081 V onAccessibilityEvent: Unlocked.
09-28 09:56:57.743  4081  4081 I Choreographer: Skipped 609 frames!  The application may be doing too much work on its main thread.
09-28 09:56:57.743 20483 20642 I InputDispatcher: Window 'Window{22fc40b u0 com.example.link.appfuzzer/com.example.link.appfuzzer.MainActivity}' spent 9831.3ms processing the last input event: KeyEvent(deviceId=-1, source=0x00000101, action=0, flags=0x00000008, keyCode=4, scanCode=0, metaState=0x00000000, repeatCount=0), policyFlags=0x6b000000
09-28 09:56:57.751 20483 20631 I ActivityManager: START u0 {flg=0x10804000 cmp=com.android.systemui/.recents.RecentsActivity} from uid 10028 on display 0
09-28 09:56:57.870  1313  1339 D gralloc_ranchu: gralloc_alloc: Creating ashmem region of size 2650112
09-28 09:56:57.873  1313  1313 E EGL_emulation: tid 1313: eglCreateSyncKHR(1881): error 0x3004 (EGL_BAD_ATTRIBUTE)
09-28 09:56:57.912 20483 20642 I InputDispatcher: Window 'Window{22fc40b u0 com.example.link.appfuzzer/com.example.link.appfuzzer.MainActivity}' spent 4994.6ms processing the last input event: KeyEvent(deviceId=-1, source=0x00000101, action=1, flags=0x00000028, keyCode=4, scanCode=0, metaState=0x00000000, repeatCount=0), policyFlags=0x6b000000
09-28 09:56:57.917  4081  4081 I onAccessibilityEvent: ********** New Event received: EventType: TYPE_WINDOW_STATE_CHANGED; EventTime: 75283543; PackageName: android; MovementGranularity: 0; Action: 0 [ ClassName: com.android.server.am.AppNotRespondingDialog; Text: [AppFuzzer isn't responding, Close app, Wait]; ContentDescription: null; ItemCount: -1; CurrentItemIndex: -1; IsEnabled: true; IsPassword: false; IsChecked: false; IsFullScreen: false; Scrollable: false; BeforeText: null; FromIndex: -1; ToIndex: -1; ScrollX: -1; ScrollY: -1; MaxScrollX: -1; MaxScrollY: -1; AddedCount: -1; RemovedCount: -1; ParcelableData: null ]; recordCount: 0
09-28 09:56:57.918  4081  4081 V onAccessibilityEvent: Locking.
09-28 09:56:57.918  4081  4081 W *** RAM availability: 0.5952037140550276
09-28 09:56:57.918  4081  4081 D MyTimerTask_1: Canceled timer.
09-28 09:56:57.918  4081  4081 D MyTimerTask_1: Canceled timer.
09-28 09:56:57.918  4081  4081 I onAccessibilityEvent: Current rep: 2, Current set: 3
09-28 09:56:57.918  4081  4081 I onAccessibilityEvent: CURRENT_STEP is now 2
09-28 09:56:57.918  4081  4081 W XMLdumper: startFile called, but a file is already being processed
09-28 09:56:57.918  4081  4081 V XMLdumper: setSource called, old: ; new: Accessibility
09-28 09:56:57.918  4081  4081 D MyTimerTask_1: Canceled timer.
09-28 09:56:57.919  4081  4081 I MyTimerTask_1: Started MyTimerTask:injectEventCaller with node android.view.accessibility.AccessibilityNodeInfo@8004a3ec; boundsInParent: Rect(0, 0 - 1026, 580); boundsInScreen: Rect(27, 634 - 1053, 1214); packageName: android; className: android.widget.FrameLayout; text: null; error: null; maxTextLength: -1; contentDescription: null; viewIdResName: null; checkable: false; checked: false; focusable: false; focused: false; selected: false; clickable: false; longClickable: false; contextClickable: false; enabled: true; password: false; scrollable: false; actions: [AccessibilityAction: ACTION_SELECT - null, AccessibilityAction: ACTION_CLEAR_SELECTION - null, AccessibilityAction: ACTION_ACCESSIBILITY_FOCUS - null, AccessibilityAction: ACTION_SHOW_ON_SCREEN - null]
09-28 09:56:57.919  4081  4081 D EventInjector_1: Started EventInjector.inject
09-28 09:56:57.926  4081  4081 W EventInjector_1: Uninstall popup does not have exactly one 'OK' button (it is 0).
09-28 09:56:57.926  4081  4081 W EventInjector_1: Full screen notification popup does not have exactly one 'Got it' button (it is 0).
09-28 09:56:57.927  4081  4081 V XMLdumper: writeEvent called with Accessibility, 31, Click
09-28 09:56:57.927  4081  4081 D XMLdumper: Cleaning up.
09-28 09:56:57.927  4081  4081 V XMLdumper: setSource called, old: Accessibility; new: 
09-28 09:56:57.928  4081  4081 D MyTimerTask_1: Starting new timer
09-28 09:56:57.929  4081  4081 V onAccessibilityEvent: Unlocked.
09-28 09:56:57.930 20360 20373 W audio_hw_generic: Not supplying enough data to HAL, expected position 6169761 , only wrote 6169680
09-28 09:56:58.065 20483 20505 W art     : Long monitor contention with owner Binder:20483_4 (20631) at int com.android.server.am.ActivityStarter.startActivityMayWait(android.app.IApplicationThread, int, java.lang.String, android.content.Intent, java.lang.String, android.service.voice.IVoiceInteractionSession, com.android.internal.app.IVoiceInteractor, android.os.IBinder, java.lang.String, int, int, android.app.ProfilerInfo, android.app.IActivityManager$WaitResult, android.content.res.Configuration, android.os.Bundle, boolean, int, android.app.IActivityContainer, com.android.server.am.TaskRecord)(ActivityStarter.java:765) waiters=0 in void com.android.server.am.ActivityManagerService$MainHandler.handleMessage(android.os.Message) for 313ms
09-28 09:56:58.066 20483 21164 W art     : Long monitor contention with owner Binder:20483_4 (20631) at int com.android.server.am.ActivityStarter.startActivityMayWait(android.app.IApplicationThread, int, java.lang.String, android.content.Intent, java.lang.String, android.service.voice.IVoiceInteractionSession, com.android.internal.app.IVoiceInteractor, android.os.IBinder, java.lang.String, int, int, android.app.ProfilerInfo, android.app.IActivityManager$WaitResult, android.content.res.Configuration, android.os.Bundle, boolean, int, android.app.IActivityContainer, com.android.server.am.TaskRecord)(ActivityStarter.java:765) waiters=2 in void com.android.server.am.ActivityManagerService.activityIdle(android.os.IBinder, android.content.res.Configuration, boolean) for 138ms
09-28 09:56:58.101 20483 20504 W art     : Long monitor contention with owner Binder:20483_4 (20631) at int com.android.server.am.ActivityStarter.startActivityMayWait(android.app.IApplicationThread, int, java.lang.String, android.content.Intent, java.lang.String, android.service.voice.IVoiceInteractionSession, com.android.internal.app.IVoiceInteractor, android.os.IBinder, java.lang.String, int, int, android.app.ProfilerInfo, android.app.IActivityManager$WaitResult, android.content.res.Configuration, android.os.Bundle, boolean, int, android.app.IActivityContainer, com.android.server.am.TaskRecord)(ActivityStarter.java:765) waiters=3 in void com.android.server.am.ActivityManagerService$3.handleMessage(android.os.Message) for 106ms
09-28 09:56:58.123 20360 20374 D AudioFlinger: mixer(0xb0883580) throttle end: throttle time(1)
09-28 09:56:58.132 20483 25352 D EGL_emulation: eglMakeCurrent: 0x88fa1360: ver 2 0 (tinfo 0x88fa40d0)
09-28 09:56:58.132  4081  4449 D MyTimerTask_1: TimerCallback called.
09-28 09:56:58.132  4081  4449 V MyTimerTask_1: Locking.
09-28 09:56:58.134  4081  4099 D EGL_emulation: eglMakeCurrent: 0x9ae07e80: ver 2 0 (tinfo 0xa6074890)
09-28 09:56:58.134  4081  4449 W *** RAM availability: 0.5993067200794981
09-28 09:56:58.135  4081  4449 D MyTimerTask_1: Tried to get current_node, but it is null
09-28 09:56:58.187  4081  4449 W MyTimerTask_1: Could not find current_node, and previous_node is also null. Opening app overview now.
09-28 09:56:58.187  4081  4449 V MyTimerTask_1: Unlocked.
09-28 09:56:58.187  4081  4449 W System.err: java.lang.IllegalMonitorStateException
09-28 09:56:58.188  4081  4449 W System.err: 	at java.util.concurrent.locks.ReentrantLock$Sync.tryRelease(ReentrantLock.java:126)
09-28 09:56:58.188  4081  4449 W System.err: 	at java.util.concurrent.locks.AbstractQueuedSynchronizer.release(AbstractQueuedSynchronizer.java:1260)
09-28 09:56:58.188  4081  4449 W System.err: 	at java.util.concurrent.locks.ReentrantLock.unlock(ReentrantLock.java:434)
09-28 09:56:58.188  4081  4449 W System.err: 	at com.example.link.appfuzzer.MyTimerTask.run(MyTimerTask.java:126)
09-28 09:56:58.188  4081  4449 W System.err: 	at java.util.TimerThread.mainLoop(Timer.java:555)
09-28 09:56:58.188  4081  4449 W System.err: 	at java.util.TimerThread.run(Timer.java:505)
09-28 09:56:58.445 20483 20499 W art     : Long monitor contention with owner android.display (20524) at void com.android.server.wm.WindowAnimator$1.doFrame(long)(WindowAnimator.java:144) waiters=2 in int com.android.server.wm.WindowManagerService.relayoutWindow(com.android.server.wm.Session, android.view.IWindow, int, android.view.WindowManager$LayoutParams, int, int, int, int, android.graphics.Rect, android.graphics.Rect, android.graphics.Rect, android.graphics.Rect, android.graphics.Rect, android.graphics.Rect, android.graphics.Rect, android.content.res.Configuration, android.view.Surface) for 250ms
09-28 09:56:58.573 20483 21182 W art     : Long monitor contention with owner android.display (20524) at void com.android.server.wm.WindowAnimator$1.doFrame(long)(WindowAnimator.java:144) waiters=2 in int com.android.server.wm.WindowManagerService.relayoutWindow(com.android.server.wm.Session, android.view.IWindow, int, android.view.WindowManager$LayoutParams, int, int, int, int, android.graphics.Rect, android.graphics.Rect, android.graphics.Rect, android.graphics.Rect, android.graphics.Rect, android.graphics.Rect, android.graphics.Rect, android.content.res.Configuration, android.view.Surface) for 196ms
09-28 09:56:58.677 20483 20499 W art     : Long monitor contention with owner android.display (20524) at void com.android.server.wm.WindowAnimator$1.doFrame(long)(WindowAnimator.java:144) waiters=2 in int com.android.server.wm.WindowManagerService.relayoutWindow(com.android.server.wm.Session, android.view.IWindow, int, android.view.WindowManager$LayoutParams, int, int, int, int, android.graphics.Rect, android.graphics.Rect, android.graphics.Rect, android.graphics.Rect, android.graphics.Rect, android.graphics.Rect, android.graphics.Rect, android.content.res.Configuration, android.view.Surface) for 231ms
09-28 09:56:58.916  4081  4081 I onAccessibilityEvent: ********** New Event received: EventType: TYPE_WINDOW_STATE_CHANGED; EventTime: 75288327; PackageName: com.android.systemui; MovementGranularity: 0; Action: 0 [ ClassName: com.android.systemui.recents.RecentsActivity; Text: [Overview.]; ContentDescription: null; ItemCount: -1; CurrentItemIndex: -1; IsEnabled: true; IsPassword: false; IsChecked: false; IsFullScreen: true; Scrollable: false; BeforeText: null; FromIndex: -1; ToIndex: -1; ScrollX: -1; ScrollY: -1; MaxScrollX: -1; MaxScrollY: -1; AddedCount: -1; RemovedCount: -1; ParcelableData: null ]; recordCount: 0
09-28 09:56:58.916  4081  4081 V onAccessibilityEvent: Locking.
09-28 09:56:58.924  4081  4081 W *** RAM availability: 0.6001180050928514
09-28 09:56:58.924  4081  4081 D MyTimerTask_1: Canceled timer.
09-28 09:56:58.924  4081  4081 D MyTimerTask_1: Canceled timer.
09-28 09:56:58.924  4081  4081 I onAccessibilityEvent: Current rep: 3, Current set: 3
09-28 09:56:58.924  4081  4081 I onAccessibilityEvent: CURRENT_STEP is now 3
09-28 09:56:58.925  4081  4081 W XMLdumper: startFile called, but a file is already being processed
09-28 09:56:58.925  4081  4081 V XMLdumper: setSource called, old: ; new: Accessibility
09-28 09:56:58.925  4081  4081 D MyTimerTask_1: Canceled timer.
09-28 09:56:58.925  4081  4081 I MyTimerTask_1: Started MyTimerTask:injectEventCaller with node android.view.accessibility.AccessibilityNodeInfo@8000b215; boundsInParent: Rect(0, 0 - 1080, 1920); boundsInScreen: Rect(0, 0 - 1080, 1920); packageName: com.android.systemui; className: android.widget.FrameLayout; text: null; error: null; maxTextLength: -1; contentDescription: null; viewIdResName: null; checkable: false; checked: false; focusable: true; focused: false; selected: false; clickable: false; longClickable: false; contextClickable: false; enabled: true; password: false; scrollable: false; actions: [AccessibilityAction: ACTION_FOCUS - null, AccessibilityAction: ACTION_SELECT - null, AccessibilityAction: ACTION_CLEAR_SELECTION - null, AccessibilityAction: ACTION_ACCESSIBILITY_FOCUS - null, AccessibilityAction: ACTION_SHOW_ON_SCREEN - null]
09-28 09:56:58.925  4081  4081 D EventInjector_1: Started EventInjector.inject
09-28 09:56:58.925  4081  4081 D EventInjector_1: Discarded package com.android.systemui as it does not equal de.j4velin.systemappmover
09-28 09:56:58.926  4081  4081 V XMLdumper: writeEvent called with Accessibility, 32, Back
09-28 09:56:58.926 20687 20799 D EGL_emulation: eglMakeCurrent: 0xa15853c0: ver 2 0 (tinfo 0xa1583290)
09-28 09:56:59.106 20483 21166 W art     : Long monitor contention with owner android.display (20524) at void com.android.server.wm.WindowAnimator$1.doFrame(long)(WindowAnimator.java:144) waiters=0 in android.view.MagnificationSpec com.android.server.wm.WindowManagerService$LocalService.getCompatibleMagnificationSpecForWindow(android.os.IBinder) for 179ms
09-28 09:56:59.113 20483 20524 W AppOps  : Finishing op nesting under-run: uid 1000 pkg android code 24 time=0 duration=0 nesting=0
09-28 09:56:59.160 20360 20373 W audio_hw_generic: Not supplying enough data to HAL, expected position 6228723 , only wrote 6228720
09-28 09:56:59.160 20360 20373 W audio_hw_generic: Not supplying enough data to HAL, expected position 6228722 , only wrote 6228720
09-28 09:56:59.222 20687 20799 D EGL_emulation: eglMakeCurrent: 0xa15853c0: ver 2 0 (tinfo 0xa1583290)
09-28 09:56:59.384  1313  1326 D gralloc_ranchu: gralloc_alloc: Creating ashmem region of size 663552
