09-28 09:57:03.642 20483 21977 I GnssLocationProvider: WakeLock acquired by sendMessage(3, 0, com.android.server.location.GnssLocationProvider$GpsRequest@e5e6d23)
09-28 09:57:03.645 21249  4490 I MicroRecognitionRunner: Starting detection.
09-28 09:57:03.651 20483 20504 I GnssLocationProvider: WakeLock released by handleMessage(3, 0, com.android.server.location.GnssLocationProvider$GpsRequest@e5e6d23)
09-28 09:57:03.652 21249 23889 I MicrophoneInputStream: mic_starting com.google.android.apps.gsa.staticplugins.z.c@67e736f
09-28 09:57:03.653 20360   920 E AudioFlinger: not enough memory for AudioTrack size=131296
09-28 09:57:03.653 20360   920 D MemoryDealer:   AudioTrack (0xb0e1cef0, size=4194304)
09-28 09:57:03.653 20360   920 D MemoryDealer:     0: 0xb0e1cf00 | 0x00000000 | 0x000200E0 | A 
09-28 09:57:03.653 20360   920 D MemoryDealer:     1: 0xb0e1cf20 | 0x000200E0 | 0x000200E0 | A 
09-28 09:57:03.653 20360   920 D MemoryDealer:     2: 0xb0e1cf80 | 0x000401C0 | 0x000200E0 | A 
09-28 09:57:03.653 20360   920 D MemoryDealer:     3: 0xb0530110 | 0x000602A0 | 0x000200E0 | A 
09-28 09:57:03.653 20360   920 D MemoryDealer:     4: 0xb039c140 | 0x00080380 | 0x000200E0 | A 
09-28 09:57:03.653 20360   920 D MemoryDealer:     5: 0xb039c260 | 0x000A0460 | 0x000200E0 | A 
09-28 09:57:03.653 20360   920 D MemoryDealer:     6: 0xb039c450 | 0x000C0540 | 0x000200E0 | A 
09-28 09:57:03.653 20360   920 D MemoryDealer:     7: 0xb0530300 | 0x000E0620 | 0x000200E0 | A 
09-28 09:57:03.653 20360   920 D MemoryDealer:     8: 0xb039c3d0 | 0x00100700 | 0x000200E0 | A 
09-28 09:57:03.653 20360   920 D MemoryDealer:     9: 0xb039c6b0 | 0x001207E0 | 0x000200E0 | A 
09-28 09:57:03.653 20360   920 D MemoryDealer:    10: 0xb05305a0 | 0x001408C0 | 0x000200E0 | A 
09-28 09:57:03.653 20360   920 D MemoryDealer:    11: 0xb039c630 | 0x001609A0 | 0x000200E0 | A 
09-28 09:57:03.653 20360   920 D MemoryDealer:    12: 0xb039c870 | 0x00180A80 | 0x000200E0 | A 
09-28 09:57:03.653 20360   920 D MemoryDealer:    13: 0xb039c910 | 0x001A0B60 | 0x000200E0 | A 
09-28 09:57:03.653 20360   920 D MemoryDealer:    14: 0xb039cb70 | 0x001C0C40 | 0x000200E0 | A 
09-28 09:57:03.653 20360   920 D MemoryDealer:    15: 0xb05301b0 | 0x001E0D20 | 0x000200E0 | A 
09-28 09:57:03.653 20360   920 D MemoryDealer:    16: 0xb0530730 | 0x00200E00 | 0x000200E0 | A 
09-28 09:57:03.653 20360   920 D MemoryDealer:    17: 0xb039cd10 | 0x00220EE0 | 0x000200E0 | A 
09-28 09:57:03.653 20360   920 D MemoryDealer:    18: 0xb039cc80 | 0x00240FC0 | 0x000200E0 | A 
09-28 09:57:03.653 20360   920 D MemoryDealer:    19: 0xb039cf10 | 0x002610A0 | 0x000200E0 | A 
09-28 09:57:03.653 20360   920 D MemoryDealer:    
09-28 09:57:03.653 20360   920 E AudioFlinger: createRecordTrack_l() initCheck failed -12; no control block?
09-28 09:57:03.653 21249 23889 E AudioRecord: AudioFlinger could not create record track, status: -12
09-28 09:57:03.656 20360  4494 I AudioFlinger: AudioFlinger's thread 0xaf48e7c0 ready to run
09-28 09:57:03.656 21249 23889 E AudioRecord-JNI: Error creating AudioRecord instance: initialization check failed with status -12.
09-28 09:57:03.656 21249 23889 E android.media.AudioRecord: Error code -20 when initializing native AudioRecord object.
09-28 09:57:03.656 21249 23889 I MicrophoneInputStream: mic_started com.google.android.apps.gsa.staticplugins.z.c@67e736f
09-28 09:57:03.656 21249 23889 E ActivityThread: Failed to find provider info for com.google.android.apps.gsa.testing.ui.audio.recorded
09-28 09:57:03.660 21249 23889 I MicrophoneInputStream: mic_close com.google.android.apps.gsa.staticplugins.z.c@67e736f
09-28 09:57:03.662 21249  4490 I MicroRecognitionRunner: Detection finished
09-28 09:57:03.662 21249  4490 W ErrorReporter: reportError [type: 211, code: 524300]: Error reading from input stream
09-28 09:57:03.663 21249 21580 I MicroRecognitionRunner: Stopping hotword detection.
09-28 09:57:03.663 21249  4490 W ErrorProcessor: onFatalError, processing error from engine(4)
09-28 09:57:03.663 21249  4490 W ErrorProcessor: com.google.android.apps.gsa.shared.speech.a.g: Error reading from input stream
09-28 09:57:03.663 21249  4490 W ErrorProcessor: 	at com.google.android.apps.gsa.staticplugins.recognizer.i.a.a(SourceFile:342)
09-28 09:57:03.663 21249  4490 W ErrorProcessor: 	at com.google.android.apps.gsa.staticplugins.recognizer.i.a$1.run(SourceFile:1367)
09-28 09:57:03.663 21249  4490 W ErrorProcessor: 	at java.util.concurrent.Executors$RunnableAdapter.call(Executors.java:428)
09-28 09:57:03.663 21249  4490 W ErrorProcessor: 	at java.util.concurrent.FutureTask.run(FutureTask.java:237)
09-28 09:57:03.663 21249  4490 W ErrorProcessor: 	at com.google.android.apps.gsa.shared.util.concurrent.a.ak.run(SourceFile:66)
09-28 09:57:03.663 21249  4490 W ErrorProcessor: 	at java.util.concurrent.ThreadPoolExecutor.runWorker(ThreadPoolExecutor.java:1133)
09-28 09:57:03.663 21249  4490 W ErrorProcessor: 	at java.util.concurrent.ThreadPoolExecutor$Worker.run(ThreadPoolExecutor.java:607)
09-28 09:57:03.663 21249  4490 W ErrorProcessor: 	at java.lang.Thread.run(Thread.java:761)
09-28 09:57:03.663 21249  4490 W ErrorProcessor: 	at com.google.android.apps.gsa.shared.util.concurrent.a.ad$1.run(SourceFile:85)
09-28 09:57:03.663 21249  4490 W ErrorProcessor: Caused by: com.google.android.apps.gsa.shared.exception.GsaIOException: Error code: 393238 | Buffer overflow, no available space.
09-28 09:57:03.663 21249  4490 W ErrorProcessor: 	at com.google.android.apps.gsa.speech.audio.Tee.g(SourceFile:2531)
09-28 09:57:03.663 21249  4490 W ErrorProcessor: 	at com.google.android.apps.gsa.speech.audio.ap.read(SourceFile:555)
09-28 09:57:03.663 21249  4490 W ErrorProcessor: 	at java.io.InputStream.read(InputStream.java:101)
09-28 09:57:03.663 21249  4490 W ErrorProcessor: 	at com.google.android.apps.gsa.speech.audio.al.run(SourceFile:362)
09-28 09:57:03.663 21249  4490 W ErrorProcessor: 	at com.google.android.apps.gsa.speech.audio.ak$1.run(SourceFile:471)
09-28 09:57:03.663 21249  4490 W ErrorProcessor: 	at java.util.concurrent.Executors$RunnableAdapter.call(Executors.java:428)
09-28 09:57:03.663 21249  4490 W ErrorProcessor: 	at java.util.concurrent.FutureTask.run(FutureTask.java:237)
09-28 09:57:03.663 21249  4490 W ErrorProcessor: 	at com.google.android.apps.gsa.shared.util.concurrent.a.ak.run(SourceFile:66)
09-28 09:57:03.663 21249  4490 W ErrorProcessor: 	at com.google.android.apps.gsa.shared.util.concurrent.a.ax.run(SourceFile:139)
09-28 09:57:03.663 21249  4490 W ErrorProcessor: 	at com.google.android.apps.gsa.shared.util.concurrent.a.ax.run(SourceFile:139)
09-28 09:57:03.663 21249  4490 W ErrorProcessor: 	... 4 more
09-28 09:57:03.663 21249  4490 I AudioController: internalShutdown
09-28 09:57:03.665 21249 21249 I MicroDetector: Keeping mic open: false
09-28 09:57:03.666 21249  4491 I DeviceStateChecker: DeviceStateChecker cancelled
09-28 09:57:03.667 21249 21249 W SearchService: Abort, client detached.
09-28 09:57:03.676 20483 20498 I GnssLocationProvider: WakeLock acquired by sendMessage(3, 0, com.android.server.location.GnssLocationProvider$GpsRequest@f875220)
09-28 09:57:03.681 20483 20504 I GnssLocationProvider: WakeLock released by handleMessage(3, 0, com.android.server.location.GnssLocationProvider$GpsRequest@f875220)
09-28 09:57:03.690 20483 21182 W art     : Long monitor contention with owner android.display (20524) at void com.android.server.wm.WindowAnimator$1.doFrame(long)(WindowAnimator.java:144) waiters=0 in android.view.MagnificationSpec com.android.server.wm.WindowManagerService$LocalService.getCompatibleMagnificationSpecForWindow(android.os.IBinder) for 127ms
09-28 09:57:03.701 20483 20850 W art     : Long monitor contention with owner android.display (20524) at void com.android.server.wm.WindowAnimator$1.doFrame(long)(WindowAnimator.java:144) waiters=1 in int com.android.server.wm.WindowManagerService.addWindow(com.android.server.wm.Session, android.view.IWindow, int, android.view.WindowManager$LayoutParams, int, int, android.graphics.Rect, android.graphics.Rect, android.graphics.Rect, android.view.InputChannel) for 131ms
09-28 09:57:03.702 20687 20799 D EGL_emulation: eglMakeCurrent: 0xa15853c0: ver 2 0 (tinfo 0xa1583290)
09-28 09:57:03.715 21167 21356 W OpenGLRenderer: Incorrectly called buildLayer on View: ShortcutAndWidgetContainer, destroying layer...
09-28 09:57:03.837 20483 21182 W art     : Long monitor contention with owner android.display (20524) at void com.android.server.wm.WindowAnimator$1.doFrame(long)(WindowAnimator.java:144) waiters=1 in android.view.MagnificationSpec com.android.server.wm.WindowManagerService$LocalService.getCompatibleMagnificationSpecForWindow(android.os.IBinder) for 146ms
09-28 09:57:03.840 20483 20850 W art     : Long monitor contention with owner android.display (20524) at void com.android.server.wm.WindowAnimator$1.doFrame(long)(WindowAnimator.java:144) waiters=1 in int com.android.server.wm.WindowManagerService.addWindow(com.android.server.wm.Session, android.view.IWindow, int, android.view.WindowManager$LayoutParams, int, int, android.graphics.Rect, android.graphics.Rect, android.graphics.Rect, android.view.InputChannel) for 139ms
09-28 09:57:03.922 27279 27279 W ViewRootImpl[UninstallerActivity]: Dropping event due to no window focus: KeyEvent { action=ACTION_DOWN, keyCode=KEYCODE_BACK, scanCode=0, metaState=0, flags=0x8, repeatCount=0, eventTime=75293123, downTime=75293123, deviceId=-1, source=0x101 }
09-28 09:57:04.125 20483 20631 W art     : Long monitor contention with owner Binder:20483_D (21975) at int com.android.server.wm.WindowManagerService.relayoutWindow(com.android.server.wm.Session, android.view.IWindow, int, android.view.WindowManager$LayoutParams, int, int, int, int, android.graphics.Rect, android.graphics.Rect, android.graphics.Rect, android.graphics.Rect, android.graphics.Rect, android.graphics.Rect, android.graphics.Rect, android.content.res.Configuration, android.view.Surface)(WindowManagerService.java:2850) waiters=2 in void com.android.server.wm.WindowManagerService.statusBarVisibilityChanged(int) for 199ms
09-28 09:57:04.132  4081  4081 D XMLdumper: Skipping invisible child: android.view.accessibility.AccessibilityNodeInfo@80008502; boundsInParent: Rect(524202, 0 - 524553, 144); boundsInScreen: Rect(4, 96 - 355, 240); packageName: com.google.android.apps.nexuslauncher; className: android.widget.TextView; text: Remove; error: null; maxTextLength: -1; contentDescription: null; viewIdResName: com.google.android.apps.nexuslauncher:id/delete_target_text; checkable: false; checked: false; focusable: false; focused: false; selected: false; clickable: false; longClickable: false; contextClickable: false; enabled: true; password: false; scrollable: false; actions: [AccessibilityAction: ACTION_SELECT - null, AccessibilityAction: ACTION_CLEAR_SELECTION - null, AccessibilityAction: ACTION_ACCESSIBILITY_FOCUS - null, AccessibilityAction: ACTION_NEXT_AT_MOVEMENT_GRANULARITY - null, AccessibilityAction: ACTION_PREVIOUS_AT_MOVEMENT_GRANULARITY - null, AccessibilityAction: ACTION_SET_SELECTION - null, AccessibilityAction: ACTION_SHOW_ON_SCREEN - null]
09-28 09:57:04.133  4081  4081 D XMLdumper: Skipping invisible child: android.view.accessibility.AccessibilityNodeInfo@800088c3; boundsInParent: Rect(524199, 0 - 524557, 144); boundsInScreen: Rect(361, 96 - 719, 240); packageName: com.google.android.apps.nexuslauncher; className: android.widget.TextView; text: App info; error: null; maxTextLength: -1; contentDescription: null; viewIdResName: com.google.android.apps.nexuslauncher:id/info_target_text; checkable: false; checked: false; focusable: false; focused: false; selected: false; clickable: false; longClickable: false; contextClickable: false; enabled: true; password: false; scrollable: false; actions: [AccessibilityAction: ACTION_SELECT - null, AccessibilityAction: ACTION_CLEAR_SELECTION - null, AccessibilityAction: ACTION_ACCESSIBILITY_FOCUS - null, AccessibilityAction: ACTION_NEXT_AT_MOVEMENT_GRANULARITY - null, AccessibilityAction: ACTION_PREVIOUS_AT_MOVEMENT_GRANULARITY - null, AccessibilityAction: ACTION_SET_SELECTION - null, AccessibilityAction: ACTION_SHOW_ON_SCREEN - null]
09-28 09:57:04.134  4081  4081 D XMLdumper: Skipping invisible child: android.view.accessibility.AccessibilityNodeInfo@80008c84; boundsInParent: Rect(524198, 0 - 524558, 144); boundsInScreen: Rect(720, 96 - 1080, 240); packageName: com.google.android.apps.nexuslauncher; className: android.widget.TextView; text: Uninstall; error: null; maxTextLength: -1; contentDescription: null; viewIdResName: com.google.android.apps.nexuslauncher:id/uninstall_target_text; checkable: false; checked: false; focusable: false; focused: false; selected: false; clickable: false; longClickable: false; contextClickable: false; enabled: true; password: false; scrollable: false; actions: [AccessibilityAction: ACTION_SELECT - null, AccessibilityAction: ACTION_CLEAR_SELECTION - null, AccessibilityAction: ACTION_ACCESSIBILITY_FOCUS - null, AccessibilityAction: ACTION_NEXT_AT_MOVEMENT_GRANULARITY - null, AccessibilityAction: ACTION_PREVIOUS_AT_MOVEMENT_GRANULARITY - null, AccessibilityAction: ACTION_SET_SELECTION - null, AccessibilityAction: ACTION_SHOW_ON_SCREEN - null]
09-28 09:57:04.155  4081  4081 D XMLdumper: Cleaning up.
09-28 09:57:04.155  4081  4081 V XMLdumper: setSource called, old: Accessibility; new: 
09-28 09:57:04.155  4081  4081 D onAccessibilityEvent: Launching the app de.j4velin.systemappmover
09-28 09:57:04.156 20483 21975 I ActivityManager: START u0 {act=android.intent.action.MAIN cat=[android.intent.category.LAUNCHER] flg=0x10000000 pkg=de.j4velin.systemappmover cmp=de.j4velin.systemappmover/.MoverActivity} from uid 10084 on display 0
09-28 09:57:04.316 20483 21978 W art     : Long monitor contention with owner android.display (20524) at void com.android.server.wm.WindowAnimator$1.doFrame(long)(WindowAnimator.java:144) waiters=1 in android.os.IBinder com.android.server.wm.WindowManagerService$LocalService.getFocusedWindowToken() for 125ms
09-28 09:57:04.519 20483 21975 W art     : Long monitor contention with owner android.display (20524) at void com.android.server.wm.WindowAnimator$1.doFrame(long)(WindowAnimator.java:144) waiters=1 in void com.android.server.wm.WindowManagerService.deferSurfaceLayout() for 103ms
09-28 09:57:04.625 20483 21975 W art     : Long monitor contention with owner android.display (20524) at void com.android.server.wm.WindowAnimator$1.doFrame(long)(WindowAnimator.java:144) waiters=1 in void com.android.server.wm.WindowManagerService.deferSurfaceLayout() for 107ms
09-28 09:57:04.847 20483 20505 W art     : Long monitor contention with owner Binder:20483_D (21975) at int com.android.server.am.ActivityStarter.startActivityMayWait(android.app.IApplicationThread, int, java.lang.String, android.content.Intent, java.lang.String, android.service.voice.IVoiceInteractionSession, com.android.internal.app.IVoiceInteractor, android.os.IBinder, java.lang.String, int, int, android.app.ProfilerInfo, android.app.IActivityManager$WaitResult, android.content.res.Configuration, android.os.Bundle, boolean, int, android.app.IActivityContainer, com.android.server.am.TaskRecord)(ActivityStarter.java:765) waiters=0 in void com.android.server.am.ActivityStack$ActivityStackHandler.handleMessage(android.os.Message) for 301ms
09-28 09:57:04.849  4081  4081 D MyTimerTask_1: Starting new timer
09-28 09:57:04.849  4081  4081 V onAccessibilityEvent: Unlocked.
09-28 09:57:04.850  4081  4081 I onAccessibilityEvent: ********** New Event received: EventType: TYPE_WINDOW_STATE_CHANGED; EventTime: 75292763; PackageName: com.google.android.apps.nexuslauncher; MovementGranularity: 0; Action: 0 [ ClassName: com.google.android.apps.nexuslauncher.NexusLauncherActivity; Text: [Home screen 1 of 1]; ContentDescription: null; ItemCount: -1; CurrentItemIndex: -1; IsEnabled: true; IsPassword: false; IsChecked: false; IsFullScreen: true; Scrollable: false; BeforeText: null; FromIndex: -1; ToIndex: -1; ScrollX: -1; ScrollY: -1; MaxScrollX: -1; MaxScrollY: -1; AddedCount: -1; RemovedCount: -1; ParcelableData: null ]; recordCount: 0
09-28 09:57:04.850  4081  4081 V onAccessibilityEvent: Locking.
09-28 09:57:04.854  4081  4081 W *** RAM availability: 0.5967991118564064
09-28 09:57:04.854  4081  4081 D MyTimerTask_1: Canceled timer.
09-28 09:57:04.854  4081  4081 D MyTimerTask_1: Canceled timer.
09-28 09:57:04.855  4081  4081 I onAccessibilityEvent: Current rep: 9, Current set: 3
09-28 09:57:04.855  4081  4081 I onAccessibilityEvent: CURRENT_STEP is now 9
09-28 09:57:04.855  4081  4081 W XMLdumper: startFile called, but a file is already being processed
09-28 09:57:04.855  4081  4081 V XMLdumper: setSource called, old: ; new: Accessibility
09-28 09:57:04.855  4081  4081 D MyTimerTask_1: Canceled timer.
09-28 09:57:04.855  4081  4081 I MyTimerTask_1: Started MyTimerTask:injectEventCaller with node android.view.accessibility.AccessibilityNodeInfo@800079bf; boundsInParent: Rect(0, 0 - 1080, 1920); boundsInScreen: Rect(0, 0 - 1080, 1920); packageName: com.google.android.apps.nexuslauncher; className: android.widget.FrameLayout; text: null; error: null; maxTextLength: -1; contentDescription: null; viewIdResName: null; checkable: false; checked: false; focusable: false; focused: false; selected: false; clickable: false; longClickable: false; contextClickable: false; enabled: true; password: false; scrollable: false; actions: [AccessibilityAction: ACTION_SELECT - null, AccessibilityAction: ACTION_CLEAR_SELECTION - null, AccessibilityAction: ACTION_ACCESSIBILITY_FOCUS - null, AccessibilityAction: ACTION_SHOW_ON_SCREEN - null]
09-28 09:57:04.855  4081  4081 D EventInjector_1: Started EventInjector.inject
09-28 09:57:04.856  4081  4081 V XMLdumper: writeEvent called with Accessibility, 38, Launch
09-28 09:57:04.857  4081  4081 D XMLdumper: Null child 0/7, parent: android.view.accessibility.AccessibilityNodeInfo@800079bf; boundsInParent: Rect(0, 0 - 1080, 1920); boundsInScreen: Rect(0, 0 - 1080, 1920); packageName: com.google.android.apps.nexuslauncher; className: android.widget.FrameLayout; text: null; error: null; maxTextLength: -1; contentDescription: null; viewIdResName: null; checkable: false; checked: false; focusable: false; focused: false; selected: false; clickable: false; longClickable: false; contextClickable: false; enabled: true; password: false; scrollable: false; actions: [AccessibilityAction: ACTION_SELECT - null, AccessibilityAction: ACTION_CLEAR_SELECTION - null, AccessibilityAction: ACTION_ACCESSIBILITY_FOCUS - null, AccessibilityAction: ACTION_SHOW_ON_SCREEN - null]
09-28 09:57:04.857  4081  4081 D XMLdumper: Null child 1/7, parent: android.view.accessibility.AccessibilityNodeInfo@800079bf; boundsInParent: Rect(0, 0 - 1080, 1920); boundsInScreen: Rect(0, 0 - 1080, 1920); packageName: com.google.android.apps.nexuslauncher; className: android.widget.FrameLayout; text: null; error: null; maxTextLength: -1; contentDescription: null; viewIdResName: null; checkable: false; checked: false; focusable: false; focused: false; selected: false; clickable: false; longClickable: false; contextClickable: false; enabled: true; password: false; scrollable: false; actions: [AccessibilityAction: ACTION_SELECT - null, AccessibilityAction: ACTION_CLEAR_SELECTION - null, AccessibilityAction: ACTION_ACCESSIBILITY_FOCUS - null, AccessibilityAction: ACTION_SHOW_ON_SCREEN - null]
09-28 09:57:04.857  4081  4081 D XMLdumper: Null child 2/7, parent: android.view.accessibility.AccessibilityNodeInfo@800079bf; boundsInParent: Rect(0, 0 - 1080, 1920); boundsInScreen: Rect(0, 0 - 1080, 1920); packageName: com.google.android.apps.nexuslauncher; className: android.widget.FrameLayout; text: null; error: null; maxTextLength: -1; contentDescription: null; viewIdResName: null; checkable: false; checked: false; focusable: false; focused: false; selected: false; clickable: false; longClickable: false; contextClickable: false; enabled: true; password: false; scrollable: false; actions: [AccessibilityAction: ACTION_SELECT - null, AccessibilityAction: ACTION_CLEAR_SELECTION - null, AccessibilityAction: ACTION_ACCESSIBILITY_FOCUS - null, AccessibilityAction: ACTION_SHOW_ON_SCREEN - null]
09-28 09:57:04.858  4081  4081 D XMLdumper: Null child 3/7, parent: android.view.accessibility.AccessibilityNodeInfo@800079bf; boundsInParent: Rect(0, 0 - 1080, 1920); boundsInScreen: Rect(0, 0 - 1080, 1920); packageName: com.google.android.apps.nexuslauncher; className: android.widget.FrameLayout; text: null; error: null; maxTextLength: -1; contentDescription: null; viewIdResName: null; checkable: false; checked: false; focusable: false; focused: false; selected: false; clickable: false; longClickable: false; contextClickable: false; enabled: true; password: false; scrollable: false; actions: [AccessibilityAction: ACTION_SELECT - null, AccessibilityAction: ACTION_CLEAR_SELECTION - null, AccessibilityAction: ACTION_ACCESSIBILITY_FOCUS - null, AccessibilityAction: ACTION_SHOW_ON_SCREEN - null]
09-28 09:57:04.858  4081  4081 D XMLdumper: Null child 4/7, parent: android.view.accessibility.AccessibilityNodeInfo@800079bf; boundsInParent: Rect(0, 0 - 1080, 1920); boundsInScreen: Rect(0, 0 - 1080, 1920); packageName: com.google.android.apps.nexuslauncher; className: android.widget.FrameLayout; text: null; error: null; maxTextLength: -1; contentDescription: null; viewIdResName: null; checkable: false; checked: false; focusable: false; focused: false; selected: false; clickable: false; longClickable: false; contextClickable: false; enabled: true; password: false; scrollable: false; actions: [AccessibilityAction: ACTION_SELECT - null, AccessibilityAction: ACTION_CLEAR_SELECTION - null, AccessibilityAction: ACTION_ACCESSIBILITY_FOCUS - null, AccessibilityAction: ACTION_SHOW_ON_SCREEN - null]
09-28 09:57:04.858  4081  4081 D XMLdumper: Null child 5/7, parent: android.view.accessibility.AccessibilityNodeInfo@800079bf; boundsInParent: Rect(0, 0 - 1080, 1920); boundsInScreen: Rect(0, 0 - 1080, 1920); packageName: com.google.android.apps.nexuslauncher; className: android.widget.FrameLayout; text: null; error: null; maxTextLength: -1; contentDescription: null; viewIdResName: null; checkable: false; checked: false; focusable: false; focused: false; selected: false; clickable: false; longClickable: false; contextClickable: false; enabled: true; password: false; scrollable: false; actions: [AccessibilityAction: ACTION_SELECT - null, AccessibilityAction: ACTION_CLEAR_SELECTION - null, AccessibilityAction: ACTION_ACCESSIBILITY_FOCUS - null, AccessibilityAction: ACTION_SHOW_ON_SCREEN - null]
09-28 09:57:04.858  4081  4081 D XMLdumper: Null child 6/7, parent: android.view.accessibility.AccessibilityNodeInfo@800079bf; boundsInParent: Rect(0, 0 - 1080, 1920); boundsInScreen: Rect(0, 0 - 1080, 1920); packageName: com.google.android.apps.nexuslauncher; className: android.widget.FrameLayout; text: null; error: null; maxTextLength: -1; contentDescription: null; viewIdResName: null; checkable: false; checked: false; focusable: false; focused: false; selected: false; clickable: false; longClickable: false; contextClickable: false; enabled: true; password: false; scrollable: false; actions: [AccessibilityAction: ACTION_SELECT - null, AccessibilityAction: ACTION_CLEAR_SELECTION - null, AccessibilityAction: ACTION_ACCESSIBILITY_FOCUS - null, AccessibilityAction: ACTION_SHOW_ON_SCREEN - null]
09-28 09:57:04.859  4081  4081 D XMLdumper: Cleaning up.
09-28 09:57:04.859  4081  4081 V XMLdumper: setSource called, old: Accessibility; new: 
09-28 09:57:04.859  4081  4081 D onAccessibilityEvent: Launching the app de.j4velin.systemappmover
09-28 09:57:04.859 20483 21164 I ActivityManager: START u0 {act=android.intent.action.MAIN cat=[android.intent.category.LAUNCHER] flg=0x10000000 pkg=de.j4velin.systemappmover cmp=de.j4velin.systemappmover/.MoverActivity} from uid 10084 on display 0
09-28 09:57:05.125 20483 21164 W art     : Long monitor contention with owner android.display (20524) at void com.android.server.wm.WindowAnimator$1.doFrame(long)(WindowAnimator.java:144) waiters=1 in void com.android.server.wm.WindowManagerService.deferSurfaceLayout() for 177ms
09-28 09:57:05.229 27279 27279 W ViewRootImpl[UninstallerActivity]: Cancelling event due to no window focus: KeyEvent { action=ACTION_UP, keyCode=KEYCODE_BACK, scanCode=0, metaState=0, flags=0x28, repeatCount=0, eventTime=75293123, downTime=75293123, deviceId=-1, source=0x101 }
09-28 09:57:05.229 27279 27279 W ViewRootImpl[UninstallerActivity]: Cancelling event due to no window focus: KeyEvent { action=ACTION_UP, keyCode=KEYCODE_BACK, scanCode=0, metaState=0, flags=0x28, repeatCount=0, eventTime=75293123, downTime=75293123, deviceId=-1, source=0x101 }
09-28 09:57:05.229 27279 27279 W ViewRootImpl[UninstallerActivity]: Cancelling event due to no window focus: KeyEvent { action=ACTION_UP, keyCode=KEYCODE_BACK, scanCode=0, metaState=0, flags=0x28, repeatCount=0, eventTime=75293123, downTime=75293123, deviceId=-1, source=0x101 }
09-28 09:57:05.229 27279 27279 W ViewRootImpl[UninstallerActivity]: Cancelling event due to no window focus: KeyEvent { action=ACTION_UP, keyCode=KEYCODE_BACK, scanCode=0, metaState=0, flags=0x28, repeatCount=0, eventTime=75293123, downTime=75293123, deviceId=-1, source=0x101 }
09-28 09:57:05.229 27279 27279 W ViewRootImpl[UninstallerActivity]: Cancelling event due to no window focus: KeyEvent { action=ACTION_UP, keyCode=KEYCODE_BACK, scanCode=0, metaState=0, flags=0x28, repeatCount=0, eventTime=75293123, downTime=75293123, deviceId=-1, source=0x101 }
09-28 09:57:05.229 27279 27279 W ViewRootImpl[UninstallerActivity]: Cancelling event due to no window focus: KeyEvent { action=ACTION_UP, keyCode=KEYCODE_BACK, scanCode=0, metaState=0, flags=0x28, repeatCount=0, eventTime=75293123, downTime=75293123, deviceId=-1, source=0x101 }
09-28 09:57:05.230 27279 27279 W ViewRootImpl[UninstallerActivity]: Cancelling event due to no window focus: KeyEvent { action=ACTION_UP, keyCode=KEYCODE_BACK, scanCode=0, metaState=0, flags=0x28, repeatCount=0, eventTime=75293123, downTime=75293123, deviceId=-1, source=0x101 }
09-28 09:57:05.230 27279 27279 W ViewRootImpl[UninstallerActivity]: Cancelling event due to no window focus: KeyEvent { action=ACTION_UP, keyCode=KEYCODE_BACK, scanCode=0, metaState=0, flags=0x28, repeatCount=0, eventTime=75293123, downTime=75293123, deviceId=-1, source=0x101 }
09-28 09:57:05.230 27279 27279 W ViewRootImpl[UninstallerActivity]: Cancelling event due to no window focus: KeyEvent { action=ACTION_UP, keyCode=KEYCODE_BACK, scanCode=0, metaState=0, flags=0x28, repeatCount=0, eventTime=75293123, downTime=75293123, deviceId=-1, source=0x101 }
09-28 09:57:05.230 20483 21164 W art     : Long monitor contention with owner android.display (20524) at void com.android.server.wm.WindowAnimator$1.doFrame(long)(WindowAnimator.java:144) waiters=1 in void com.android.server.wm.WindowManagerService.deferSurfaceLayout() for 104ms
09-28 09:57:05.230 27279 27279 I Choreographer: Skipped 78 frames!  The application may be doing too much work on its main thread.
09-28 09:57:05.231 27279 27321 D EGL_emulation: eglMakeCurrent: 0x9cd29100: ver 2 0 (tinfo 0xa6030600)
09-28 09:57:05.674 20483 20850 W art     : Long monitor contention with owner android.display (20524) at void com.android.server.wm.WindowManagerService$H.handleMessage(android.os.Message)(WindowManagerService.java:8361) waiters=1 in void com.android.server.wm.WindowManagerService.finishDrawingWindow(com.android.server.wm.Session, android.view.IWindow) for 115ms
09-28 09:57:05.784 20483 20505 W art     : Long monitor contention with owner Binder:20483_8 (21164) at int com.android.server.am.ActivityStarter.startActivityMayWait(android.app.IApplicationThread, int, java.lang.String, android.content.Intent, java.lang.String, android.service.voice.IVoiceInteractionSession, com.android.internal.app.IVoiceInteractor, android.os.IBinder, java.lang.String, int, int, android.app.ProfilerInfo, android.app.IActivityManager$WaitResult, android.content.res.Configuration, android.os.Bundle, boolean, int, android.app.IActivityContainer, com.android.server.am.TaskRecord)(ActivityStarter.java:765) waiters=0 in void com.android.server.am.ActivityStack$ActivityStackHandler.handleMessage(android.os.Message) for 435ms
09-28 09:57:05.793  4081  4081 D MyTimerTask_1: Starting new timer
09-28 09:57:05.793  4081  4081 V onAccessibilityEvent: Unlocked.
09-28 09:57:05.793  4081  4081 I onAccessibilityEvent: ********** New Event received: EventType: TYPE_WINDOW_STATE_CHANGED; EventTime: 75293761; PackageName: com.google.android.packageinstaller; MovementGranularity: 0; Action: 0 [ ClassName: android.app.AlertDialog; Text: [/system/app mover, Do you want to uninstall this app?, CANCEL, OK]; ContentDescription: null; ItemCount: -1; CurrentItemIndex: -1; IsEnabled: true; IsPassword: false; IsChecked: false; IsFullScreen: false; Scrollable: false; BeforeText: null; FromIndex: -1; ToIndex: -1; ScrollX: -1; ScrollY: -1; MaxScrollX: -1; MaxScrollY: -1; AddedCount: -1; RemovedCount: -1; ParcelableData: null ]; recordCount: 0
09-28 09:57:05.793  4081  4081 V onAccessibilityEvent: Locking.
09-28 09:57:05.794  4081  4081 W *** RAM availability: 0.5967952301099311
09-28 09:57:05.794  4081  4081 D MyTimerTask_1: Canceled timer.
09-28 09:57:05.794  4081  4081 D MyTimerTask_1: Canceled timer.
09-28 09:57:05.794  4081  4081 I onAccessibilityEvent: Current rep: 10, Current set: 3
09-28 09:57:05.794  4081  4081 W onAccessibilityEvent: Maximum reps reached. This was set 3
09-28 09:57:05.794  4081  4081 D MyTimerTask_1: Canceled timer.
09-28 09:57:05.794  4081  4081 W onAccessibilityEvent: Did not clear application data, as root is not available.
09-28 09:57:05.794  4081  4081 V XMLdumper: endFile called
09-28 09:57:05.806  4081  4081 I onAccessibilityEvent: Writing logcat to file.
