09-28 09:59:50.253  5963  5963 I MyTimerTask_1: Started MyTimerTask:injectEventCaller with node android.view.accessibility.AccessibilityNodeInfo@80057ded; boundsInParent: Rect(0, 0 - 1026, 580); boundsInScreen: Rect(27, 634 - 1053, 1214); packageName: android; className: android.widget.FrameLayout; text: null; error: null; maxTextLength: -1; contentDescription: null; viewIdResName: null; checkable: false; checked: false; focusable: false; focused: false; selected: false; clickable: false; longClickable: false; contextClickable: false; enabled: true; password: false; scrollable: false; actions: [AccessibilityAction: ACTION_SELECT - null, AccessibilityAction: ACTION_CLEAR_SELECTION - null, AccessibilityAction: ACTION_ACCESSIBILITY_FOCUS - null, AccessibilityAction: ACTION_SHOW_ON_SCREEN - null]
09-28 09:59:50.253  5963  5963 D EventInjector_1: Started EventInjector.inject
09-28 09:59:50.256  5963  5963 D EventInjector_1: Null child 0/3, parent: android.view.accessibility.AccessibilityNodeInfo@80057ded; boundsInParent: Rect(0, 0 - 1026, 580); boundsInScreen: Rect(27, 634 - 1053, 1214); packageName: android; className: android.widget.FrameLayout; text: null; error: null; maxTextLength: -1; contentDescription: null; viewIdResName: null; checkable: false; checked: false; focusable: false; focused: false; selected: false; clickable: false; longClickable: false; contextClickable: false; enabled: true; password: false; scrollable: false; actions: [AccessibilityAction: ACTION_SELECT - null, AccessibilityAction: ACTION_CLEAR_SELECTION - null, AccessibilityAction: ACTION_ACCESSIBILITY_FOCUS - null, AccessibilityAction: ACTION_SHOW_ON_SCREEN - null]
09-28 09:59:50.256  5963  5963 D EventInjector_1: Null child 1/3, parent: android.view.accessibility.AccessibilityNodeInfo@80057ded; boundsInParent: Rect(0, 0 - 1026, 580); boundsInScreen: Rect(27, 634 - 1053, 1214); packageName: android; className: android.widget.FrameLayout; text: null; error: null; maxTextLength: -1; contentDescription: null; viewIdResName: null; checkable: false; checked: false; focusable: false; focused: false; selected: false; clickable: false; longClickable: false; contextClickable: false; enabled: true; password: false; scrollable: false; actions: [AccessibilityAction: ACTION_SELECT - null, AccessibilityAction: ACTION_CLEAR_SELECTION - null, AccessibilityAction: ACTION_ACCESSIBILITY_FOCUS - null, AccessibilityAction: ACTION_SHOW_ON_SCREEN - null]
09-28 09:59:50.256  5963  5963 D EventInjector_1: Null child 2/3, parent: android.view.accessibility.AccessibilityNodeInfo@80057ded; boundsInParent: Rect(0, 0 - 1026, 580); boundsInScreen: Rect(27, 634 - 1053, 1214); packageName: android; className: android.widget.FrameLayout; text: null; error: null; maxTextLength: -1; contentDescription: null; viewIdResName: null; checkable: false; checked: false; focusable: false; focused: false; selected: false; clickable: false; longClickable: false; contextClickable: false; enabled: true; password: false; scrollable: false; actions: [AccessibilityAction: ACTION_SELECT - null, AccessibilityAction: ACTION_CLEAR_SELECTION - null, AccessibilityAction: ACTION_ACCESSIBILITY_FOCUS - null, AccessibilityAction: ACTION_SHOW_ON_SCREEN - null]
09-28 09:59:50.256  5963  5963 W EventInjector_1: Uninstall popup does not have exactly one 'OK' button (it is 0).
09-28 09:59:50.257  5963  5963 D EventInjector_1: Null child 0/3, parent: android.view.accessibility.AccessibilityNodeInfo@80057ded; boundsInParent: Rect(0, 0 - 1026, 580); boundsInScreen: Rect(27, 634 - 1053, 1214); packageName: android; className: android.widget.FrameLayout; text: null; error: null; maxTextLength: -1; contentDescription: null; viewIdResName: null; checkable: false; checked: false; focusable: false; focused: false; selected: false; clickable: false; longClickable: false; contextClickable: false; enabled: true; password: false; scrollable: false; actions: [AccessibilityAction: ACTION_SELECT - null, AccessibilityAction: ACTION_CLEAR_SELECTION - null, AccessibilityAction: ACTION_ACCESSIBILITY_FOCUS - null, AccessibilityAction: ACTION_SHOW_ON_SCREEN - null]
09-28 09:59:50.257  5963  5963 D EventInjector_1: Null child 1/3, parent: android.view.accessibility.AccessibilityNodeInfo@80057ded; boundsInParent: Rect(0, 0 - 1026, 580); boundsInScreen: Rect(27, 634 - 1053, 1214); packageName: android; className: android.widget.FrameLayout; text: null; error: null; maxTextLength: -1; contentDescription: null; viewIdResName: null; checkable: false; checked: false; focusable: false; focused: false; selected: false; clickable: false; longClickable: false; contextClickable: false; enabled: true; password: false; scrollable: false; actions: [AccessibilityAction: ACTION_SELECT - null, AccessibilityAction: ACTION_CLEAR_SELECTION - null, AccessibilityAction: ACTION_ACCESSIBILITY_FOCUS - null, AccessibilityAction: ACTION_SHOW_ON_SCREEN - null]
09-28 09:59:50.257  5963  5963 D EventInjector_1: Null child 2/3, parent: android.view.accessibility.AccessibilityNodeInfo@80057ded; boundsInParent: Rect(0, 0 - 1026, 580); boundsInScreen: Rect(27, 634 - 1053, 1214); packageName: android; className: android.widget.FrameLayout; text: null; error: null; maxTextLength: -1; contentDescription: null; viewIdResName: null; checkable: false; checked: false; focusable: false; focused: false; selected: false; clickable: false; longClickable: false; contextClickable: false; enabled: true; password: false; scrollable: false; actions: [AccessibilityAction: ACTION_SELECT - null, AccessibilityAction: ACTION_CLEAR_SELECTION - null, AccessibilityAction: ACTION_ACCESSIBILITY_FOCUS - null, AccessibilityAction: ACTION_SHOW_ON_SCREEN - null]
09-28 09:59:50.257  5963  5963 W EventInjector_1: Full screen notification popup does not have exactly one 'Got it' button (it is 0).
09-28 09:59:50.257  5963  5963 D EventInjector_1: Null child 0/3, parent: android.view.accessibility.AccessibilityNodeInfo@80057ded; boundsInParent: Rect(0, 0 - 1026, 580); boundsInScreen: Rect(27, 634 - 1053, 1214); packageName: android; className: android.widget.FrameLayout; text: null; error: null; maxTextLength: -1; contentDescription: null; viewIdResName: null; checkable: false; checked: false; focusable: false; focused: false; selected: false; clickable: false; longClickable: false; contextClickable: false; enabled: true; password: false; scrollable: false; actions: [AccessibilityAction: ACTION_SELECT - null, AccessibilityAction: ACTION_CLEAR_SELECTION - null, AccessibilityAction: ACTION_ACCESSIBILITY_FOCUS - null, AccessibilityAction: ACTION_SHOW_ON_SCREEN - null]
09-28 09:59:50.257  5963  5963 D EventInjector_1: Null child 1/3, parent: android.view.accessibility.AccessibilityNodeInfo@80057ded; boundsInParent: Rect(0, 0 - 1026, 580); boundsInScreen: Rect(27, 634 - 1053, 1214); packageName: android; className: android.widget.FrameLayout; text: null; error: null; maxTextLength: -1; contentDescription: null; viewIdResName: null; checkable: false; checked: false; focusable: false; focused: false; selected: false; clickable: false; longClickable: false; contextClickable: false; enabled: true; password: false; scrollable: false; actions: [AccessibilityAction: ACTION_SELECT - null, AccessibilityAction: ACTION_CLEAR_SELECTION - null, AccessibilityAction: ACTION_ACCESSIBILITY_FOCUS - null, AccessibilityAction: ACTION_SHOW_ON_SCREEN - null]
09-28 09:59:50.257  5963  5963 D EventInjector_1: Null child 2/3, parent: android.view.accessibility.AccessibilityNodeInfo@80057ded; boundsInParent: Rect(0, 0 - 1026, 580); boundsInScreen: Rect(27, 634 - 1053, 1214); packageName: android; className: android.widget.FrameLayout; text: null; error: null; maxTextLength: -1; contentDescription: null; viewIdResName: null; checkable: false; checked: false; focusable: false; focused: false; selected: false; clickable: false; longClickable: false; contextClickable: false; enabled: true; password: false; scrollable: false; actions: [AccessibilityAction: ACTION_SELECT - null, AccessibilityAction: ACTION_CLEAR_SELECTION - null, AccessibilityAction: ACTION_ACCESSIBILITY_FOCUS - null, AccessibilityAction: ACTION_SHOW_ON_SCREEN - null]
09-28 09:59:50.258  5963  5963 W EventInjector_1: 'Not responding' Popup does not have exactly one Wait button (it is 0).
09-28 09:59:50.258  5963  5963 D EventInjector_1: Discarded package android as it does not equal io.github.lonamiwebs.klooni
09-28 09:59:50.263  5963  6259 D MyTimerTask_1: TimerCallback called.
09-28 09:59:50.263  5963  6259 V MyTimerTask_1: Locking.
09-28 09:59:50.269  5963  5963 V XMLdumper: writeEvent called with Accessibility, 26, Back
09-28 09:59:50.273  5963  5963 D XMLdumper: Null child 0/3, parent: android.view.accessibility.AccessibilityNodeInfo@80057ded; boundsInParent: Rect(0, 0 - 1026, 580); boundsInScreen: Rect(27, 634 - 1053, 1214); packageName: android; className: android.widget.FrameLayout; text: null; error: null; maxTextLength: -1; contentDescription: null; viewIdResName: null; checkable: false; checked: false; focusable: false; focused: false; selected: false; clickable: false; longClickable: false; contextClickable: false; enabled: true; password: false; scrollable: false; actions: [AccessibilityAction: ACTION_SELECT - null, AccessibilityAction: ACTION_CLEAR_SELECTION - null, AccessibilityAction: ACTION_ACCESSIBILITY_FOCUS - null, AccessibilityAction: ACTION_SHOW_ON_SCREEN - null]
09-28 09:59:50.274  5963  5963 D XMLdumper: Null child 1/3, parent: android.view.accessibility.AccessibilityNodeInfo@80057ded; boundsInParent: Rect(0, 0 - 1026, 580); boundsInScreen: Rect(27, 634 - 1053, 1214); packageName: android; className: android.widget.FrameLayout; text: null; error: null; maxTextLength: -1; contentDescription: null; viewIdResName: null; checkable: false; checked: false; focusable: false; focused: false; selected: false; clickable: false; longClickable: false; contextClickable: false; enabled: true; password: false; scrollable: false; actions: [AccessibilityAction: ACTION_SELECT - null, AccessibilityAction: ACTION_CLEAR_SELECTION - null, AccessibilityAction: ACTION_ACCESSIBILITY_FOCUS - null, AccessibilityAction: ACTION_SHOW_ON_SCREEN - null]
09-28 09:59:50.289  5963  5963 D XMLdumper: Null child 2/3, parent: android.view.accessibility.AccessibilityNodeInfo@80057ded; boundsInParent: Rect(0, 0 - 1026, 580); boundsInScreen: Rect(27, 634 - 1053, 1214); packageName: android; className: android.widget.FrameLayout; text: null; error: null; maxTextLength: -1; contentDescription: null; viewIdResName: null; checkable: false; checked: false; focusable: false; focused: false; selected: false; clickable: false; longClickable: false; contextClickable: false; enabled: true; password: false; scrollable: false; actions: [AccessibilityAction: ACTION_SELECT - null, AccessibilityAction: ACTION_CLEAR_SELECTION - null, AccessibilityAction: ACTION_ACCESSIBILITY_FOCUS - null, AccessibilityAction: ACTION_SHOW_ON_SCREEN - null]
09-28 09:59:50.289  5963  5963 D XMLdumper: Cleaning up.
09-28 09:59:50.289  5963  5963 V XMLdumper: setSource called, old: Accessibility; new: 
09-28 09:59:50.289  5963  5963 D MyTimerTask_1: Starting new timer
09-28 09:59:50.289  5963  5963 V onAccessibilityEvent: Unlocked.
09-28 09:59:50.290  5963  6259 W *** RAM availability: 0.5969660269548476
09-28 09:59:50.290  5963  6259 D MyTimerTask_1: Tried to get current_node, but it is null
09-28 09:59:50.325  5963  5981 D EGL_emulation: eglMakeCurrent: 0x9ae49c00: ver 2 0 (tinfo 0xa6074ba0)
09-28 09:59:50.338  5963  5963 I art     : Starting a blocking GC Explicit
09-28 09:59:50.340  5963  6259 W MyTimerTask_1: Could not find current_node, and previous_node is also null. Opening app overview now.
09-28 09:59:50.341  5963  6259 V MyTimerTask_1: Unlocked.
09-28 09:59:50.341  5963  6259 W System.err: java.lang.IllegalMonitorStateException
09-28 09:59:50.341  5963  6259 W System.err: 	at java.util.concurrent.locks.ReentrantLock$Sync.tryRelease(ReentrantLock.java:126)
09-28 09:59:50.341  5963  6259 W System.err: 	at java.util.concurrent.locks.AbstractQueuedSynchronizer.release(AbstractQueuedSynchronizer.java:1260)
09-28 09:59:50.341  5963  6259 W System.err: 	at java.util.concurrent.locks.ReentrantLock.unlock(ReentrantLock.java:434)
09-28 09:59:50.341  5963  6259 W System.err: 	at com.example.link.appfuzzer.MyTimerTask.run(MyTimerTask.java:126)
09-28 09:59:50.341  5963  6259 W System.err: 	at java.util.TimerThread.mainLoop(Timer.java:555)
09-28 09:59:50.341  5963  6259 W System.err: 	at java.util.TimerThread.run(Timer.java:505)
09-28 09:59:50.348  5963  5963 I art     : Explicit concurrent mark sweep GC freed 17979(2MB) AllocSpace objects, 10(832KB) LOS objects, 39% free, 5MB/9MB, paused 78us total 9.713ms
09-28 09:59:50.349  5963  5963 I art     : Starting a blocking GC Explicit
09-28 09:59:50.365  5963  5963 I art     : Explicit concurrent mark sweep GC freed 1849(124KB) AllocSpace objects, 0(0B) LOS objects, 39% free, 5MB/9MB, paused 68us total 15.880ms
09-28 09:59:50.395 20483 21978 W art     : Long monitor contention with owner android.display (20524) at void com.android.server.wm.WindowAnimator$1.doFrame(long)(WindowAnimator.java:144) waiters=1 in int com.android.server.wm.WindowManagerService.relayoutWindow(com.android.server.wm.Session, android.view.IWindow, int, android.view.WindowManager$LayoutParams, int, int, int, int, android.graphics.Rect, android.graphics.Rect, android.graphics.Rect, android.graphics.Rect, android.graphics.Rect, android.graphics.Rect, android.graphics.Rect, android.content.res.Configuration, android.view.Surface) for 107ms
09-28 09:59:50.396 20483 20524 W AppOps  : Finishing op nesting under-run: uid 1000 pkg android code 24 time=0 duration=0 nesting=0
09-28 09:59:50.490  5963  6263 D MyTimerTask_1: TimerCallback called.
09-28 09:59:50.490  5963  6263 V MyTimerTask_1: Locking.
09-28 09:59:50.490  5963  6263 W *** RAM availability: 0.5976957952922178
09-28 09:59:50.491  5963  6263 D MyTimerTask_1: Tried to get current_node, but it is null
09-28 09:59:50.546  5963  6263 W MyTimerTask_1: Could not find current_node, and previous_node is also null. Opening app overview now.
09-28 09:59:50.546  5963  6263 V MyTimerTask_1: Unlocked.
09-28 09:59:50.546  5963  6263 W System.err: java.lang.IllegalMonitorStateException
09-28 09:59:50.546  5963  6263 W System.err: 	at java.util.concurrent.locks.ReentrantLock$Sync.tryRelease(ReentrantLock.java:126)
09-28 09:59:50.546  5963  6263 W System.err: 	at java.util.concurrent.locks.AbstractQueuedSynchronizer.release(AbstractQueuedSynchronizer.java:1260)
09-28 09:59:50.546  5963  6263 W System.err: 	at java.util.concurrent.locks.ReentrantLock.unlock(ReentrantLock.java:434)
09-28 09:59:50.546  5963  6263 W System.err: 	at com.example.link.appfuzzer.MyTimerTask.run(MyTimerTask.java:126)
09-28 09:59:50.546  5963  6263 W System.err: 	at java.util.TimerThread.mainLoop(Timer.java:555)
09-28 09:59:50.546  5963  6263 W System.err: 	at java.util.TimerThread.run(Timer.java:505)
09-28 09:59:50.658  5963  5963 I onAccessibilityEvent: ********** New Event received: EventType: TYPE_WINDOW_STATE_CHANGED; EventTime: 75460184; PackageName: com.android.systemui; MovementGranularity: 0; Action: 0 [ ClassName: com.android.systemui.recents.RecentsActivity; Text: [Overview.]; ContentDescription: null; ItemCount: -1; CurrentItemIndex: -1; IsEnabled: true; IsPassword: false; IsChecked: false; IsFullScreen: true; Scrollable: false; BeforeText: null; FromIndex: -1; ToIndex: -1; ScrollX: -1; ScrollY: -1; MaxScrollX: -1; MaxScrollY: -1; AddedCount: -1; RemovedCount: -1; ParcelableData: null ]; recordCount: 0
09-28 09:59:50.658  5963  5963 V onAccessibilityEvent: Locking.
09-28 09:59:50.659  5963  5963 W *** RAM availability: 0.5976492143345133
09-28 09:59:50.659  5963  5963 D MyTimerTask_1: Canceled timer.
09-28 09:59:50.659  5963  5963 D MyTimerTask_1: Canceled timer.
09-28 09:59:50.659  5963  5963 I onAccessibilityEvent: Current rep: 8, Current set: 2
09-28 09:59:50.659  5963  5963 I onAccessibilityEvent: CURRENT_STEP is now 8
09-28 09:59:50.660  5963  5963 W XMLdumper: startFile called, but a file is already being processed
09-28 09:59:50.660  5963  5963 V XMLdumper: setSource called, old: ; new: Accessibility
09-28 09:59:50.660  5963  5963 D MyTimerTask_1: Canceled timer.
09-28 09:59:50.660  5963  5963 I MyTimerTask_1: Started MyTimerTask:injectEventCaller with node android.view.accessibility.AccessibilityNodeInfo@8000b25f; boundsInParent: Rect(0, 0 - 1080, 1920); boundsInScreen: Rect(0, 0 - 1080, 1920); packageName: com.android.systemui; className: android.widget.FrameLayout; text: null; error: null; maxTextLength: -1; contentDescription: null; viewIdResName: null; checkable: false; checked: false; focusable: true; focused: false; selected: false; clickable: false; longClickable: false; contextClickable: false; enabled: true; password: false; scrollable: false; actions: [AccessibilityAction: ACTION_FOCUS - null, AccessibilityAction: ACTION_SELECT - null, AccessibilityAction: ACTION_CLEAR_SELECTION - null, AccessibilityAction: ACTION_ACCESSIBILITY_FOCUS - null, AccessibilityAction: ACTION_SHOW_ON_SCREEN - null]
09-28 09:59:50.660  5963  5963 D EventInjector_1: Started EventInjector.inject
09-28 09:59:50.660  5963  5963 D EventInjector_1: Discarded package com.android.systemui as it does not equal io.github.lonamiwebs.klooni
09-28 09:59:50.661  5963  5963 V XMLdumper: writeEvent called with Accessibility, 27, Back
09-28 09:59:50.661 20687 20799 D EGL_emulation: eglMakeCurrent: 0xa15853c0: ver 2 0 (tinfo 0xa1583290)
09-28 09:59:50.665 20687 20687 W ViewRootImpl[RecentsActivity]: Dropping event due to no window focus: KeyEvent { action=ACTION_DOWN, keyCode=KEYCODE_BACK, scanCode=0, metaState=0, flags=0x8, repeatCount=0, eventTime=75459693, downTime=75459693, deviceId=-1, source=0x101 }
09-28 09:59:50.666 20483 21166 I ActivityManager: START u0 {act=android.intent.action.MAIN cat=[android.intent.category.LAUNCHER] flg=0x10100000 pkg=io.github.lonamiwebs.klooni cmp=io.github.lonamiwebs.klooni/.AndroidLauncher} from uid 10084 on display 0
09-28 09:59:50.775 20483 21166 W art     : Long monitor contention with owner android.display (20524) at void com.android.server.wm.WindowAnimator$1.doFrame(long)(WindowAnimator.java:144) waiters=1 in void com.android.server.wm.WindowManagerService.deferSurfaceLayout() for 108ms
09-28 09:59:50.974 20687 20687 W ViewRootImpl[RecentsActivity]: Cancelling event due to no window focus: KeyEvent { action=ACTION_UP, keyCode=KEYCODE_BACK, scanCode=0, metaState=0, flags=0x28, repeatCount=0, eventTime=75459693, downTime=75459693, deviceId=-1, source=0x101 }
09-28 09:59:50.974 20687 20687 W ViewRootImpl[RecentsActivity]: Cancelling event due to no window focus: KeyEvent { action=ACTION_UP, keyCode=KEYCODE_BACK, scanCode=0, metaState=0, flags=0x28, repeatCount=0, eventTime=75459693, downTime=75459693, deviceId=-1, source=0x101 }
09-28 09:59:50.974 20687 20687 W ViewRootImpl[RecentsActivity]: Cancelling event due to no window focus: KeyEvent { action=ACTION_UP, keyCode=KEYCODE_BACK, scanCode=0, metaState=0, flags=0x28, repeatCount=0, eventTime=75459693, downTime=75459693, deviceId=-1, source=0x101 }
09-28 09:59:50.974 20687 20687 W ViewRootImpl[RecentsActivity]: Cancelling event due to no window focus: KeyEvent { action=ACTION_UP, keyCode=KEYCODE_BACK, scanCode=0, metaState=0, flags=0x28, repeatCount=0, eventTime=75459693, downTime=75459693, deviceId=-1, source=0x101 }
09-28 09:59:50.974 20687 20687 W ViewRootImpl[RecentsActivity]: Cancelling event due to no window focus: KeyEvent { action=ACTION_UP, keyCode=KEYCODE_BACK, scanCode=0, metaState=0, flags=0x28, repeatCount=0, eventTime=75459693, downTime=75459693, deviceId=-1, source=0x101 }
09-28 09:59:50.974 20687 20687 W ViewRootImpl[RecentsActivity]: Cancelling event due to no window focus: KeyEvent { action=ACTION_UP, keyCode=KEYCODE_BACK, scanCode=0, metaState=0, flags=0x28, repeatCount=0, eventTime=75459693, downTime=75459693, deviceId=-1, source=0x101 }
09-28 09:59:50.974 20687 20687 W ViewRootImpl[RecentsActivity]: Cancelling event due to no window focus: KeyEvent { action=ACTION_UP, keyCode=KEYCODE_BACK, scanCode=0, metaState=0, flags=0x28, repeatCount=0, eventTime=75459693, downTime=75459693, deviceId=-1, source=0x101 }
09-28 09:59:50.974 20687 20687 W ViewRootImpl[RecentsActivity]: Cancelling event due to no window focus: KeyEvent { action=ACTION_UP, keyCode=KEYCODE_BACK, scanCode=0, metaState=0, flags=0x28, repeatCount=0, eventTime=75459693, downTime=75459693, deviceId=-1, source=0x101 }
09-28 09:59:50.974 20687 20687 W ViewRootImpl[RecentsActivity]: Cancelling event due to no window focus: KeyEvent { action=ACTION_UP, keyCode=KEYCODE_BACK, scanCode=0, metaState=0, flags=0x28, repeatCount=0, eventTime=75459693, downTime=75459693, deviceId=-1, source=0x101 }
09-28 09:59:51.321 20483 20505 W ActivityManager: Activity pause timeout for ActivityRecord{54d8ca u0 com.android.systemui/.recents.RecentsActivity t12}
09-28 09:59:51.779 20483 20980 W art     : Long monitor contention with owner android.display (20524) at void com.android.server.wm.WindowAnimator$1.doFrame(long)(WindowAnimator.java:144) waiters=0 in void com.android.server.wm.WindowManagerService.getStackBounds(int, android.graphics.Rect) for 111ms
09-28 09:59:51.847 20483 20631 W art     : Long monitor contention with owner Binder:20483_7 (20980) at android.app.ActivityManager$StackInfo com.android.server.am.ActivityManagerService.getStackInfo(int)(ActivityManagerService.java:10120) waiters=1 in boolean com.android.server.am.ActivityManagerService.unbindService(android.app.IServiceConnection) for 381ms
09-28 09:59:51.850 20483 20505 W art     : Long monitor contention with owner Binder:20483_7 (20980) at android.app.ActivityManager$StackInfo com.android.server.am.ActivityManagerService.getStackInfo(int)(ActivityManagerService.java:10120) waiters=0 in void com.android.server.am.ActivityStack$ActivityStackHandler.handleMessage(android.os.Message) for 529ms
09-28 09:59:51.897 20483 20505 E ActivityManager: applyOptionsLocked: Unknown animationType=0
09-28 09:59:52.599 20483 20631 W art     : Long monitor contention with owner ActivityManager (20505) at void com.android.server.am.ActivityStack$ActivityStackHandler.handleMessage(android.os.Message)(ActivityStack.java:373) waiters=3 in int com.android.server.am.ActivityManagerService.getActivityDisplayId(android.os.IBinder) for 102ms
09-28 09:59:52.599 20483 21164 W art     : Long monitor contention with owner ActivityManager (20505) at void com.android.server.am.ActivityStack$ActivityStackHandler.handleMessage(android.os.Message)(ActivityStack.java:373) waiters=0 in boolean com.android.server.am.ActivityManagerService.unbindService(android.app.IServiceConnection) for 749ms
09-28 09:59:52.600 20483 21975 W art     : Long monitor contention with owner ActivityManager (20505) at void com.android.server.am.ActivityStack$ActivityStackHandler.handleMessage(android.os.Message)(ActivityStack.java:373) waiters=1 in android.app.ActivityManager$StackInfo com.android.server.am.ActivityManagerService.getStackInfo(int) for 602ms
09-28 09:59:53.305 20483 21166 W art     : Long monitor contention with owner Binder:20483_D (21975) at android.app.ActivityManager$StackInfo com.android.server.am.ActivityManagerService.getStackInfo(int)(ActivityManagerService.java:10120) waiters=0 in boolean com.android.server.am.ActivityManagerService.unbindService(android.app.IServiceConnection) for 703ms
09-28 09:59:53.306 20483 20672 W art     : Long monitor contention with owner Binder:20483_D (21975) at android.app.ActivityManager$StackInfo com.android.server.am.ActivityManagerService.getStackInfo(int)(ActivityManagerService.java:10120) waiters=1 in void com.android.server.am.TaskPersister.writeTaskIdsFiles() for 700ms
09-28 09:59:53.310 20483 20505 W art     : Long monitor contention with owner Binder:20483_D (21975) at android.app.ActivityManager$StackInfo com.android.server.am.ActivityManagerService.getStackInfo(int)(ActivityManagerService.java:10120) waiters=2 in void com.android.server.am.ActivityStack$ActivityStackHandler.handleMessage(android.os.Message) for 700ms
09-28 09:59:53.312  5987  5987 I AndroidInput: sensor listener setup
09-28 09:59:53.323 20360 20374 W audio_hw_generic: Not supplying enough data to HAL, expected position 6950992 , only wrote 6796800
09-28 09:59:53.957 20483 20672 W art     : Long monitor contention with owner Binder:20483_B (21182) at android.app.ActivityManager$StackInfo com.android.server.am.ActivityManagerService.getStackInfo(int)(ActivityManagerService.java:10120) waiters=0 in void com.android.server.am.TaskPersister.writeTaskIdsFiles() for 645ms
09-28 09:59:53.958 20483 20498 W art     : Long monitor contention with owner Binder:20483_B (21182) at android.app.ActivityManager$StackInfo com.android.server.am.ActivityManagerService.getStackInfo(int)(ActivityManagerService.java:10120) waiters=1 in boolean com.android.server.am.ActivityManagerService.isTopOfTask(android.os.IBinder) for 646ms
09-28 09:59:53.960 20483 21978 I ActivityManager: START u0 {flg=0x10804000 cmp=com.android.systemui/.recents.RecentsActivity} from uid 10028 on display 0
09-28 09:59:54.073 20687 20687 I Choreographer: Skipped 203 frames!  The application may be doing too much work on its main thread.
09-28 09:59:54.118 20687 20799 D EGL_emulation: eglMakeCurrent: 0xa15853c0: ver 2 0 (tinfo 0xa1583290)
09-28 09:59:54.403 20687 20687 W ViewRootImpl[RecentsActivity]: Dropping event due to no window focus: KeyEvent { action=ACTION_DOWN, keyCode=KEYCODE_BACK, scanCode=0, metaState=0, flags=0x8, repeatCount=0, eventTime=75459860, downTime=75459860, deviceId=-1, source=0x101 }
09-28 09:59:54.405  5963  5963 D XMLdumper: Skipping invisible child: android.view.accessibility.AccessibilityNodeInfo@8000c163; boundsInParent: Rect(0, 0 - 648, 65); boundsInScreen: Rect(216, 171 - 864, 236); packageName: com.android.systemui; className: android.widget.TextView; text: Gmail; error: null; maxTextLength: -1; contentDescription: Gmail; viewIdResName: com.android.systemui:id/title; checkable: false; checked: false; focusable: false; focused: false; selected: false; clickable: false; longClickable: false; contextClickable: false; enabled: true; password: false; scrollable: false; actions: [AccessibilityAction: ACTION_SELECT - null, AccessibilityAction: ACTION_CLEAR_SELECTION - null, AccessibilityAction: ACTION_ACCESSIBILITY_FOCUS - null, AccessibilityAction: ACTION_NEXT_AT_MOVEMENT_GRANULARITY - null, AccessibilityAction: ACTION_PREVIOUS_AT_MOVEMENT_GRANULARITY - null, AccessibilityAction: ACTION_SET_SELECTION - null, AccessibilityAction: ACTION_SHOW_ON_SCREEN - null]
09-28 09:59:54.405  5963  5963 D XMLdumper: Skipping invisible child: android.view.accessibility.AccessibilityNodeInfo@8000d428; boundsInParent: Rect(0, 0 - 168, 168); boundsInScreen: Rect(864, 120 - 1032, 288); packageName: com.android.systemui; className: android.widget.ImageView; text: null; error: null; maxTextLength: -1; contentDescription: Dismiss Gmail.; viewIdResName: com.android.systemui:id/dismiss_task; checkable: false; checked: false; focusable: false; focused: false; selected: false; clickable: false; longClickable: false; contextClickable: false; enabled: true; password: false; scrollable: false; actions: [AccessibilityAction: ACTION_SELECT - null, AccessibilityAction: ACTION_CLEAR_SELECTION - null, AccessibilityAction: ACTION_ACCESSIBILITY_FOCUS - null, AccessibilityAction: ACTION_NEXT_AT_MOVEMENT_GRANULARITY - null, AccessibilityAction: ACTION_PREVIOUS_AT_MOVEMENT_GRANULARITY - null, AccessibilityAction: ACTION_SET_SELECTION - null, AccessibilityAction: ACTION_SHOW_ON_SCREEN - null]
09-28 09:59:54.406  5963  5963 D XMLdumper: Skipping invisible child: android.view.accessibility.AccessibilityNodeInfo@8000d067; boundsInParent: Rect(0, 0 - 168, 168); boundsInScreen: Rect(864, 142 - 1032, 310); packageName: com.android.systemui; className: android.widget.ImageView; text: null; error: null; maxTextLength: -1; contentDescription: Dismiss Gmail.; viewIdResName: com.android.systemui:id/dismiss_task; checkable: false; checked: false; focusable: false; focused: false; selected: false; clickable: false; longClickable: false; contextClickable: false; enabled: true; password: false; scrollable: false; actions: [AccessibilityAction: ACTION_SELECT - null, AccessibilityAction: ACTION_CLEAR_SELECTION - null, AccessibilityAction: ACTION_ACCESSIBILITY_FOCUS - null, AccessibilityAction: ACTION_NEXT_AT_MOVEMENT_GRANULARITY - null, AccessibilityAction: ACTION_PREVIOUS_AT_MOVEMENT_GRANULARITY - null, AccessibilityAction: ACTION_SET_SELECTION - null, AccessibilityAction: ACTION_SHOW_ON_SCREEN - null]
09-28 09:59:54.406  5963  5963 D XMLdumper: Skipping invisible child: android.view.accessibility.AccessibilityNodeInfo@80024b8c; boundsInParent: Rect(0, 0 - 168, 168); boundsInScreen: Rect(864, 205 - 1032, 373); packageName: com.android.systemui; className: android.widget.ImageView; text: null; error: null; maxTextLength: -1; contentDescription: Dismiss Gmail.; viewIdResName: com.android.systemui:id/dismiss_task; checkable: false; checked: false; focusable: false; focused: false; selected: false; clickable: false; longClickable: false; contextClickable: false; enabled: true; password: false; scrollable: false; actions: [AccessibilityAction: ACTION_SELECT - null, AccessibilityAction: ACTION_CLEAR_SELECTION - null, AccessibilityAction: ACTION_ACCESSIBILITY_FOCUS - null, AccessibilityAction: ACTION_NEXT_AT_MOVEMENT_GRANULARITY - null, AccessibilityAction: ACTION_PREVIOUS_AT_MOVEMENT_GRANULARITY - null, AccessibilityAction: ACTION_SET_SELECTION - null, AccessibilityAction: ACTION_SHOW_ON_SCREEN - null]
09-28 09:59:54.406  5963  5963 D XMLdumper: Skipping invisible child: android.view.accessibility.AccessibilityNodeInfo@80017593; boundsInParent: Rect(0, 0 - 168, 168); boundsInScreen: Rect(864, 503 - 1032, 671); packageName: com.android.systemui; className: android.widget.ImageView; text: null; error: null; maxTextLength: -1; contentDescription: Dismiss 1010! Klooni.; viewIdResName: com.android.systemui:id/dismiss_task; checkable: false; checked: false; focusable: false; focused: false; selected: false; clickable: false; longClickable: false; contextClickable: false; enabled: true; password: false; scrollable: false; actions: [AccessibilityAction: ACTION_SELECT - null, AccessibilityAction: ACTION_CLEAR_SELECTION - null, AccessibilityAction: ACTION_ACCESSIBILITY_FOCUS - null, AccessibilityAction: ACTION_NEXT_AT_MOVEMENT_GRANULARITY - null, AccessibilityAction: ACTION_PREVIOUS_AT_MOVEMENT_GRANULARITY - null, AccessibilityAction: ACTION_SET_SELECTION - null, AccessibilityAction: ACTION_SHOW_ON_SCREEN - null]
09-28 09:59:54.406  5963  5963 D XMLdumper: Skipping invisible child: android.view.accessibility.AccessibilityNodeInfo@800265d3; boundsInParent: Rect(0, 0 - 168, 168); boundsInScreen: Rect(864, 1536 - 1032, 1704); packageName: com.android.systemui; className: android.widget.ImageView; text: null; error: null; maxTextLength: -1; contentDescription: Dismiss AppFuzzer.; viewIdResName: com.android.systemui:id/dismiss_task; checkable: false; checked: false; focusable: false; focused: false; selected: false; clickable: false; longClickable: false; contextClickable: false; enabled: true; password: false; scrollable: false; actions: [AccessibilityAction: ACTION_SELECT - null, AccessibilityAction: ACTION_CLEAR_SELECTION - null, AccessibilityAction: ACTION_ACCESSIBILITY_FOCUS - null, AccessibilityAction: ACTION_NEXT_AT_MOVEMENT_GRANULARITY - null, AccessibilityAction: ACTION_PREVIOUS_AT_MOVEMENT_GRANULARITY - null, AccessibilityAction: ACTION_SET_SELECTION - null, AccessibilityAction: ACTION_SHOW_ON_SCREEN - null]
09-28 09:59:54.406  5963  5963 D XMLdumper: Cleaning up.
09-28 09:59:54.406  5963  5963 V XMLdumper: setSource called, old: Accessibility; new: 
09-28 09:59:54.408  5963  5963 D MyTimerTask_1: Starting new timer
09-28 09:59:54.409  5963  5963 V onAccessibilityEvent: Unlocked.
09-28 09:59:54.409  5963  5963 I onAccessibilityEvent: ********** New Event received: EventType: TYPE_WINDOW_STATE_CHANGED; EventTime: 75463644; PackageName: com.android.systemui; MovementGranularity: 0; Action: 0 [ ClassName: com.android.systemui.recents.RecentsActivity; Text: [Overview.]; ContentDescription: null; ItemCount: -1; CurrentItemIndex: -1; IsEnabled: true; IsPassword: false; IsChecked: false; IsFullScreen: true; Scrollable: false; BeforeText: null; FromIndex: -1; ToIndex: -1; ScrollX: -1; ScrollY: -1; MaxScrollX: -1; MaxScrollY: -1; AddedCount: -1; RemovedCount: -1; ParcelableData: null ]; recordCount: 0
09-28 09:59:54.409  5963  5963 V onAccessibilityEvent: Locking.
09-28 09:59:54.409  5963  5963 W *** RAM availability: 0.5978782373765604
09-28 09:59:54.409  5963  5963 D MyTimerTask_1: Canceled timer.
09-28 09:59:54.409  5963  5963 D MyTimerTask_1: Canceled timer.
09-28 09:59:54.409  5963  5963 I onAccessibilityEvent: Current rep: 9, Current set: 2
09-28 09:59:54.409  5963  5963 I onAccessibilityEvent: CURRENT_STEP is now 9
09-28 09:59:54.409  5963  5963 W XMLdumper: startFile called, but a file is already being processed
09-28 09:59:54.409  5963  5963 V XMLdumper: setSource called, old: ; new: Accessibility
09-28 09:59:54.409  5963  5963 D MyTimerTask_1: Canceled timer.
09-28 09:59:54.410  5963  5963 I MyTimerTask_1: Started MyTimerTask:injectEventCaller with node android.view.accessibility.AccessibilityNodeInfo@8000b25f; boundsInParent: Rect(0, 0 - 1080, 1920); boundsInScreen: Rect(0, 0 - 1080, 1920); packageName: com.android.systemui; className: android.widget.FrameLayout; text: null; error: null; maxTextLength: -1; contentDescription: null; viewIdResName: null; checkable: false; checked: false; focusable: true; focused: false; selected: false; clickable: false; longClickable: false; contextClickable: false; enabled: true; password: false; scrollable: false; actions: [AccessibilityAction: ACTION_FOCUS - null, AccessibilityAction: ACTION_SELECT - null, AccessibilityAction: ACTION_CLEAR_SELECTION - null, AccessibilityAction: ACTION_ACCESSIBILITY_FOCUS - null, AccessibilityAction: ACTION_SHOW_ON_SCREEN - null]
09-28 09:59:54.410  5963  5963 D EventInjector_1: Started EventInjector.inject
09-28 09:59:54.410  5963  5963 D EventInjector_1: Discarded package com.android.systemui as it does not equal io.github.lonamiwebs.klooni
09-28 09:59:54.410  5963  5963 V XMLdumper: writeEvent called with Accessibility, 28, Back
09-28 09:59:54.412 20687 20687 W ViewRootImpl[RecentsActivity]: Cancelling event due to no window focus: KeyEvent { action=ACTION_UP, keyCode=KEYCODE_BACK, scanCode=0, metaState=0, flags=0x28, repeatCount=0, eventTime=75459860, downTime=75459860, deviceId=-1, source=0x101 }
09-28 09:59:54.412 20687 20687 W ViewRootImpl[RecentsActivity]: Cancelling event due to no window focus: KeyEvent { action=ACTION_UP, keyCode=KEYCODE_BACK, scanCode=0, metaState=0, flags=0x28, repeatCount=0, eventTime=75459860, downTime=75459860, deviceId=-1, source=0x101 }
09-28 09:59:54.412 20687 20687 W ViewRootImpl[RecentsActivity]: Cancelling event due to no window focus: KeyEvent { action=ACTION_UP, keyCode=KEYCODE_BACK, scanCode=0, metaState=0, flags=0x28, repeatCount=0, eventTime=75459860, downTime=75459860, deviceId=-1, source=0x101 }
09-28 09:59:54.465 20687 20799 D EGL_emulation: eglMakeCurrent: 0xa15853c0: ver 2 0 (tinfo 0xa1583290)
09-28 09:59:54.547  5987  5987 I AndroidInput: sensor listener tear down
09-28 09:59:54.570 20687 20799 D EGL_emulation: eglMakeCurrent: 0xa15853c0: ver 2 0 (tinfo 0xa1583290)
09-28 09:59:54.572 20687 20687 W ViewRootImpl[RecentsActivity]: Cancelling event due to no window focus: KeyEvent { action=ACTION_UP, keyCode=KEYCODE_BACK, scanCode=0, metaState=0, flags=0x28, repeatCount=0, eventTime=75459860, downTime=75459860, deviceId=-1, source=0x101 }
09-28 09:59:54.572 20687 20687 W ViewRootImpl[RecentsActivity]: Cancelling event due to no window focus: KeyEvent { action=ACTION_UP, keyCode=KEYCODE_BACK, scanCode=0, metaState=0, flags=0x28, repeatCount=0, eventTime=75459860, downTime=75459860, deviceId=-1, source=0x101 }
09-28 09:59:54.572 20687 20687 W ViewRootImpl[RecentsActivity]: Cancelling event due to no window focus: KeyEvent { action=ACTION_UP, keyCode=KEYCODE_BACK, scanCode=0, metaState=0, flags=0x28, repeatCount=0, eventTime=75459860, downTime=75459860, deviceId=-1, source=0x101 }
09-28 09:59:54.572 20687 20687 W ViewRootImpl[RecentsActivity]: Cancelling event due to no window focus: KeyEvent { action=ACTION_UP, keyCode=KEYCODE_BACK, scanCode=0, metaState=0, flags=0x28, repeatCount=0, eventTime=75459860, downTime=75459860, deviceId=-1, source=0x101 }
09-28 09:59:54.572 20687 20687 W ViewRootImpl[RecentsActivity]: Cancelling event due to no window focus: KeyEvent { action=ACTION_UP, keyCode=KEYCODE_BACK, scanCode=0, metaState=0, flags=0x28, repeatCount=0, eventTime=75459860, downTime=75459860, deviceId=-1, source=0x101 }
09-28 09:59:54.572 20687 20687 W ViewRootImpl[RecentsActivity]: Cancelling event due to no window focus: KeyEvent { action=ACTION_UP, keyCode=KEYCODE_BACK, scanCode=0, metaState=0, flags=0x28, repeatCount=0, eventTime=75459860, downTime=75459860, deviceId=-1, source=0x101 }
09-28 09:59:54.595  5987  5987 I Choreographer: Skipped 31 frames!  The application may be doing too much work on its main thread.
09-28 09:59:54.620 20483 21976 W InputMethodManagerService: Window already focused, ignoring focus gain of: com.android.internal.view.IInputMethodClient$Stub$Proxy@6f5bf15 attribute=null, token = android.os.BinderProxy@5a4ca0f
09-28 09:59:54.891  5963  5963 D XMLdumper: Skipping invisible child: android.view.accessibility.AccessibilityNodeInfo@8000c163; boundsInParent: Rect(0, 0 - 648, 65); boundsInScreen: Rect(216, 171 - 864, 236); packageName: com.android.systemui; className: android.widget.TextView; text: Gmail; error: null; maxTextLength: -1; contentDescription: Gmail; viewIdResName: com.android.systemui:id/title; checkable: false; checked: false; focusable: false; focused: false; selected: false; clickable: false; longClickable: false; contextClickable: false; enabled: true; password: false; scrollable: false; actions: [AccessibilityAction: ACTION_SELECT - null, AccessibilityAction: ACTION_CLEAR_SELECTION - null, AccessibilityAction: ACTION_ACCESSIBILITY_FOCUS - null, AccessibilityAction: ACTION_NEXT_AT_MOVEMENT_GRANULARITY - null, AccessibilityAction: ACTION_PREVIOUS_AT_MOVEMENT_GRANULARITY - null, AccessibilityAction: ACTION_SET_SELECTION - null, AccessibilityAction: ACTION_SHOW_ON_SCREEN - null]
09-28 09:59:54.892  5963  5963 D XMLdumper: Skipping invisible child: android.view.accessibility.AccessibilityNodeInfo@800265d3; boundsInParent: Rect(0, 0 - 168, 168); boundsInScreen: Rect(864, 503 - 1032, 671); packageName: com.android.systemui; className: android.widget.ImageView; text: null; error: null; maxTextLength: -1; contentDescription: Dismiss 1010! Klooni.; viewIdResName: com.android.systemui:id/dismiss_task; checkable: false; checked: false; focusable: false; focused: false; selected: false; clickable: false; longClickable: false; contextClickable: false; enabled: true; password: false; scrollable: false; actions: [AccessibilityAction: ACTION_SELECT - null, AccessibilityAction: ACTION_CLEAR_SELECTION - null, AccessibilityAction: ACTION_ACCESSIBILITY_FOCUS - null, AccessibilityAction: ACTION_NEXT_AT_MOVEMENT_GRANULARITY - null, AccessibilityAction: ACTION_PREVIOUS_AT_MOVEMENT_GRANULARITY - null, AccessibilityAction: ACTION_SET_SELECTION - null, AccessibilityAction: ACTION_SHOW_ON_SCREEN - null]
09-28 09:59:54.892  5963  5963 D XMLdumper: Skipping invisible child: android.view.accessibility.AccessibilityNodeInfo@80017593; boundsInParent: Rect(0, 0 - 168, 168); boundsInScreen: Rect(864, 1536 - 1032, 1704); packageName: com.android.systemui; className: android.widget.ImageView; text: null; error: null; maxTextLength: -1; contentDescription: Dismiss AppFuzzer.; viewIdResName: com.android.systemui:id/dismiss_task; checkable: false; checked: false; focusable: false; focused: false; selected: false; clickable: false; longClickable: false; contextClickable: false; enabled: true; password: false; scrollable: false; actions: [AccessibilityAction: ACTION_SELECT - null, AccessibilityAction: ACTION_CLEAR_SELECTION - null, AccessibilityAction: ACTION_ACCESSIBILITY_FOCUS - null, AccessibilityAction: ACTION_NEXT_AT_MOVEMENT_GRANULARITY - null, AccessibilityAction: ACTION_PREVIOUS_AT_MOVEMENT_GRANULARITY - null, AccessibilityAction: ACTION_SET_SELECTION - null, AccessibilityAction: ACTION_SHOW_ON_SCREEN - null]
09-28 09:59:54.892  5963  5963 D XMLdumper: Cleaning up.
09-28 09:59:54.892  5963  5963 V XMLdumper: setSource called, old: Accessibility; new: 
09-28 09:59:54.893  5963  5963 D MyTimerTask_1: Starting new timer
09-28 09:59:54.894  5963  5963 V onAccessibilityEvent: Unlocked.
09-28 09:59:54.894  5963  5963 I onAccessibilityEvent: ********** New Event received: EventType: TYPE_WINDOW_STATE_CHANGED; EventTime: 75463979; PackageName: io.github.lonamiwebs.klooni; MovementGranularity: 0; Action: 0 [ ClassName: io.github.lonamiwebs.klooni.AndroidLauncher; Text: [1010! Klooni]; ContentDescription: null; ItemCount: -1; CurrentItemIndex: -1; IsEnabled: true; IsPassword: false; IsChecked: false; IsFullScreen: true; Scrollable: false; BeforeText: null; FromIndex: -1; ToIndex: -1; ScrollX: -1; ScrollY: -1; MaxScrollX: -1; MaxScrollY: -1; AddedCount: -1; RemovedCount: -1; ParcelableData: null ]; recordCount: 0
09-28 09:59:54.894  5963  5963 V onAccessibilityEvent: Locking.
09-28 09:59:54.895  5963  5963 W *** RAM availability: 0.5984449723619651
09-28 09:59:54.895  5963  5963 D MyTimerTask_1: Canceled timer.
09-28 09:59:54.895  5963  5963 D MyTimerTask_1: Canceled timer.
09-28 09:59:54.895  5963  5963 I onAccessibilityEvent: Current rep: 10, Current set: 2
09-28 09:59:54.895  5963  5963 W onAccessibilityEvent: Maximum reps reached. This was set 2
09-28 09:59:54.895  5963  5963 D MyTimerTask_1: Canceled timer.
09-28 09:59:54.895  5963  5963 W onAccessibilityEvent: Did not clear application data, as root is not available.
09-28 09:59:54.895  5963  5963 V XMLdumper: endFile called
09-28 09:59:54.896  5963  5963 I onAccessibilityEvent: Writing logcat to file.
