--------- beginning of main
09-28 09:59:38.213  5963  6149 D MainActivity: Cleared logcat.
09-28 09:59:38.213  5963  6149 I onAccessibilityEvent: CURRENT_STEP is now 0
09-28 09:59:38.213  5963  6149 D MyTimerTask_1: TimerCallback: We have found a current_root and begin writing the XML now
09-28 09:59:38.213  5963  6149 V XMLdumper: startFile called
09-28 09:59:38.213  5963  6149 V XMLdumper: setSource called, old: ; new: Timer
09-28 09:59:38.213  5963  6149 D MyTimerTask_1: TimerCallback: Calling injectEventCaller
09-28 09:59:38.213  5963  6149 D MyTimerTask_1: Canceled timer.
09-28 09:59:38.214  5963  6149 I MyTimerTask_1: Started MyTimerTask:injectEventCaller with node android.view.accessibility.AccessibilityNodeInfo@80008919; boundsInParent: Rect(0, 0 - 1080, 1776); boundsInScreen: Rect(0, 0 - 1080, 1776); packageName: io.github.lonamiwebs.klooni; className: android.widget.FrameLayout; text: null; error: null; maxTextLength: -1; contentDescription: null; viewIdResName: null; checkable: false; checked: false; focusable: false; focused: false; selected: false; clickable: false; longClickable: false; contextClickable: false; enabled: true; password: false; scrollable: false; actions: [AccessibilityAction: ACTION_SELECT - null, AccessibilityAction: ACTION_CLEAR_SELECTION - null, AccessibilityAction: ACTION_ACCESSIBILITY_FOCUS - null, AccessibilityAction: ACTION_SHOW_ON_SCREEN - null]
09-28 09:59:38.214  5963  6149 D EventInjector_1: Started EventInjector.inject
09-28 09:59:38.215  5963  6149 I EventInjector_1: No scrollables found
09-28 09:59:38.217  5963  6149 V XMLdumper: writeEvent called with Timer, 19, Back
09-28 09:59:38.218  5963  6149 D XMLdumper: Cleaning up.
09-28 09:59:38.218  5963  6149 V XMLdumper: setSource called, old: Timer; new: 
09-28 09:59:38.218  5963  6149 I EventInjector_1: Pressing back
09-28 09:59:38.219  5963  6149 D EventInjector_1: EventInjector.inject finished.
09-28 09:59:38.219  5963  6149 D MyTimerTask_1: Starting new timer
09-28 09:59:38.229  5963  6149 V MyTimerTask_1: Unlocked.
09-28 09:59:38.229  5963  5963 W *** RAM availability: 0.5954521458294516
09-28 09:59:38.229  5963  5963 D MyTimerTask_1: Canceled timer.
09-28 09:59:38.229  5963  5963 I onAccessibilityEvent: Current rep: 1, Current set: 2
09-28 09:59:38.229  5963  5963 I onAccessibilityEvent: CURRENT_STEP is now 1
09-28 09:59:38.230  5963  5963 W XMLdumper: startFile called, but a file is already being processed
09-28 09:59:38.230  5963  5963 V XMLdumper: setSource called, old: ; new: Accessibility
09-28 09:59:38.230  5963  5963 D MyTimerTask_1: Canceled timer.
09-28 09:59:38.231  5963  5963 I MyTimerTask_1: Started MyTimerTask:injectEventCaller with node android.view.accessibility.AccessibilityNodeInfo@80008919; boundsInParent: Rect(0, 0 - 1080, 1776); boundsInScreen: Rect(0, 0 - 1080, 1776); packageName: io.github.lonamiwebs.klooni; className: android.widget.FrameLayout; text: null; error: null; maxTextLength: -1; contentDescription: null; viewIdResName: null; checkable: false; checked: false; focusable: false; focused: false; selected: false; clickable: false; longClickable: false; contextClickable: false; enabled: true; password: false; scrollable: false; actions: [AccessibilityAction: ACTION_SELECT - null, AccessibilityAction: ACTION_CLEAR_SELECTION - null, AccessibilityAction: ACTION_ACCESSIBILITY_FOCUS - null, AccessibilityAction: ACTION_SHOW_ON_SCREEN - null]
09-28 09:59:38.231  5963  5963 D EventInjector_1: Started EventInjector.inject
09-28 09:59:38.232  5963  5963 V XMLdumper: writeEvent called with Accessibility, 20, Back
09-28 09:59:38.235  5963  5963 D XMLdumper: Cleaning up.
09-28 09:59:38.235  5963  5963 V XMLdumper: setSource called, old: Accessibility; new: 
09-28 09:59:38.235  5963  5963 I EventInjector_1: Pressing back
09-28 09:59:38.235  5963  5963 D EventInjector_1: EventInjector.inject finished.
09-28 09:59:38.236  5963  5963 D MyTimerTask_1: Starting new timer
09-28 09:59:38.236  5963  5963 V onAccessibilityEvent: Unlocked.
09-28 09:59:38.237  5963  6153 W *** RAM availability: 0.5953978013787964
09-28 09:59:38.295  5987  6139 I AndroidGraphics: paused
09-28 09:59:38.303  5987  5987 I AndroidInput: sensor listener tear down
09-28 09:59:38.303  5987  5987 I AndroidGraphics: Managed meshes/app: { }
09-28 09:59:38.303  5987  5987 I AndroidGraphics: Managed textures/app: { }
09-28 09:59:38.303  5987  5987 I AndroidGraphics: Managed cubemap/app: { }
09-28 09:59:38.303  5987  5987 I AndroidGraphics: Managed shaders/app: { }
09-28 09:59:38.303  5987  5987 I AndroidGraphics: Managed buffers/app: { }
09-28 09:59:38.418  5987  6139 I AndroidGraphics: destroyed
09-28 09:59:38.431  5963  6166 D MyTimerTask_1: TimerCallback called.
09-28 09:59:38.431  5963  6166 V MyTimerTask_1: Locking.
09-28 09:59:38.436  5963  6168 D MyTimerTask_1: TimerCallback called.
09-28 09:59:38.436  5963  6168 V MyTimerTask_1: Locking.
09-28 09:59:39.430  1313  1326 D gralloc_ranchu: gralloc_alloc: Creating ashmem region of size 2760704
09-28 09:59:39.439  1313  1313 E EGL_emulation: tid 1313: eglCreateSyncKHR(1881): error 0x3004 (EGL_BAD_ATTRIBUTE)
09-28 09:59:39.459 20483 20524 W art     : Long monitor contention with owner Binder:20483_2 (20499) at android.graphics.Bitmap com.android.server.wm.WindowManagerService.screenshotApplicationsInner(android.os.IBinder, int, int, int, boolean, float, android.graphics.Bitmap$Config, boolean)(WindowManagerService.java:6462) waiters=0 in void com.android.server.wm.WindowAnimator$1.doFrame(long) for 223ms
09-28 09:59:39.475 20483 20672 W art     : Long monitor contention with owner Binder:20483_2 (20499) at void com.android.server.am.ActivityManagerService.activityPaused(android.os.IBinder)(ActivityManagerService.java:6916) waiters=0 in void com.android.server.am.TaskPersister$LazyTaskWriterThread.run() for 726ms
09-28 09:59:39.486  5963  6153 D MyTimerTask_1: Found current_node: android.view.accessibility.AccessibilityNodeInfo@80008919; boundsInParent: Rect(0, 0 - 1080, 1776); boundsInScreen: Rect(0, 0 - 1080, 1776); packageName: io.github.lonamiwebs.klooni; className: android.widget.FrameLayout; text: null; error: null; maxTextLength: -1; contentDescription: null; viewIdResName: null; checkable: false; checked: false; focusable: false; focused: false; selected: false; clickable: false; longClickable: false; contextClickable: false; enabled: true; password: false; scrollable: false; actions: [AccessibilityAction: ACTION_SELECT - null, AccessibilityAction: ACTION_CLEAR_SELECTION - null, AccessibilityAction: ACTION_ACCESSIBILITY_FOCUS - null, AccessibilityAction: ACTION_SHOW_ON_SCREEN - null]
09-28 09:59:39.487  5963  6153 I onAccessibilityEvent: Current rep: 2, Current set: 2
09-28 09:59:39.487  5963  6153 I onAccessibilityEvent: CURRENT_STEP is now 2
09-28 09:59:39.487  5963  6153 D MyTimerTask_1: TimerCallback: We have found a current_root and begin writing the XML now
09-28 09:59:39.487  5963  6153 W XMLdumper: startFile called, but a file is already being processed
09-28 09:59:39.487  5963  6153 V XMLdumper: setSource called, old: ; new: Timer
09-28 09:59:39.487  5963  6153 D MyTimerTask_1: TimerCallback: Calling injectEventCaller
09-28 09:59:39.487  5963  6153 D MyTimerTask_1: Canceled timer.
09-28 09:59:39.487  5963  6153 I MyTimerTask_1: Started MyTimerTask:injectEventCaller with node android.view.accessibility.AccessibilityNodeInfo@80008919; boundsInParent: Rect(0, 0 - 1080, 1776); boundsInScreen: Rect(0, 0 - 1080, 1776); packageName: io.github.lonamiwebs.klooni; className: android.widget.FrameLayout; text: null; error: null; maxTextLength: -1; contentDescription: null; viewIdResName: null; checkable: false; checked: false; focusable: false; focused: false; selected: false; clickable: false; longClickable: false; contextClickable: false; enabled: true; password: false; scrollable: false; actions: [AccessibilityAction: ACTION_SELECT - null, AccessibilityAction: ACTION_CLEAR_SELECTION - null, AccessibilityAction: ACTION_ACCESSIBILITY_FOCUS - null, AccessibilityAction: ACTION_SHOW_ON_SCREEN - null]
09-28 09:59:39.487  5963  6153 D EventInjector_1: Started EventInjector.inject
09-28 09:59:39.489  5963  6153 V XMLdumper: writeEvent called with Timer, 21, Back
09-28 09:59:39.489  5963  6153 D XMLdumper: Cleaning up.
09-28 09:59:39.489  5963  6153 V XMLdumper: setSource called, old: Timer; new: 
09-28 09:59:39.489  5963  6153 I EventInjector_1: Pressing back
09-28 09:59:39.489  5963  6153 D EventInjector_1: EventInjector.inject finished.
09-28 09:59:39.489  5963  6153 D MyTimerTask_1: Starting new timer
09-28 09:59:39.490  5963  6153 V MyTimerTask_1: Unlocked.
09-28 09:59:39.490  5963  6166 W *** RAM availability: 0.59548708154773
09-28 09:59:39.601  5963  6166 D MyTimerTask_1: Found current_node: android.view.accessibility.AccessibilityNodeInfo@80008919; boundsInParent: Rect(0, 0 - 1080, 1776); boundsInScreen: Rect(0, 0 - 1080, 1776); packageName: io.github.lonamiwebs.klooni; className: android.widget.FrameLayout; text: null; error: null; maxTextLength: -1; contentDescription: null; viewIdResName: null; checkable: false; checked: false; focusable: false; focused: false; selected: false; clickable: false; longClickable: false; contextClickable: false; enabled: true; password: false; scrollable: false; actions: [AccessibilityAction: ACTION_SELECT - null, AccessibilityAction: ACTION_CLEAR_SELECTION - null, AccessibilityAction: ACTION_ACCESSIBILITY_FOCUS - null, AccessibilityAction: ACTION_SHOW_ON_SCREEN - null]
09-28 09:59:39.601  5963  6166 I onAccessibilityEvent: Current rep: 3, Current set: 2
09-28 09:59:39.601  5963  6166 I onAccessibilityEvent: CURRENT_STEP is now 3
09-28 09:59:39.601  5963  6166 D MyTimerTask_1: TimerCallback: We have found a current_root and begin writing the XML now
09-28 09:59:39.601  5963  6166 W XMLdumper: startFile called, but a file is already being processed
09-28 09:59:39.601  5963  6166 V XMLdumper: setSource called, old: ; new: Timer
09-28 09:59:39.601  5963  6166 D MyTimerTask_1: TimerCallback: Calling injectEventCaller
09-28 09:59:39.601  5963  6166 D MyTimerTask_1: Canceled timer.
09-28 09:59:39.602  5963  6166 I MyTimerTask_1: Started MyTimerTask:injectEventCaller with node android.view.accessibility.AccessibilityNodeInfo@80008919; boundsInParent: Rect(0, 0 - 1080, 1776); boundsInScreen: Rect(0, 0 - 1080, 1776); packageName: io.github.lonamiwebs.klooni; className: android.widget.FrameLayout; text: null; error: null; maxTextLength: -1; contentDescription: null; viewIdResName: null; checkable: false; checked: false; focusable: false; focused: false; selected: false; clickable: false; longClickable: false; contextClickable: false; enabled: true; password: false; scrollable: false; actions: [AccessibilityAction: ACTION_SELECT - null, AccessibilityAction: ACTION_CLEAR_SELECTION - null, AccessibilityAction: ACTION_ACCESSIBILITY_FOCUS - null, AccessibilityAction: ACTION_SHOW_ON_SCREEN - null]
09-28 09:59:39.602  5963  6166 D EventInjector_1: Started EventInjector.inject
09-28 09:59:39.602  5963  6166 D EventInjector_1: Skipped searching for OAuth forms.
09-28 09:59:39.603  5963  6166 V XMLdumper: writeEvent called with Timer, 22, Back
09-28 09:59:39.603  5963  6166 D XMLdumper: Cleaning up.
09-28 09:59:39.603  5963  6166 V XMLdumper: setSource called, old: Timer; new: 
09-28 09:59:39.604  5963  6166 I EventInjector_1: Pressing back
09-28 09:59:39.605  5963  6166 D EventInjector_1: EventInjector.inject finished.
09-28 09:59:39.605  5963  6166 D MyTimerTask_1: Starting new timer
09-28 09:59:39.605  5963  6166 V MyTimerTask_1: Unlocked.
09-28 09:59:39.608  5963  6168 W *** RAM availability: 0.5953978013787964
09-28 09:59:39.691  5963  6184 D MyTimerTask_1: TimerCallback called.
09-28 09:59:39.691  5963  6184 V MyTimerTask_1: Locking.
09-28 09:59:39.728  5963  6168 D MyTimerTask_1: Found current_node: android.view.accessibility.AccessibilityNodeInfo@80008919; boundsInParent: Rect(0, 0 - 1080, 1776); boundsInScreen: Rect(0, 0 - 1080, 1776); packageName: io.github.lonamiwebs.klooni; className: android.widget.FrameLayout; text: null; error: null; maxTextLength: -1; contentDescription: null; viewIdResName: null; checkable: false; checked: false; focusable: false; focused: false; selected: false; clickable: false; longClickable: false; contextClickable: false; enabled: true; password: false; scrollable: false; actions: [AccessibilityAction: ACTION_SELECT - null, AccessibilityAction: ACTION_CLEAR_SELECTION - null, AccessibilityAction: ACTION_ACCESSIBILITY_FOCUS - null, AccessibilityAction: ACTION_SHOW_ON_SCREEN - null]
09-28 09:59:39.729  5963  6168 I onAccessibilityEvent: Current rep: 4, Current set: 2
09-28 09:59:39.729  5963  6168 I onAccessibilityEvent: CURRENT_STEP is now 4
09-28 09:59:39.729  5963  6168 D MyTimerTask_1: TimerCallback: We have found a current_root and begin writing the XML now
09-28 09:59:39.729  5963  6168 W XMLdumper: startFile called, but a file is already being processed
09-28 09:59:39.729  5963  6168 V XMLdumper: setSource called, old: ; new: Timer
09-28 09:59:39.729  5963  6168 D MyTimerTask_1: TimerCallback: Calling injectEventCaller
09-28 09:59:39.729  5963  6168 D MyTimerTask_1: Canceled timer.
09-28 09:59:39.729  5963  6168 I MyTimerTask_1: Started MyTimerTask:injectEventCaller with node android.view.accessibility.AccessibilityNodeInfo@80008919; boundsInParent: Rect(0, 0 - 1080, 1776); boundsInScreen: Rect(0, 0 - 1080, 1776); packageName: io.github.lonamiwebs.klooni; className: android.widget.FrameLayout; text: null; error: null; maxTextLength: -1; contentDescription: null; viewIdResName: null; checkable: false; checked: false; focusable: false; focused: false; selected: false; clickable: false; longClickable: false; contextClickable: false; enabled: true; password: false; scrollable: false; actions: [AccessibilityAction: ACTION_SELECT - null, AccessibilityAction: ACTION_CLEAR_SELECTION - null, AccessibilityAction: ACTION_ACCESSIBILITY_FOCUS - null, AccessibilityAction: ACTION_SHOW_ON_SCREEN - null]
09-28 09:59:39.729  5963  6168 D EventInjector_1: Started EventInjector.inject
09-28 09:59:39.730  5963  6168 V XMLdumper: writeEvent called with Timer, 23, Back
09-28 09:59:39.731  5963  6168 D XMLdumper: Cleaning up.
09-28 09:59:39.731  5963  6168 V XMLdumper: setSource called, old: Timer; new: 
09-28 09:59:39.731  5963  6168 I EventInjector_1: Pressing back
09-28 09:59:39.806  5963  6186 D MyTimerTask_1: TimerCallback called.
09-28 09:59:39.806  5963  6186 V MyTimerTask_1: Locking.
09-28 09:59:39.904 20483 21165 W art     : Long monitor contention with owner Binder:20483_E (21976) at boolean com.android.server.accessibility.AccessibilityManagerService.sendAccessibilityEvent(android.view.accessibility.AccessibilityEvent, int)(AccessibilityManagerService.java:455) waiters=0 in boolean com.android.server.accessibility.AccessibilityManagerService$Service.performGlobalAction(int) for 173ms
--------- beginning of system
09-28 09:59:39.904  5963  5963 W ViewRootImpl[MainActivity]: Cancelling event due to no window focus: KeyEvent { action=ACTION_UP, keyCode=KEYCODE_BACK, scanCode=0, metaState=0, flags=0x28, repeatCount=0, eventTime=75447790, downTime=75447790, deviceId=-1, source=0x101 }
09-28 09:59:39.904  5963  5963 W ViewRootImpl[MainActivity]: Cancelling event due to no window focus: KeyEvent { action=ACTION_UP, keyCode=KEYCODE_BACK, scanCode=0, metaState=0, flags=0x28, repeatCount=0, eventTime=75447790, downTime=75447790, deviceId=-1, source=0x101 }
09-28 09:59:39.904  5963  5963 W ViewRootImpl[MainActivity]: Cancelling event due to no window focus: KeyEvent { action=ACTION_UP, keyCode=KEYCODE_BACK, scanCode=0, metaState=0, flags=0x28, repeatCount=0, eventTime=75447790, downTime=75447790, deviceId=-1, source=0x101 }
09-28 09:59:39.904  5963  5963 W ViewRootImpl[MainActivity]: Cancelling event due to no window focus: KeyEvent { action=ACTION_UP, keyCode=KEYCODE_BACK, scanCode=0, metaState=0, flags=0x28, repeatCount=0, eventTime=75447790, downTime=75447790, deviceId=-1, source=0x101 }
09-28 09:59:39.904  5963  6168 D EventInjector_1: EventInjector.inject finished.
09-28 09:59:39.904  5963  5963 W ViewRootImpl[MainActivity]: Cancelling event due to no window focus: KeyEvent { action=ACTION_UP, keyCode=KEYCODE_BACK, scanCode=0, metaState=0, flags=0x28, repeatCount=0, eventTime=75447790, downTime=75447790, deviceId=-1, source=0x101 }
09-28 09:59:39.904  5963  6168 D MyTimerTask_1: Starting new timer
09-28 09:59:39.904  5963  5963 W ViewRootImpl[MainActivity]: Cancelling event due to no window focus: KeyEvent { action=ACTION_UP, keyCode=KEYCODE_BACK, scanCode=0, metaState=0, flags=0x28, repeatCount=0, eventTime=75447790, downTime=75447790, deviceId=-1, source=0x101 }
09-28 09:59:39.904  5963  5963 W ViewRootImpl[MainActivity]: Cancelling event due to no window focus: KeyEvent { action=ACTION_UP, keyCode=KEYCODE_BACK, scanCode=0, metaState=0, flags=0x28, repeatCount=0, eventTime=75447790, downTime=75447790, deviceId=-1, source=0x101 }
09-28 09:59:39.904  5963  5963 W ViewRootImpl[MainActivity]: Cancelling event due to no window focus: KeyEvent { action=ACTION_UP, keyCode=KEYCODE_BACK, scanCode=0, metaState=0, flags=0x28, repeatCount=0, eventTime=75447790, downTime=75447790, deviceId=-1, source=0x101 }
09-28 09:59:39.905  5963  5963 W ViewRootImpl[MainActivity]: Cancelling event due to no window focus: KeyEvent { action=ACTION_UP, keyCode=KEYCODE_BACK, scanCode=0, metaState=0, flags=0x28, repeatCount=0, eventTime=75447790, downTime=75447790, deviceId=-1, source=0x101 }
09-28 09:59:39.906  5963  6168 V MyTimerTask_1: Unlocked.
09-28 09:59:39.906  5963  6184 W *** RAM availability: 0.5953046394633874
09-28 09:59:40.008  5987  5987 W IInputConnectionWrapper: reportFullscreenMode on inexistent InputConnection
09-28 09:59:40.008  5987  5987 W IInputConnectionWrapper: finishComposingText on inactive InputConnection
09-28 09:59:40.008  5963  5981 D EGL_emulation: eglMakeCurrent: 0x9ae49c00: ver 2 0 (tinfo 0xa6074ba0)
09-28 09:59:40.105  5963  6188 D MyTimerTask_1: TimerCallback called.
09-28 09:59:40.105  5963  6188 V MyTimerTask_1: Locking.
09-28 09:59:40.552  5963  5963 I onAccessibilityEvent: ********** New Event received: EventType: TYPE_WINDOW_STATE_CHANGED; EventTime: 75449255; PackageName: com.example.link.appfuzzer; MovementGranularity: 0; Action: 0 [ ClassName: com.example.link.appfuzzer.MainActivity; Text: [AppFuzzer]; ContentDescription: null; ItemCount: -1; CurrentItemIndex: -1; IsEnabled: true; IsPassword: false; IsChecked: false; IsFullScreen: true; Scrollable: false; BeforeText: null; FromIndex: -1; ToIndex: -1; ScrollX: -1; ScrollY: -1; MaxScrollX: -1; MaxScrollY: -1; AddedCount: -1; RemovedCount: -1; ParcelableData: null ]; recordCount: 0
09-28 09:59:40.552  5963  5963 V onAccessibilityEvent: Locking.
09-28 09:59:40.555  5963  5968 I art     : Do partial code cache collection, code=29KB, data=30KB
09-28 09:59:40.555  5963  5968 I art     : After code cache collection, code=29KB, data=30KB
09-28 09:59:40.555  5963  5968 I art     : Increasing code cache capacity to 128KB
09-28 09:59:40.714 20687 20799 D EGL_emulation: eglMakeCurrent: 0xa15853c0: ver 2 0 (tinfo 0xa1583290)
09-28 09:59:40.902  5987  6006 D EGL_emulation: eglMakeCurrent: 0x9ae4d000: ver 2 0 (tinfo 0xa6074ca0)
09-28 09:59:44.995  5963  6184 D MyTimerTask_1: Tried to get current_node, but it is null
09-28 09:59:45.545 20483 20642 I InputDispatcher: Application is not responding: AppWindowToken{2195875 token=Token{737f3ac ActivityRecord{185ad5f u0 com.example.link.appfuzzer/.MainActivity t101}}} - Window{c7248e5 u0 com.example.link.appfuzzer/com.example.link.appfuzzer.MainActivity}.  It has been 6056.1ms since event, 5000.9ms since wait started.  Reason: Waiting to send key event because the focused window has not finished processing all of the input events that were previously delivered to it.  Outbound queue length: 0.  Wait queue length: 1.
09-28 09:59:45.546 20483 20642 I WindowManager: Input event dispatching timed out sending to com.example.link.appfuzzer/com.example.link.appfuzzer.MainActivity.  Reason: Waiting to send key event because the focused window has not finished processing all of the input events that were previously delivered to it.  Outbound queue length: 0.  Wait queue length: 1.
09-28 09:59:45.549 20483 20642 W InputDispatcher: Asynchronous input event injection timed out.
09-28 09:59:45.553 20483 20505 I Process : Sending signal. PID: 5963 SIG: 3
09-28 09:59:45.553  5963  5969 I art     : Thread[3,tid=5969,WaitingInMainSignalCatcherLoop,Thread*=0x9cdbfe00,peer=0x12c8c790,"Signal Catcher"]: reacting to signal 3
09-28 09:59:45.553  5963  5969 I art     : 
09-28 09:59:45.571  5963  5969 I art     : Wrote stack traces to '/data/anr/traces.txt'
09-28 09:59:45.571 20483 20505 I Process : Sending signal. PID: 20483 SIG: 3
09-28 09:59:45.571 20483 20486 I art     : Thread[2,tid=20486,WaitingInMainSignalCatcherLoop,Thread*=0xa1589000,peer=0x12c010d0,"Signal Catcher"]: reacting to signal 3
09-28 09:59:45.571 20483 20486 I art     : 
09-28 09:59:45.645 20483 20486 I art     : Wrote stack traces to '/data/anr/traces.txt'
09-28 09:59:45.645 20483 20505 I Process : Sending signal. PID: 20813 SIG: 3
09-28 09:59:45.645 20813 20821 I art     : Thread[3,tid=20821,WaitingInMainSignalCatcherLoop,Thread*=0x9cdbfe00,peer=0x12c00a60,"Signal Catcher"]: reacting to signal 3
09-28 09:59:45.645 20813 20821 I art     : 
09-28 09:59:45.691 20813 20821 I art     : Wrote stack traces to '/data/anr/traces.txt'
09-28 09:59:45.691 20483 20505 I Process : Sending signal. PID: 20687 SIG: 3
09-28 09:59:45.691 20687 20694 I art     : Thread[3,tid=20694,WaitingInMainSignalCatcherLoop,Thread*=0x9cdbfe00,peer=0x12c005e0,"Signal Catcher"]: reacting to signal 3
09-28 09:59:45.691 20687 20694 I art     : 
09-28 09:59:45.721 20687 20694 I art     : Wrote stack traces to '/data/anr/traces.txt'
09-28 09:59:45.722 20330 20330 W         : debuggerd: handling request: pid=1313 uid=1000 gid=1003 tid=1313
09-28 09:59:45.739 20330 20330 W         : debuggerd: resuming target 1313
09-28 09:59:45.741 20330 20330 W         : debuggerd: handling request: pid=1383 uid=1019 gid=1019 tid=1383
09-28 09:59:45.747 20330 20330 W         : debuggerd: resuming target 1383
09-28 09:59:45.748 20330 20330 W         : debuggerd: handling request: pid=1386 uid=1046 gid=1006 tid=1386
09-28 09:59:45.758 20330 20330 W         : debuggerd: resuming target 1386
09-28 09:59:45.758 20330 20330 W         : debuggerd: handling request: pid=1387 uid=1013 gid=1031 tid=1387
09-28 09:59:45.763 20330 20330 W         : debuggerd: resuming target 1387
09-28 09:59:45.763 20330 20330 W         : debuggerd: handling request: pid=1388 uid=1040 gid=1026 tid=1388
09-28 09:59:45.769 20330 20330 W         : debuggerd: resuming target 1388
09-28 09:59:45.769 20330 20330 W         : debuggerd: handling request: pid=20359 uid=1013 gid=1005 tid=20359
09-28 09:59:45.775 20330 20330 W         : debuggerd: resuming target 20359
09-28 09:59:45.775 20330 20330 W         : debuggerd: handling request: pid=20360 uid=1041 gid=1005 tid=20360
09-28 09:59:45.823 20330 20330 W         : debuggerd: resuming target 20360
09-28 09:59:45.823 20330 20330 W         : debuggerd: handling request: pid=20361 uid=1047 gid=1005 tid=20361
09-28 09:59:45.828 20330 20330 W         : debuggerd: resuming target 20361
09-28 09:59:45.828 20330 20330 W         : debuggerd: handling request: pid=20764 uid=1023 gid=1023 tid=20764
09-28 09:59:45.831 20330 20330 W         : debuggerd: resuming target 20764
09-28 09:59:45.831 20330 20330 W         : debuggerd: handling request: pid=20798 uid=1023 gid=1023 tid=20798
09-28 09:59:45.833 20330 20330 W         : debuggerd: resuming target 20798
09-28 09:59:46.371 20483 20505 E ActivityManager: ANR in com.example.link.appfuzzer (com.example.link.appfuzzer/.MainActivity)
09-28 09:59:46.371 20483 20505 E ActivityManager: PID: 5963
09-28 09:59:46.371 20483 20505 E ActivityManager: Reason: Input dispatching timed out (Waiting to send key event because the focused window has not finished processing all of the input events that were previously delivered to it.  Outbound queue length: 0.  Wait queue length: 1.)
09-28 09:59:46.371 20483 20505 E ActivityManager: Load: 0.98 / 0.66 / 0.64
09-28 09:59:46.371 20483 20505 E ActivityManager: CPU usage from 121700ms to 0ms ago (2017-09-28 09:57:43.849 to 2017-09-28 09:59:45.549):
09-28 09:59:46.371 20483 20505 E ActivityManager:   13% 20483/system_server: 8.8% user + 4.9% kernel / faults: 58551 minor 4 major
09-28 09:59:46.371 20483 20505 E ActivityManager:   4% 1316/adbd: 0.2% user + 3.7% kernel / faults: 26817 minor
09-28 09:59:46.371 20483 20505 E ActivityManager:   1.7% 21249/com.google.android.googlequicksearchbox:search: 1.1% user + 0.5% kernel / faults: 10782 minor 1 major
09-28 09:59:46.371 20483 20505 E ActivityManager:   1.5% 20687/com.android.systemui: 0.8% user + 0.7% kernel / faults: 6590 minor 1 major
09-28 09:59:46.371 20483 20505 E ActivityManager:   1% 21357/com.google.android.gms: 0.6% user + 0.4% kernel / faults: 10212 minor 4 major
09-28 09:59:46.371 20483 20505 E ActivityManager:   0.9% 21167/com.google.android.apps.nexuslauncher: 0.5% user + 0.4% kernel / faults: 3171 minor
09-28 09:59:46.371 20483 20505 E ActivityManager:   0.9% 8/rcu_preempt: 0% user + 0.9% kernel
09-28 09:59:46.371 20483 20505 E ActivityManager:   0.7% 1386/media.codec: 0.5% user + 0.2% kernel / faults: 4275 minor
09-28 09:59:46.371 20483 20505 E ActivityManager:   0.8% 21082/com.google.android.gms.persistent: 0.5% user + 0.2% kernel / faults: 954 minor 1 major
09-28 09:59:46.371 20483 20505 E ActivityManager:   0.3% 1140/kworker/u5:0: 0% user + 0.3% kernel
09-28 09:59:46.371 20483 20505 E ActivityManager:   0.3% 23274/kworker/u5:2: 0% user + 0.3% kernel
09-28 09:59:46.371 20483 20505 E ActivityManager:   0.3% 1260/logd: 0% user + 0.2% kernel / faults: 50 minor
09-28 09:59:46.371 20483 20505 E ActivityManager:   0.2% 20813/com.android.phone: 0.1% user + 0.1% kernel / faults: 302 minor
09-28 09:59:46.371 20483 20505 E ActivityManager:   0.2% 20360/audioserver: 0% user + 0.1% kernel / faults: 67 minor
09-28 09:59:46.371 20483 20505 E ActivityManager:   0.1% 1365/dmcrypt_write: 0% user + 0.1% kernel
09-28 09:59:46.371 20483 20505 E ActivityManager:   0.1% 1311/lmkd: 0% user + 0.1% kernel
09-28 09:59:46.371 20483 20505 E ActivityManager:   0.1% 1374/jbd2/dm-0-8: 0% user + 0.1% kernel
09-28 09:59:46.371 20483 20505 E ActivityManager:   0.1% 11/migration/1: 0% user + 0.1% kernel
09-28 09:59:46.371 20483 20505 E ActivityManager:   0.1% 3/ksoftirqd/0: 0% user + 0.1% kernel
09-28 09:59:46.371 20483 20505 E ActivityManager:   0.1% 12/ksoftirqd/1: 0% user + 0.1% kernel
09-28 09:59:46.371 20483 20505 E ActivityManager:   0% 1388/media.extractor: 0% user + 0% kernel / faults: 12 minor
09-28 09:59:46.371 20483 20505 E ActivityManager:   0% 7/migration/0: 0% user + 0% kernel
09-28 09:59:46.371 20483 20505 E ActivityManager:   0% 1312/servicemanager: 0% user + 0% kernel
09-28 09:59:46.371 20483 20505 E ActivityManager:   0% 20673/com.android.inputmethod.latin: 0% user + 0% kernel / faults: 52 minor
09-28 09:59:46.371 20483 20505 E ActivityManager:   0% 23984/com.android.keychain: 0% user + 0% kernel / faults: 191 minor
09-28 09:59:46.371 20483 20505 E ActivityManager:   0% 23796/com.android.defcontainer: 0% user + 0% kernel / faults: 589 minor
09-28 09:59:46.371 20483 20505 E ActivityManager:   0% 24045/com.android.documentsui: 0% user + 0% kernel / faults: 238 minor 1 major
09-28 09:59:46.371 20483 20505 E ActivityManager:   0% 6/kworker/u4:0: 0% user + 0% kernel
09-28 09:59:46.371 20483 20505 E ActivityManager:   0% 1686/kworker/1:2: 0% user + 0% kernel
09-28 09:59:46.371 20483 20505 E ActivityManager:   0% 20355/kworker/0:1: 0% user + 0% kernel
09-28 09:59:46.371 20483 20505 E ActivityManager:   0% 20358/zygote: 0% user + 0% kernel / faults: 941 minor
09-28 09:59:46.371 20483 20505 E ActivityManager:   0% 20764/sdcard: 0% user + 0% kernel
09-28 09:59:46.371 20483 20505 E ActivityManager:   0% 1247/kworker/1:1H: 0% user + 0% kernel
09-28 09:59:46.371 20483 20505 E ActivityManager:   0% 1248/kworker/0:1H: 0% user + 0% kernel
09-28 09:59:46.371 20483 20505 E ActivityManager:   0% 20353/kworker/u4:1: 0% user + 0% kernel
09-28 09:59:46.371 20483 20505 E ActivityManager:   0% 22498/com.android.printspooler: 0% user + 0% kernel / faults: 445 minor
09-28 09:59:46.371 20483 20505 E ActivityManager:   0% 22578/android.process.acore: 0% user + 0% kernel / faults: 23 minor
09-28 09:59:46.371 20483 20505 E ActivityManager:   0% 1308/healthd: 0% user + 0% kernel
09-28 09:59:46.371 20483 20505 E ActivityManager:   0% 20359/mediaserver: 0% user + 0% kernel
09-28 09:59:46.371 20483 20505 E ActivityManager:   0% 20798/sdcard: 0% user + 0% kernel
09-28 09:59:46.371 20483 20505 E ActivityManager:   0% 23815/com.android.gallery3d: 0% user + 0% kernel / faults: 68 minor
09-28 09:59:46.371 20483 20505 E ActivityManager:   0% 27279/com.google.android.packageinstaller: 0% user + 0% kernel / faults: 14 minor
09-28 09:59:46.371 20483 20505 E ActivityManager:   0% 2/kthreadd: 0% user + 0% kernel
09-28 09:59:46.371 20483 20505 E ActivityManager:   0% 1391/rild: 0% user + 0% kernel
09-28 09:59:46.371 20483 20505 E ActivityManager:   0% 21184/android.process.media: 0% user + 0% kernel / faults: 20 minor
09-28 09:59:46.371 20483 20505 E ActivityManager:   0% 21365/com.google.android.partnersetup: 0% user + 0% kernel / faults: 43 minor
09-28 09:59:46.371 20483 20505 E ActivityManager:   0% 23833/com.google.android.apps.docs: 0% user + 0% kernel / faults: 9 minor
09-28 09:59:46.371 20483 20505 E ActivityManager:   0% 24361/system:ui: 0% user + 0% kernel / faults: 14 minor
09-28 09:59:46.371 20483 20505 E ActivityManager:   0% 25996/com.google.android.gm: 0% user + 0% kernel / faults: 9 minor
09-28 09:59:46.371 20483 20505 E ActivityManager:  +0% 5939/kworker/1:0: 0% user + 0% kernel
09-28 09:59:46.371 20483 20505 E ActivityManager:  +0% 5940/kworker/0:2: 0% user + 0% kernel
09-28 09:59:46.371 20483 20505 E ActivityManager:  +0% 5963/com.example.link.appfuzzer: 0% user + 0% kernel
09-28 09:59:46.371 20483 20505 E ActivityManager:  +0% 5987/io.github.lonamiwebs.klooni: 0% user + 0% kernel
09-28 09:59:46.371 20483 20505 E ActivityManager: 18% TOTAL: 8.8% user + 8% kernel + 0.4% iowait + 0% irq + 0.7% softirq
09-28 09:59:46.371 20483 20505 E ActivityManager: CPU usage from 317ms to 819ms later (2017-09-28 09:59:45.865 to 2017-09-28 09:59:46.368):
09-28 09:59:46.371 20483 20505 E ActivityManager:   1.9% 20483/system_server: 0% user + 1.9% kernel / faults: 2 minor
09-28 09:59:46.371 20483 20505 E ActivityManager:     3.9% 20505/ActivityManager: 0% user + 3.9% kernel
09-28 09:59:46.371 20483 20505 E ActivityManager: 0% TOTAL: 0% user + 0% kernel
09-28 09:59:46.389 20483 20506 W ViewRootImpl[appfuzzer]: Cancelling event due to no window focus: KeyEvent { action=ACTION_UP, keyCode=KEYCODE_BACK, scanCode=0, metaState=0, flags=0x28, repeatCount=0, eventTime=75449061, downTime=75449061, deviceId=-1, source=0x101 }
09-28 09:59:46.389 20483 20506 W ViewRootImpl[appfuzzer]: Cancelling event due to no window focus: KeyEvent { action=ACTION_UP, keyCode=KEYCODE_BACK, scanCode=0, metaState=0, flags=0x28, repeatCount=0, eventTime=75449061, downTime=75449061, deviceId=-1, source=0x101 }
09-28 09:59:46.389 20483 20506 W ViewRootImpl[appfuzzer]: Cancelling event due to no window focus: KeyEvent { action=ACTION_UP, keyCode=KEYCODE_BACK, scanCode=0, metaState=0, flags=0x28, repeatCount=0, eventTime=75449061, downTime=75449061, deviceId=-1, source=0x101 }
09-28 09:59:46.389 20483 20506 W ViewRootImpl[appfuzzer]: Cancelling event due to no window focus: KeyEvent { action=ACTION_UP, keyCode=KEYCODE_BACK, scanCode=0, metaState=0, flags=0x28, repeatCount=0, eventTime=75449061, downTime=75449061, deviceId=-1, source=0x101 }
09-28 09:59:46.389 20483 20506 W ViewRootImpl[appfuzzer]: Cancelling event due to no window focus: KeyEvent { action=ACTION_UP, keyCode=KEYCODE_BACK, scanCode=0, metaState=0, flags=0x28, repeatCount=0, eventTime=75449061, downTime=75449061, deviceId=-1, source=0x101 }
09-28 09:59:46.389 20483 20506 W ViewRootImpl[appfuzzer]: Cancelling event due to no window focus: KeyEvent { action=ACTION_UP, keyCode=KEYCODE_BACK, scanCode=0, metaState=0, flags=0x28, repeatCount=0, eventTime=75449061, downTime=75449061, deviceId=-1, source=0x101 }
09-28 09:59:46.389 20483 20506 W ViewRootImpl[appfuzzer]: Dropping event due to no window focus: KeyEvent { action=ACTION_DOWN, keyCode=KEYCODE_BACK, scanCode=0, metaState=0, flags=0x8, repeatCount=0, eventTime=75449176, downTime=75449176, deviceId=-1, source=0x101 }
09-28 09:59:46.390 20483 20506 W ViewRootImpl[appfuzzer]: Cancelling event due to no window focus: KeyEvent { action=ACTION_UP, keyCode=KEYCODE_BACK, scanCode=0, metaState=0, flags=0x28, repeatCount=0, eventTime=75449176, downTime=75449176, deviceId=-1, source=0x101 }
09-28 09:59:46.390 20483 20506 W ViewRootImpl[appfuzzer]: Cancelling event due to no window focus: KeyEvent { action=ACTION_UP, keyCode=KEYCODE_BACK, scanCode=0, metaState=0, flags=0x28, repeatCount=0, eventTime=75449176, downTime=75449176, deviceId=-1, source=0x101 }
09-28 09:59:46.390 20483 20506 W ViewRootImpl[appfuzzer]: Cancelling event due to no window focus: KeyEvent { action=ACTION_UP, keyCode=KEYCODE_BACK, scanCode=0, metaState=0, flags=0x28, repeatCount=0, eventTime=75449176, downTime=75449176, deviceId=-1, source=0x101 }
09-28 09:59:46.390 20483 20506 W ViewRootImpl[appfuzzer]: Cancelling event due to no window focus: KeyEvent { action=ACTION_UP, keyCode=KEYCODE_BACK, scanCode=0, metaState=0, flags=0x28, repeatCount=0, eventTime=75449176, downTime=75449176, deviceId=-1, source=0x101 }
09-28 09:59:46.390 20483 20506 W ViewRootImpl[appfuzzer]: Cancelling event due to no window focus: KeyEvent { action=ACTION_UP, keyCode=KEYCODE_BACK, scanCode=0, metaState=0, flags=0x28, repeatCount=0, eventTime=75449176, downTime=75449176, deviceId=-1, source=0x101 }
09-28 09:59:46.390 20483 20506 W ViewRootImpl[appfuzzer]: Cancelling event due to no window focus: KeyEvent { action=ACTION_UP, keyCode=KEYCODE_BACK, scanCode=0, metaState=0, flags=0x28, repeatCount=0, eventTime=75449176, downTime=75449176, deviceId=-1, source=0x101 }
09-28 09:59:46.390 20483 20506 W ViewRootImpl[appfuzzer]: Dropping event due to no window focus: KeyEvent { action=ACTION_DOWN, keyCode=KEYCODE_BACK, scanCode=0, metaState=0, flags=0x8, repeatCount=0, eventTime=75449476, downTime=75449476, deviceId=-1, source=0x101 }
09-28 09:59:46.390 20483 20506 W ViewRootImpl[appfuzzer]: Cancelling event due to no window focus: KeyEvent { action=ACTION_UP, keyCode=KEYCODE_BACK, scanCode=0, metaState=0, flags=0x28, repeatCount=0, eventTime=75449476, downTime=75449476, deviceId=-1, source=0x101 }
09-28 09:59:46.390 20483 20506 W ViewRootImpl[appfuzzer]: Cancelling event due to no window focus: KeyEvent { action=ACTION_UP, keyCode=KEYCODE_BACK, scanCode=0, metaState=0, flags=0x28, repeatCount=0, eventTime=75449476, downTime=75449476, deviceId=-1, source=0x101 }
09-28 09:59:46.390 20483 20506 W ViewRootImpl[appfuzzer]: Cancelling event due to no window focus: KeyEvent { action=ACTION_UP, keyCode=KEYCODE_BACK, scanCode=0, metaState=0, flags=0x28, repeatCount=0, eventTime=75449476, downTime=75449476, deviceId=-1, source=0x101 }
09-28 09:59:46.390 20483 20506 W ViewRootImpl[appfuzzer]: Cancelling event due to no window focus: KeyEvent { action=ACTION_UP, keyCode=KEYCODE_BACK, scanCode=0, metaState=0, flags=0x28, repeatCount=0, eventTime=75449476, downTime=75449476, deviceId=-1, source=0x101 }
09-28 09:59:46.390 20483 20506 W ViewRootImpl[appfuzzer]: Cancelling event due to no window focus: KeyEvent { action=ACTION_UP, keyCode=KEYCODE_BACK, scanCode=0, metaState=0, flags=0x28, repeatCount=0, eventTime=75449476, downTime=75449476, deviceId=-1, source=0x101 }
09-28 09:59:46.390 20483 20506 W ViewRootImpl[appfuzzer]: Cancelling event due to no window focus: KeyEvent { action=ACTION_UP, keyCode=KEYCODE_BACK, scanCode=0, metaState=0, flags=0x28, repeatCount=0, eventTime=75449476, downTime=75449476, deviceId=-1, source=0x101 }
09-28 09:59:46.426 20483 25352 I OpenGLRenderer: Initialized EGL, version 1.4
09-28 09:59:46.426 20483 25352 D OpenGLRenderer: Swap behavior 1
09-28 09:59:46.449 20483 25352 D EGL_emulation: eglCreateContext: 0x88fa1360: maj 2 min 0 rcv 2
09-28 09:59:46.496 20483 25352 D EGL_emulation: eglMakeCurrent: 0x88fa1360: ver 2 0 (tinfo 0x88fa40d0)
09-28 09:59:46.535 20483 25352 D EGL_emulation: eglMakeCurrent: 0x88fa1360: ver 2 0 (tinfo 0x88fa40d0)
09-28 09:59:48.270 20483 20505 W ActivityManager: Launch timeout has expired, giving up wake lock!
09-28 09:59:50.046  5963  6184 W MyTimerTask_1: Could not find current_node, and previous_node is also null. Opening app overview now.
09-28 09:59:50.048  5963  6184 V MyTimerTask_1: Unlocked.
09-28 09:59:50.048  5963  6184 W System.err: java.lang.IllegalMonitorStateException
09-28 09:59:50.049  5963  6184 W System.err: 	at java.util.concurrent.locks.ReentrantLock$Sync.tryRelease(ReentrantLock.java:126)
09-28 09:59:50.049  5963  6184 W System.err: 	at java.util.concurrent.locks.AbstractQueuedSynchronizer.release(AbstractQueuedSynchronizer.java:1260)
09-28 09:59:50.049  5963  6184 W System.err: 	at java.util.concurrent.locks.ReentrantLock.unlock(ReentrantLock.java:434)
09-28 09:59:50.049  5963  6184 W System.err: 	at com.example.link.appfuzzer.MyTimerTask.run(MyTimerTask.java:126)
09-28 09:59:50.050  5963  6184 W System.err: 	at java.util.TimerThread.mainLoop(Timer.java:555)
09-28 09:59:50.050  5963  6184 W System.err: 	at java.util.TimerThread.run(Timer.java:505)
09-28 09:59:50.051  5963  6186 W *** RAM availability: 0.5953783926464195
09-28 09:59:50.058  5963  6186 D MyTimerTask_1: Found current_node: android.view.accessibility.AccessibilityNodeInfo@80057ded; boundsInParent: Rect(0, 0 - 1026, 580); boundsInScreen: Rect(27, 634 - 1053, 1214); packageName: android; className: android.widget.FrameLayout; text: null; error: null; maxTextLength: -1; contentDescription: null; viewIdResName: null; checkable: false; checked: false; focusable: false; focused: false; selected: false; clickable: false; longClickable: false; contextClickable: false; enabled: true; password: false; scrollable: false; actions: [AccessibilityAction: ACTION_SELECT - null, AccessibilityAction: ACTION_CLEAR_SELECTION - null, AccessibilityAction: ACTION_ACCESSIBILITY_FOCUS - null, AccessibilityAction: ACTION_SHOW_ON_SCREEN - null]
09-28 09:59:50.058  5963  6186 I onAccessibilityEvent: Current rep: 5, Current set: 2
09-28 09:59:50.058  5963  6186 I onAccessibilityEvent: CURRENT_STEP is now 5
09-28 09:59:50.058  5963  6186 D MyTimerTask_1: TimerCallback: We have found a current_root and begin writing the XML now
09-28 09:59:50.058  5963  6186 W XMLdumper: startFile called, but a file is already being processed
09-28 09:59:50.058  5963  6186 V XMLdumper: setSource called, old: ; new: Timer
09-28 09:59:50.058  5963  6186 D MyTimerTask_1: TimerCallback: Calling injectEventCaller
09-28 09:59:50.059  5963  6186 D MyTimerTask_1: Canceled timer.
09-28 09:59:50.059  5963  6186 I MyTimerTask_1: Started MyTimerTask:injectEventCaller with node android.view.accessibility.AccessibilityNodeInfo@80057ded; boundsInParent: Rect(0, 0 - 1026, 580); boundsInScreen: Rect(27, 634 - 1053, 1214); packageName: android; className: android.widget.FrameLayout; text: null; error: null; maxTextLength: -1; contentDescription: null; viewIdResName: null; checkable: false; checked: false; focusable: false; focused: false; selected: false; clickable: false; longClickable: false; contextClickable: false; enabled: true; password: false; scrollable: false; actions: [AccessibilityAction: ACTION_SELECT - null, AccessibilityAction: ACTION_CLEAR_SELECTION - null, AccessibilityAction: ACTION_ACCESSIBILITY_FOCUS - null, AccessibilityAction: ACTION_SHOW_ON_SCREEN - null]
09-28 09:59:50.059  5963  6186 D EventInjector_1: Started EventInjector.inject
09-28 09:59:50.059  5963  6186 W EventInjector_1: Uninstall popup does not have exactly one 'OK' button (it is 0).
09-28 09:59:50.059  5963  6186 W EventInjector_1: Full screen notification popup does not have exactly one 'Got it' button (it is 0).
09-28 09:59:50.060  5963  6186 V XMLdumper: writeEvent called with Timer, 24, Click
09-28 09:59:50.061  5963  6186 D XMLdumper: Cleaning up.
09-28 09:59:50.061  5963  6186 V XMLdumper: setSource called, old: Timer; new: 
09-28 09:59:50.063  5963  6186 D MyTimerTask_1: Starting new timer
09-28 09:59:50.063  5963  6186 V MyTimerTask_1: Unlocked.
09-28 09:59:50.064  5963  6188 W *** RAM availability: 0.5954405005900255
09-28 09:59:50.065 20483 25352 D EGL_emulation: eglMakeCurrent: 0x88fa1360: ver 2 0 (tinfo 0x88fa40d0)
09-28 09:59:50.065  5963  6188 D MyTimerTask_1: Tried to get current_node, but it is null
09-28 09:59:50.065 20483 21182 I ActivityManager: START u0 {flg=0x10804000 cmp=com.android.systemui/.recents.RecentsActivity} from uid 10028 on display 0
09-28 09:59:50.068 20360 20373 W audio_hw_generic: Not supplying enough data to HAL, expected position 6640717 , only wrote 6640560
09-28 09:59:50.116  5963  6188 W MyTimerTask_1: Could not find current_node, and previous_node is also null. Opening app overview now.
09-28 09:59:50.117  5963  6188 V MyTimerTask_1: Unlocked.
09-28 09:59:50.117  5963  6188 W System.err: java.lang.IllegalMonitorStateException
09-28 09:59:50.117  5963  6188 W System.err: 	at java.util.concurrent.locks.ReentrantLock$Sync.tryRelease(ReentrantLock.java:126)
09-28 09:59:50.117  5963  6188 W System.err: 	at java.util.concurrent.locks.AbstractQueuedSynchronizer.release(AbstractQueuedSynchronizer.java:1260)
09-28 09:59:50.117  5963  6188 W System.err: 	at java.util.concurrent.locks.ReentrantLock.unlock(ReentrantLock.java:434)
09-28 09:59:50.117  5963  6188 W System.err: 	at com.example.link.appfuzzer.MyTimerTask.run(MyTimerTask.java:126)
09-28 09:59:50.117  5963  6188 W System.err: 	at java.util.TimerThread.mainLoop(Timer.java:555)
09-28 09:59:50.117  5963  6188 W System.err: 	at java.util.TimerThread.run(Timer.java:505)
09-28 09:59:50.117  5963  5963 W *** RAM availability: 0.5954405005900255
09-28 09:59:50.117  5963  5963 D MyTimerTask_1: Canceled timer.
09-28 09:59:50.117  5963  5963 D MyTimerTask_1: Canceled timer.
09-28 09:59:50.117  5963  5963 D MyTimerTask_1: Canceled timer.
09-28 09:59:50.117  5963  5963 I onAccessibilityEvent: Current rep: 6, Current set: 2
09-28 09:59:50.117  5963  5963 I onAccessibilityEvent: CURRENT_STEP is now 6
09-28 09:59:50.117  5963  5963 W XMLdumper: startFile called, but a file is already being processed
09-28 09:59:50.117  5963  5963 V XMLdumper: setSource called, old: ; new: Accessibility
09-28 09:59:50.117  5963  5963 D MyTimerTask_1: Canceled timer.
09-28 09:59:50.118  5963  5963 I MyTimerTask_1: Started MyTimerTask:injectEventCaller with node android.view.accessibility.AccessibilityNodeInfo@8000b265; boundsInParent: Rect(0, 0 - 1080, 1920); boundsInScreen: Rect(0, 0 - 1080, 1920); packageName: com.example.link.appfuzzer; className: android.widget.FrameLayout; text: null; error: null; maxTextLength: -1; contentDescription: null; viewIdResName: null; checkable: false; checked: false; focusable: false; focused: false; selected: false; clickable: false; longClickable: false; contextClickable: false; enabled: true; password: false; scrollable: false; actions: [AccessibilityAction: ACTION_SELECT - null, AccessibilityAction: ACTION_CLEAR_SELECTION - null, AccessibilityAction: ACTION_ACCESSIBILITY_FOCUS - null, AccessibilityAction: ACTION_SHOW_ON_SCREEN - null]
09-28 09:59:50.118  5963  5963 D EventInjector_1: Started EventInjector.inject
09-28 09:59:50.118  5963  5963 D EventInjector_1: Discarded package com.example.link.appfuzzer as it does not equal io.github.lonamiwebs.klooni
09-28 09:59:50.118  5963  5963 V XMLdumper: writeEvent called with Accessibility, 25, Back
09-28 09:59:50.120  5963  5963 D XMLdumper: Null child 0/3, parent: android.view.accessibility.AccessibilityNodeInfo@8000b265; boundsInParent: Rect(0, 0 - 1080, 1920); boundsInScreen: Rect(0, 0 - 1080, 1920); packageName: com.example.link.appfuzzer; className: android.widget.FrameLayout; text: null; error: null; maxTextLength: -1; contentDescription: null; viewIdResName: null; checkable: false; checked: false; focusable: false; focused: false; selected: false; clickable: false; longClickable: false; contextClickable: false; enabled: true; password: false; scrollable: false; actions: [AccessibilityAction: ACTION_SELECT - null, AccessibilityAction: ACTION_CLEAR_SELECTION - null, AccessibilityAction: ACTION_ACCESSIBILITY_FOCUS - null, AccessibilityAction: ACTION_SHOW_ON_SCREEN - null]
09-28 09:59:50.120  5963  5963 D XMLdumper: Null child 1/3, parent: android.view.accessibility.AccessibilityNodeInfo@8000b265; boundsInParent: Rect(0, 0 - 1080, 1920); boundsInScreen: Rect(0, 0 - 1080, 1920); packageName: com.example.link.appfuzzer; className: android.widget.FrameLayout; text: null; error: null; maxTextLength: -1; contentDescription: null; viewIdResName: null; checkable: false; checked: false; focusable: false; focused: false; selected: false; clickable: false; longClickable: false; contextClickable: false; enabled: true; password: false; scrollable: false; actions: [AccessibilityAction: ACTION_SELECT - null, AccessibilityAction: ACTION_CLEAR_SELECTION - null, AccessibilityAction: ACTION_ACCESSIBILITY_FOCUS - null, AccessibilityAction: ACTION_SHOW_ON_SCREEN - null]
09-28 09:59:50.121  5963  5963 D XMLdumper: Null child 2/3, parent: android.view.accessibility.AccessibilityNodeInfo@8000b265; boundsInParent: Rect(0, 0 - 1080, 1920); boundsInScreen: Rect(0, 0 - 1080, 1920); packageName: com.example.link.appfuzzer; className: android.widget.FrameLayout; text: null; error: null; maxTextLength: -1; contentDescription: null; viewIdResName: null; checkable: false; checked: false; focusable: false; focused: false; selected: false; clickable: false; longClickable: false; contextClickable: false; enabled: true; password: false; scrollable: false; actions: [AccessibilityAction: ACTION_SELECT - null, AccessibilityAction: ACTION_CLEAR_SELECTION - null, AccessibilityAction: ACTION_ACCESSIBILITY_FOCUS - null, AccessibilityAction: ACTION_SHOW_ON_SCREEN - null]
09-28 09:59:50.121  5963  5963 D XMLdumper: Cleaning up.
09-28 09:59:50.121  5963  5963 V XMLdumper: setSource called, old: Accessibility; new: 
09-28 09:59:50.121  5963  5963 D MyTimerTask_1: Starting new timer
09-28 09:59:50.122  5963  5963 V onAccessibilityEvent: Unlocked.
09-28 09:59:50.190  1313  1328 D gralloc_ranchu: gralloc_alloc: Creating ashmem region of size 2650112
09-28 09:59:50.193  1313  1313 E EGL_emulation: tid 1313: eglCreateSyncKHR(1881): error 0x3004 (EGL_BAD_ATTRIBUTE)
09-28 09:59:50.220 20483 20505 W art     : Long monitor contention with owner Binder:20483_B (21182) at int com.android.server.am.ActivityStarter.startActivityMayWait(android.app.IApplicationThread, int, java.lang.String, android.content.Intent, java.lang.String, android.service.voice.IVoiceInteractionSession, com.android.internal.app.IVoiceInteractor, android.os.IBinder, java.lang.String, int, int, android.app.ProfilerInfo, android.app.IActivityManager$WaitResult, android.content.res.Configuration, android.os.Bundle, boolean, int, android.app.IActivityContainer, com.android.server.am.TaskRecord)(ActivityStarter.java:765) waiters=0 in void com.android.server.am.ActivityManagerService$MainHandler.handleMessage(android.os.Message) for 154ms
09-28 09:59:50.227 20483 20642 I InputDispatcher: Window 'Window{c7248e5 u0 com.example.link.appfuzzer/com.example.link.appfuzzer.MainActivity}' spent 9682.8ms processing the last input event: KeyEvent(deviceId=-1, source=0x00000101, action=1, flags=0x00000008, keyCode=4, scanCode=0, metaState=0x00000000, repeatCount=0), policyFlags=0x6b000000
09-28 09:59:50.228  5963  5963 I Choreographer: Skipped 613 frames!  The application may be doing too much work on its main thread.
09-28 09:59:50.252  5963  5963 I onAccessibilityEvent: ********** New Event received: EventType: TYPE_WINDOW_STATE_CHANGED; EventTime: 75456079; PackageName: android; MovementGranularity: 0; Action: 0 [ ClassName: com.android.server.am.AppNotRespondingDialog; Text: [AppFuzzer isn't responding, Close app, Wait]; ContentDescription: null; ItemCount: -1; CurrentItemIndex: -1; IsEnabled: true; IsPassword: false; IsChecked: false; IsFullScreen: false; Scrollable: false; BeforeText: null; FromIndex: -1; ToIndex: -1; ScrollX: -1; ScrollY: -1; MaxScrollX: -1; MaxScrollY: -1; AddedCount: -1; RemovedCount: -1; ParcelableData: null ]; recordCount: 0
09-28 09:59:50.252  5963  5963 V onAccessibilityEvent: Locking.
09-28 09:59:50.252  5963  5963 W *** RAM availability: 0.5948194211539656
09-28 09:59:50.252  5963  5963 D MyTimerTask_1: Canceled timer.
09-28 09:59:50.253  5963  5963 D MyTimerTask_1: Canceled timer.
09-28 09:59:50.253  5963  5963 I onAccessibilityEvent: Current rep: 7, Current set: 2
09-28 09:59:50.253  5963  5963 I onAccessibilityEvent: CURRENT_STEP is now 7
09-28 09:59:50.253  5963  5963 W XMLdumper: startFile called, but a file is already being processed
09-28 09:59:50.253  5963  5963 V XMLdumper: setSource called, old: ; new: Accessibility
09-28 09:59:50.253  5963  5963 D MyTimerTask_1: Canceled timer.
