--------- beginning of main
09-28 09:59:54.934  5963  5963 D MainActivity: Cleared logcat.
09-28 09:59:54.934  5963  5963 I onAccessibilityEvent: CURRENT_STEP is now 0
09-28 09:59:54.934  5963  5963 V XMLdumper: startFile called
09-28 09:59:54.934  5963  5963 V XMLdumper: setSource called, old: ; new: Accessibility
09-28 09:59:54.934  5963  5963 D MyTimerTask_1: Canceled timer.
09-28 09:59:54.935  5963  5963 I MyTimerTask_1: Started MyTimerTask:injectEventCaller with node android.view.accessibility.AccessibilityNodeInfo@80009820; boundsInParent: Rect(0, 0 - 1080, 1776); boundsInScreen: Rect(0, 0 - 1080, 1776); packageName: io.github.lonamiwebs.klooni; className: android.widget.FrameLayout; text: null; error: null; maxTextLength: -1; contentDescription: null; viewIdResName: null; checkable: false; checked: false; focusable: false; focused: false; selected: false; clickable: false; longClickable: false; contextClickable: false; enabled: true; password: false; scrollable: false; actions: [AccessibilityAction: ACTION_SELECT - null, AccessibilityAction: ACTION_CLEAR_SELECTION - null, AccessibilityAction: ACTION_ACCESSIBILITY_FOCUS - null, AccessibilityAction: ACTION_SHOW_ON_SCREEN - null]
09-28 09:59:54.935  5963  5963 D EventInjector_1: Started EventInjector.inject
09-28 09:59:54.935  5963  5963 D EventInjector_1: Null child 0/1, parent: android.view.accessibility.AccessibilityNodeInfo@80009820; boundsInParent: Rect(0, 0 - 1080, 1776); boundsInScreen: Rect(0, 0 - 1080, 1776); packageName: io.github.lonamiwebs.klooni; className: android.widget.FrameLayout; text: null; error: null; maxTextLength: -1; contentDescription: null; viewIdResName: null; checkable: false; checked: false; focusable: false; focused: false; selected: false; clickable: false; longClickable: false; contextClickable: false; enabled: true; password: false; scrollable: false; actions: [AccessibilityAction: ACTION_SELECT - null, AccessibilityAction: ACTION_CLEAR_SELECTION - null, AccessibilityAction: ACTION_ACCESSIBILITY_FOCUS - null, AccessibilityAction: ACTION_SHOW_ON_SCREEN - null]
09-28 09:59:54.935  5963  5963 D EventInjector_1: Null child 0/1, parent: android.view.accessibility.AccessibilityNodeInfo@80009820; boundsInParent: Rect(0, 0 - 1080, 1776); boundsInScreen: Rect(0, 0 - 1080, 1776); packageName: io.github.lonamiwebs.klooni; className: android.widget.FrameLayout; text: null; error: null; maxTextLength: -1; contentDescription: null; viewIdResName: null; checkable: false; checked: false; focusable: false; focused: false; selected: false; clickable: false; longClickable: false; contextClickable: false; enabled: true; password: false; scrollable: false; actions: [AccessibilityAction: ACTION_SELECT - null, AccessibilityAction: ACTION_CLEAR_SELECTION - null, AccessibilityAction: ACTION_ACCESSIBILITY_FOCUS - null, AccessibilityAction: ACTION_SHOW_ON_SCREEN - null]
09-28 09:59:54.935  5963  5963 D EventInjector_1: Null child 0/1, parent: android.view.accessibility.AccessibilityNodeInfo@80009820; boundsInParent: Rect(0, 0 - 1080, 1776); boundsInScreen: Rect(0, 0 - 1080, 1776); packageName: io.github.lonamiwebs.klooni; className: android.widget.FrameLayout; text: null; error: null; maxTextLength: -1; contentDescription: null; viewIdResName: null; checkable: false; checked: false; focusable: false; focused: false; selected: false; clickable: false; longClickable: false; contextClickable: false; enabled: true; password: false; scrollable: false; actions: [AccessibilityAction: ACTION_SELECT - null, AccessibilityAction: ACTION_CLEAR_SELECTION - null, AccessibilityAction: ACTION_ACCESSIBILITY_FOCUS - null, AccessibilityAction: ACTION_SHOW_ON_SCREEN - null]
09-28 09:59:54.936  5963  5963 D EventInjector_1: Null child 0/1, parent: android.view.accessibility.AccessibilityNodeInfo@80009820; boundsInParent: Rect(0, 0 - 1080, 1776); boundsInScreen: Rect(0, 0 - 1080, 1776); packageName: io.github.lonamiwebs.klooni; className: android.widget.FrameLayout; text: null; error: null; maxTextLength: -1; contentDescription: null; viewIdResName: null; checkable: false; checked: false; focusable: false; focused: false; selected: false; clickable: false; longClickable: false; contextClickable: false; enabled: true; password: false; scrollable: false; actions: [AccessibilityAction: ACTION_SELECT - null, AccessibilityAction: ACTION_CLEAR_SELECTION - null, AccessibilityAction: ACTION_ACCESSIBILITY_FOCUS - null, AccessibilityAction: ACTION_SHOW_ON_SCREEN - null]
09-28 09:59:54.936  5963  5963 V XMLdumper: writeEvent called with Accessibility, 29, Back
09-28 09:59:54.936  5963  5963 D XMLdumper: Null child 0/1, parent: android.view.accessibility.AccessibilityNodeInfo@80009820; boundsInParent: Rect(0, 0 - 1080, 1776); boundsInScreen: Rect(0, 0 - 1080, 1776); packageName: io.github.lonamiwebs.klooni; className: android.widget.FrameLayout; text: null; error: null; maxTextLength: -1; contentDescription: null; viewIdResName: null; checkable: false; checked: false; focusable: false; focused: false; selected: false; clickable: false; longClickable: false; contextClickable: false; enabled: true; password: false; scrollable: false; actions: [AccessibilityAction: ACTION_SELECT - null, AccessibilityAction: ACTION_CLEAR_SELECTION - null, AccessibilityAction: ACTION_ACCESSIBILITY_FOCUS - null, AccessibilityAction: ACTION_SHOW_ON_SCREEN - null]
09-28 09:59:54.936  5963  5963 D XMLdumper: Cleaning up.
09-28 09:59:54.936  5963  5963 V XMLdumper: setSource called, old: Accessibility; new: 
09-28 09:59:54.936  5963  5963 I EventInjector_1: Pressing back
09-28 09:59:54.937  5963  5963 D EventInjector_1: EventInjector.inject finished.
09-28 09:59:54.937  5963  5963 D MyTimerTask_1: Starting new timer
09-28 09:59:54.937  5963  5963 V onAccessibilityEvent: Unlocked.
09-28 09:59:54.952  5963  5963 I onAccessibilityEvent: ********** New Event received: EventType: TYPE_WINDOW_STATE_CHANGED; EventTime: 75464193; PackageName: com.android.systemui; MovementGranularity: 0; Action: 0 [ ClassName: com.android.systemui.recents.RecentsActivity; Text: [Overview.]; ContentDescription: null; ItemCount: -1; CurrentItemIndex: -1; IsEnabled: true; IsPassword: false; IsChecked: false; IsFullScreen: true; Scrollable: false; BeforeText: null; FromIndex: -1; ToIndex: -1; ScrollX: -1; ScrollY: -1; MaxScrollX: -1; MaxScrollY: -1; AddedCount: -1; RemovedCount: -1; ParcelableData: null ]; recordCount: 0
09-28 09:59:54.952  5963  5963 V onAccessibilityEvent: Locking.
09-28 09:59:54.952  5963  5963 W *** RAM availability: 0.5973580833488603
09-28 09:59:54.952  5963  5963 D MyTimerTask_1: Canceled timer.
09-28 09:59:54.952  5963  5963 D MyTimerTask_1: Canceled timer.
09-28 09:59:54.952  5963  5963 I onAccessibilityEvent: Current rep: 1, Current set: 3
09-28 09:59:54.952  5963  5963 I onAccessibilityEvent: CURRENT_STEP is now 1
09-28 09:59:54.953  5963  5963 W XMLdumper: startFile called, but a file is already being processed
09-28 09:59:54.953  5963  5963 V XMLdumper: setSource called, old: ; new: Accessibility
09-28 09:59:54.953  5963  5963 D MyTimerTask_1: Canceled timer.
09-28 09:59:54.953  5963  5963 I MyTimerTask_1: Started MyTimerTask:injectEventCaller with node android.view.accessibility.AccessibilityNodeInfo@8000b25f; boundsInParent: Rect(0, 0 - 1080, 1920); boundsInScreen: Rect(0, 0 - 1080, 1920); packageName: com.android.systemui; className: android.widget.FrameLayout; text: null; error: null; maxTextLength: -1; contentDescription: null; viewIdResName: null; checkable: false; checked: false; focusable: true; focused: false; selected: false; clickable: false; longClickable: false; contextClickable: false; enabled: true; password: false; scrollable: false; actions: [AccessibilityAction: ACTION_FOCUS - null, AccessibilityAction: ACTION_SELECT - null, AccessibilityAction: ACTION_CLEAR_SELECTION - null, AccessibilityAction: ACTION_ACCESSIBILITY_FOCUS - null, AccessibilityAction: ACTION_SHOW_ON_SCREEN - null]
09-28 09:59:54.953  5963  5963 D EventInjector_1: Started EventInjector.inject
09-28 09:59:54.953  5963  5963 D EventInjector_1: Discarded package com.android.systemui as it does not equal io.github.lonamiwebs.klooni
09-28 09:59:54.953  5963  5963 V XMLdumper: writeEvent called with Accessibility, 30, Back
--------- beginning of system
09-28 09:59:54.976 20483 21164 E ActivityManager: applyOptionsLocked: Unknown animationType=0
09-28 09:59:55.008  5963  5963 D XMLdumper: Skipping invisible child: android.view.accessibility.AccessibilityNodeInfo@8000c163; boundsInParent: Rect(0, 0 - 648, 65); boundsInScreen: Rect(216, 171 - 864, 236); packageName: com.android.systemui; className: android.widget.TextView; text: Gmail; error: null; maxTextLength: -1; contentDescription: Gmail; viewIdResName: com.android.systemui:id/title; checkable: false; checked: false; focusable: false; focused: false; selected: false; clickable: false; longClickable: false; contextClickable: false; enabled: true; password: false; scrollable: false; actions: [AccessibilityAction: ACTION_SELECT - null, AccessibilityAction: ACTION_CLEAR_SELECTION - null, AccessibilityAction: ACTION_ACCESSIBILITY_FOCUS - null, AccessibilityAction: ACTION_NEXT_AT_MOVEMENT_GRANULARITY - null, AccessibilityAction: ACTION_PREVIOUS_AT_MOVEMENT_GRANULARITY - null, AccessibilityAction: ACTION_SET_SELECTION - null, AccessibilityAction: ACTION_SHOW_ON_SCREEN - null]
09-28 09:59:55.009  5963  5963 D XMLdumper: Skipping invisible child: android.view.accessibility.AccessibilityNodeInfo@800265d3; boundsInParent: Rect(0, 0 - 168, 168); boundsInScreen: Rect(864, 503 - 1032, 671); packageName: com.android.systemui; className: android.widget.ImageView; text: null; error: null; maxTextLength: -1; contentDescription: Dismiss 1010! Klooni.; viewIdResName: com.android.systemui:id/dismiss_task; checkable: false; checked: false; focusable: false; focused: false; selected: false; clickable: false; longClickable: false; contextClickable: false; enabled: true; password: false; scrollable: false; actions: [AccessibilityAction: ACTION_SELECT - null, AccessibilityAction: ACTION_CLEAR_SELECTION - null, AccessibilityAction: ACTION_ACCESSIBILITY_FOCUS - null, AccessibilityAction: ACTION_NEXT_AT_MOVEMENT_GRANULARITY - null, AccessibilityAction: ACTION_PREVIOUS_AT_MOVEMENT_GRANULARITY - null, AccessibilityAction: ACTION_SET_SELECTION - null, AccessibilityAction: ACTION_SHOW_ON_SCREEN - null]
09-28 09:59:55.010  5963  5963 D XMLdumper: Skipping invisible child: android.view.accessibility.AccessibilityNodeInfo@80017593; boundsInParent: Rect(0, 0 - 168, 168); boundsInScreen: Rect(864, 1536 - 1032, 1704); packageName: com.android.systemui; className: android.widget.ImageView; text: null; error: null; maxTextLength: -1; contentDescription: Dismiss AppFuzzer.; viewIdResName: com.android.systemui:id/dismiss_task; checkable: false; checked: false; focusable: false; focused: false; selected: false; clickable: false; longClickable: false; contextClickable: false; enabled: true; password: false; scrollable: false; actions: [AccessibilityAction: ACTION_SELECT - null, AccessibilityAction: ACTION_CLEAR_SELECTION - null, AccessibilityAction: ACTION_ACCESSIBILITY_FOCUS - null, AccessibilityAction: ACTION_NEXT_AT_MOVEMENT_GRANULARITY - null, AccessibilityAction: ACTION_PREVIOUS_AT_MOVEMENT_GRANULARITY - null, AccessibilityAction: ACTION_SET_SELECTION - null, AccessibilityAction: ACTION_SHOW_ON_SCREEN - null]
09-28 09:59:55.010  5963  5963 D XMLdumper: Cleaning up.
09-28 09:59:55.010  5963  5963 V XMLdumper: setSource called, old: Accessibility; new: 
09-28 09:59:55.014  5963  5963 D MyTimerTask_1: Starting new timer
09-28 09:59:55.018  5963  5963 V onAccessibilityEvent: Unlocked.
09-28 09:59:55.104  5987  5987 I AndroidInput: sensor listener setup
09-28 09:59:55.155 20687 20799 D EGL_emulation: eglMakeCurrent: 0xa15853c0: ver 2 0 (tinfo 0xa1583290)
09-28 09:59:55.195 20687 20799 D EGL_emulation: eglMakeCurrent: 0xa15853c0: ver 2 0 (tinfo 0xa1583290)
09-28 09:59:55.218  5963  6306 D MyTimerTask_1: TimerCallback called.
09-28 09:59:55.218  5963  6306 V MyTimerTask_1: Locking.
09-28 09:59:55.219  5963  6306 W *** RAM availability: 0.5972688031799267
09-28 09:59:55.654 20483 21166 W art     : Long monitor contention with owner android.display (20524) at void com.android.server.wm.WindowAnimator$1.doFrame(long)(WindowAnimator.java:144) waiters=2 in void com.android.server.wm.WindowManagerService.getStackBounds(int, android.graphics.Rect) for 264ms
09-28 09:59:55.658  5987  6268 D         : HostConnection::get() New Host Connection established 0x8bfb09c0, tid 6268
09-28 09:59:55.660 20687 20687 I Choreographer: Skipped 38 frames!  The application may be doing too much work on its main thread.
09-28 09:59:55.680  5987  6268 W         : Unrecognized GLES max version string in extensions: ANDROID_EMU_CHECKSUM_HELPER_v1 ANDROID_EMU_dma_v1 
09-28 09:59:55.689  5963  6306 D MyTimerTask_1: Found current_node: android.view.accessibility.AccessibilityNodeInfo@8000b25f; boundsInParent: Rect(0, 0 - 1080, 1920); boundsInScreen: Rect(0, 0 - 1080, 1920); packageName: com.android.systemui; className: android.widget.FrameLayout; text: null; error: null; maxTextLength: -1; contentDescription: null; viewIdResName: null; checkable: false; checked: false; focusable: true; focused: false; selected: false; clickable: false; longClickable: false; contextClickable: false; enabled: true; password: false; scrollable: false; actions: [AccessibilityAction: ACTION_FOCUS - null, AccessibilityAction: ACTION_SELECT - null, AccessibilityAction: ACTION_CLEAR_SELECTION - null, AccessibilityAction: ACTION_ACCESSIBILITY_FOCUS - null, AccessibilityAction: ACTION_SHOW_ON_SCREEN - null]
09-28 09:59:55.689  5963  6306 I onAccessibilityEvent: Current rep: 2, Current set: 3
09-28 09:59:55.689  5963  6306 I onAccessibilityEvent: CURRENT_STEP is now 2
09-28 09:59:55.689  5963  6306 D MyTimerTask_1: TimerCallback: We have found a current_root and begin writing the XML now
09-28 09:59:55.689  5963  6306 W XMLdumper: startFile called, but a file is already being processed
09-28 09:59:55.690  5963  6306 V XMLdumper: setSource called, old: ; new: Timer
09-28 09:59:55.690  5963  6306 D MyTimerTask_1: TimerCallback: Calling injectEventCaller
09-28 09:59:55.690  5963  6306 D MyTimerTask_1: Canceled timer.
09-28 09:59:55.690  5963  6306 I MyTimerTask_1: Started MyTimerTask:injectEventCaller with node android.view.accessibility.AccessibilityNodeInfo@8000b25f; boundsInParent: Rect(0, 0 - 1080, 1920); boundsInScreen: Rect(0, 0 - 1080, 1920); packageName: com.android.systemui; className: android.widget.FrameLayout; text: null; error: null; maxTextLength: -1; contentDescription: null; viewIdResName: null; checkable: false; checked: false; focusable: true; focused: false; selected: false; clickable: false; longClickable: false; contextClickable: false; enabled: true; password: false; scrollable: false; actions: [AccessibilityAction: ACTION_FOCUS - null, AccessibilityAction: ACTION_SELECT - null, AccessibilityAction: ACTION_CLEAR_SELECTION - null, AccessibilityAction: ACTION_ACCESSIBILITY_FOCUS - null, AccessibilityAction: ACTION_SHOW_ON_SCREEN - null]
09-28 09:59:55.690  5963  6306 D EventInjector_1: Started EventInjector.inject
09-28 09:59:55.690  5963  6306 D EventInjector_1: Discarded package com.android.systemui as it does not equal io.github.lonamiwebs.klooni
09-28 09:59:55.690  5963  6306 V XMLdumper: writeEvent called with Timer, 31, Back
09-28 09:59:55.691  5963  6306 D XMLdumper: Skipping invisible child: android.view.accessibility.AccessibilityNodeInfo@8000c163; boundsInParent: Rect(0, 0 - 648, 65); boundsInScreen: Rect(216, 171 - 864, 236); packageName: com.android.systemui; className: android.widget.TextView; text: Gmail; error: null; maxTextLength: -1; contentDescription: Gmail; viewIdResName: com.android.systemui:id/title; checkable: false; checked: false; focusable: false; focused: false; selected: false; clickable: false; longClickable: false; contextClickable: false; enabled: true; password: false; scrollable: false; actions: [AccessibilityAction: ACTION_SELECT - null, AccessibilityAction: ACTION_CLEAR_SELECTION - null, AccessibilityAction: ACTION_ACCESSIBILITY_FOCUS - null, AccessibilityAction: ACTION_NEXT_AT_MOVEMENT_GRANULARITY - null, AccessibilityAction: ACTION_PREVIOUS_AT_MOVEMENT_GRANULARITY - null, AccessibilityAction: ACTION_SET_SELECTION - null, AccessibilityAction: ACTION_SHOW_ON_SCREEN - null]
09-28 09:59:55.692  5963  6306 D XMLdumper: Skipping invisible child: android.view.accessibility.AccessibilityNodeInfo@800265d3; boundsInParent: Rect(0, 0 - 168, 168); boundsInScreen: Rect(864, 503 - 1032, 671); packageName: com.android.systemui; className: android.widget.ImageView; text: null; error: null; maxTextLength: -1; contentDescription: Dismiss 1010! Klooni.; viewIdResName: com.android.systemui:id/dismiss_task; checkable: false; checked: false; focusable: false; focused: false; selected: false; clickable: false; longClickable: false; contextClickable: false; enabled: true; password: false; scrollable: false; actions: [AccessibilityAction: ACTION_SELECT - null, AccessibilityAction: ACTION_CLEAR_SELECTION - null, AccessibilityAction: ACTION_ACCESSIBILITY_FOCUS - null, AccessibilityAction: ACTION_NEXT_AT_MOVEMENT_GRANULARITY - null, AccessibilityAction: ACTION_PREVIOUS_AT_MOVEMENT_GRANULARITY - null, AccessibilityAction: ACTION_SET_SELECTION - null, AccessibilityAction: ACTION_SHOW_ON_SCREEN - null]
09-28 09:59:55.692  5963  6306 D XMLdumper: Skipping invisible child: android.view.accessibility.AccessibilityNodeInfo@80017593; boundsInParent: Rect(0, 0 - 168, 168); boundsInScreen: Rect(864, 1536 - 1032, 1704); packageName: com.android.systemui; className: android.widget.ImageView; text: null; error: null; maxTextLength: -1; contentDescription: Dismiss AppFuzzer.; viewIdResName: com.android.systemui:id/dismiss_task; checkable: false; checked: false; focusable: false; focused: false; selected: false; clickable: false; longClickable: false; contextClickable: false; enabled: true; password: false; scrollable: false; actions: [AccessibilityAction: ACTION_SELECT - null, AccessibilityAction: ACTION_CLEAR_SELECTION - null, AccessibilityAction: ACTION_ACCESSIBILITY_FOCUS - null, AccessibilityAction: ACTION_NEXT_AT_MOVEMENT_GRANULARITY - null, AccessibilityAction: ACTION_PREVIOUS_AT_MOVEMENT_GRANULARITY - null, AccessibilityAction: ACTION_SET_SELECTION - null, AccessibilityAction: ACTION_SHOW_ON_SCREEN - null]
09-28 09:59:55.692  5963  6306 D XMLdumper: Cleaning up.
09-28 09:59:55.692  5963  6306 V XMLdumper: setSource called, old: Timer; new: 
09-28 09:59:55.693  5963  6306 D MyTimerTask_1: Starting new timer
09-28 09:59:55.693  5963  6306 V MyTimerTask_1: Unlocked.
09-28 09:59:55.708  5987  6268 W GL2JNIView: creating OpenGL ES 2.0 context
09-28 09:59:55.741  5987  6268 D EGL_emulation: eglCreateContext: 0x9ae05c00: maj 2 min 0 rcv 2
09-28 09:59:55.741  5987  6268 W GL2JNIView: Returning a GLES 2 context
09-28 09:59:55.794  5987  5987 W ViewRootImpl[AndroidLauncher]: Dropping event due to no window focus: KeyEvent { action=ACTION_DOWN, keyCode=KEYCODE_BACK, scanCode=0, metaState=0, flags=0x8, repeatCount=0, eventTime=75464464, downTime=75464464, deviceId=-1, source=0x101 }
09-28 09:59:55.797  5963  5963 I onAccessibilityEvent: ********** New Event received: EventType: TYPE_WINDOW_STATE_CHANGED; EventTime: 75465364; PackageName: io.github.lonamiwebs.klooni; MovementGranularity: 0; Action: 0 [ ClassName: io.github.lonamiwebs.klooni.AndroidLauncher; Text: [1010! Klooni]; ContentDescription: null; ItemCount: -1; CurrentItemIndex: -1; IsEnabled: true; IsPassword: false; IsChecked: false; IsFullScreen: true; Scrollable: false; BeforeText: null; FromIndex: -1; ToIndex: -1; ScrollX: -1; ScrollY: -1; MaxScrollX: -1; MaxScrollY: -1; AddedCount: -1; RemovedCount: -1; ParcelableData: null ]; recordCount: 0
09-28 09:59:55.797  5963  5963 V onAccessibilityEvent: Locking.
09-28 09:59:55.798  5963  5963 W *** RAM availability: 0.5983246382212285
09-28 09:59:55.798  5963  5963 D MyTimerTask_1: Canceled timer.
09-28 09:59:55.798  5963  5963 D MyTimerTask_1: Canceled timer.
09-28 09:59:55.798  5963  5963 D MyTimerTask_1: Canceled timer.
09-28 09:59:55.798  5963  5963 I onAccessibilityEvent: Current rep: 3, Current set: 3
09-28 09:59:55.798  5963  5963 I onAccessibilityEvent: CURRENT_STEP is now 3
09-28 09:59:55.799  5963  5963 W XMLdumper: startFile called, but a file is already being processed
09-28 09:59:55.799  5963  5963 V XMLdumper: setSource called, old: ; new: Accessibility
09-28 09:59:55.799  5963  5963 D MyTimerTask_1: Canceled timer.
09-28 09:59:55.799  5963  5963 I MyTimerTask_1: Started MyTimerTask:injectEventCaller with node android.view.accessibility.AccessibilityNodeInfo@80009820; boundsInParent: Rect(0, 0 - 1080, 1776); boundsInScreen: Rect(0, 0 - 1080, 1776); packageName: io.github.lonamiwebs.klooni; className: android.widget.FrameLayout; text: null; error: null; maxTextLength: -1; contentDescription: null; viewIdResName: null; checkable: false; checked: false; focusable: false; focused: false; selected: false; clickable: false; longClickable: false; contextClickable: false; enabled: true; password: false; scrollable: false; actions: [AccessibilityAction: ACTION_SELECT - null, AccessibilityAction: ACTION_CLEAR_SELECTION - null, AccessibilityAction: ACTION_ACCESSIBILITY_FOCUS - null, AccessibilityAction: ACTION_SHOW_ON_SCREEN - null]
09-28 09:59:55.802  5963  5963 D EventInjector_1: Started EventInjector.inject
09-28 09:59:55.827  5987  6268 D EGL_emulation: eglMakeCurrent: 0x9ae05c00: ver 2 0 (tinfo 0x8cad2f90)
09-28 09:59:55.829  5987  6268 I AndroidGraphics: OGL renderer: Google SwiftShader
09-28 09:59:55.829  5987  6268 I AndroidGraphics: OGL vendor: Google Inc.
09-28 09:59:55.830  5987  6268 I AndroidGraphics: OGL version: OpenGL ES 2.0 SwiftShader 3.3.0.2
09-28 09:59:55.830  5987  6268 I AndroidGraphics: OGL extensions: GL_EXT_debug_marker GL_OES_compressed_ETC1_RGB8_texture GL_OES_depth24 GL_OES_depth32 GL_OES_depth_texture GL_OES_depth_texture_cube_map GL_OES_EGL_image GL_OES_EGL_image_external GL_OES_EGL_sync GL_OES_element_index_uint GL_OES_framebuffer_object GL_OES_packed_depth_stencil GL_OES_rgb8_rgba8 GL_OES_standard_derivatives GL_OES_texture_float GL_OES_texture_float_linear GL_OES_texture_half_float GL_OES_texture_half_float_linear GL_OES_texture_npot GL_OES_texture_3D GL_EXT_blend_minmax GL_EXT_color_buffer_half_float GL_EXT_draw_buffers GL_EXT_instanced_arrays GL_EXT_occlusion_query_boolean GL_EXT_read_format_bgra GL_EXT_texture_filter_anisotropic GL_EXT_texture_format_BGRA8888 GL_ANGLE_framebuffer_blit GL_ANGLE_framebuffer_multisample GL_ANGLE_instanced_arrays GL_NV_fence GL_NV_framebuffer_blit GL_NV_read_depth ANDROID_EMU_CHECKSUM_HELPER_v1 ANDROID_EMU_dma_v1 
09-28 09:59:55.830  5987  6268 I AndroidGraphics: framebuffer: (5, 6, 5, 0)
09-28 09:59:55.830  5987  6268 I AndroidGraphics: depthbuffer: (16)
09-28 09:59:55.830  5987  6268 I AndroidGraphics: stencilbuffer: (0)
09-28 09:59:55.830  5987  6268 I AndroidGraphics: samples: (0)
09-28 09:59:55.830  5987  6268 I AndroidGraphics: coverage sampling: (false)
09-28 09:59:55.830  5987  6268 I AndroidGraphics: Managed meshes/app: { }
09-28 09:59:55.830  5987  6268 I AndroidGraphics: Managed textures/app: { }
09-28 09:59:55.830  5987  6268 I AndroidGraphics: Managed cubemap/app: { }
09-28 09:59:55.830  5987  6268 I AndroidGraphics: Managed shaders/app: { }
09-28 09:59:55.830  5987  6268 I AndroidGraphics: Managed buffers/app: { }
09-28 09:59:55.847  5987  6006 D EGL_emulation: eglMakeCurrent: 0x9ae4d000: ver 2 0 (tinfo 0xa6074ca0)
09-28 09:59:56.126  5987  6268 I AndroidGraphics: resumed
09-28 09:59:56.307 20483 20505 W ActivityManager: Activity pause timeout for ActivityRecord{4174f34 u0 io.github.lonamiwebs.klooni/.AndroidLauncher t103 f}
09-28 09:59:56.334  5963  5963 I EventInjector_1: No scrollables found
09-28 09:59:56.334  5963  5963 D EventInjector_1: Skipped searching for OAuth forms.
09-28 09:59:56.334  5963  5963 V XMLdumper: writeEvent called with Accessibility, 32, Back
09-28 09:59:56.334  5963  5963 D XMLdumper: Cleaning up.
09-28 09:59:56.334  5963  5963 V XMLdumper: setSource called, old: Accessibility; new: 
09-28 09:59:56.334  5963  5963 I EventInjector_1: Pressing back
09-28 09:59:56.335  5963  5963 D EventInjector_1: EventInjector.inject finished.
09-28 09:59:56.335  5963  5963 D MyTimerTask_1: Starting new timer
09-28 09:59:56.335  5963  5963 V onAccessibilityEvent: Unlocked.
09-28 09:59:56.338  5987  6268 I AndroidGraphics: paused
09-28 09:59:56.339  5987  5987 I AndroidInput: sensor listener tear down
09-28 09:59:56.340  5987  5987 I AndroidGraphics: Managed meshes/app: { }
09-28 09:59:56.340  5987  5987 I AndroidGraphics: Managed textures/app: { }
09-28 09:59:56.340  5987  5987 I AndroidGraphics: Managed cubemap/app: { }
09-28 09:59:56.340  5987  5987 I AndroidGraphics: Managed shaders/app: { }
09-28 09:59:56.340  5987  5987 I AndroidGraphics: Managed buffers/app: { }
09-28 09:59:56.387  5987  6268 I AndroidGraphics: destroyed
09-28 09:59:56.535  5963  6312 D MyTimerTask_1: TimerCallback called.
09-28 09:59:56.535  5963  6312 V MyTimerTask_1: Locking.
09-28 09:59:56.536  5963  6312 W *** RAM availability: 0.5952231227874045
09-28 09:59:56.546 20483 20505 I WindowManager: Failed to capture screenshot of Token{e46c15d ActivityRecord{4174f34 u0 io.github.lonamiwebs.klooni/.AndroidLauncher t103 f}} appWin=Window{858adb8 u0 SurfaceView - io.github.lonamiwebs.klooni/io.github.lonamiwebs.klooni.AndroidLauncher} drawState=3
09-28 09:59:56.550 20483 21978 W ActivityManager: Finishing task with all activities already finished
09-28 09:59:56.550 20483 21978 W ActivityManager: Duplicate finish request for ActivityRecord{4174f34 u0 io.github.lonamiwebs.klooni/.AndroidLauncher t103 f}
09-28 09:59:56.551  5963  6312 D MyTimerTask_1: Found current_node: android.view.accessibility.AccessibilityNodeInfo@80009820; boundsInParent: Rect(0, 0 - 1080, 1776); boundsInScreen: Rect(0, 0 - 1080, 1776); packageName: io.github.lonamiwebs.klooni; className: android.widget.FrameLayout; text: null; error: null; maxTextLength: -1; contentDescription: null; viewIdResName: null; checkable: false; checked: false; focusable: false; focused: false; selected: false; clickable: false; longClickable: false; contextClickable: false; enabled: true; password: false; scrollable: false; actions: [AccessibilityAction: ACTION_SELECT - null, AccessibilityAction: ACTION_CLEAR_SELECTION - null, AccessibilityAction: ACTION_ACCESSIBILITY_FOCUS - null, AccessibilityAction: ACTION_SHOW_ON_SCREEN - null]
09-28 09:59:56.551  5963  6312 I onAccessibilityEvent: Current rep: 4, Current set: 3
09-28 09:59:56.551  5963  6312 I onAccessibilityEvent: CURRENT_STEP is now 4
09-28 09:59:56.551  5963  6312 D MyTimerTask_1: TimerCallback: We have found a current_root and begin writing the XML now
09-28 09:59:56.551  5963  6312 W XMLdumper: startFile called, but a file is already being processed
09-28 09:59:56.551  5963  6312 V XMLdumper: setSource called, old: ; new: Timer
09-28 09:59:56.551  5963  6312 D MyTimerTask_1: TimerCallback: Calling injectEventCaller
09-28 09:59:56.551  5963  6312 D MyTimerTask_1: Canceled timer.
09-28 09:59:56.551  5963  6312 I MyTimerTask_1: Started MyTimerTask:injectEventCaller with node android.view.accessibility.AccessibilityNodeInfo@80009820; boundsInParent: Rect(0, 0 - 1080, 1776); boundsInScreen: Rect(0, 0 - 1080, 1776); packageName: io.github.lonamiwebs.klooni; className: android.widget.FrameLayout; text: null; error: null; maxTextLength: -1; contentDescription: null; viewIdResName: null; checkable: false; checked: false; focusable: false; focused: false; selected: false; clickable: false; longClickable: false; contextClickable: false; enabled: true; password: false; scrollable: false; actions: [AccessibilityAction: ACTION_SELECT - null, AccessibilityAction: ACTION_CLEAR_SELECTION - null, AccessibilityAction: ACTION_ACCESSIBILITY_FOCUS - null, AccessibilityAction: ACTION_SHOW_ON_SCREEN - null]
09-28 09:59:56.551  5963  6312 D EventInjector_1: Started EventInjector.inject
09-28 09:59:56.552  5963  6312 V XMLdumper: writeEvent called with Timer, 33, Back
09-28 09:59:56.553  5963  6312 D XMLdumper: Cleaning up.
09-28 09:59:56.553  5963  6312 V XMLdumper: setSource called, old: Timer; new: 
09-28 09:59:56.553  5963  6312 I EventInjector_1: Pressing back
09-28 09:59:56.553  5963  6312 D EventInjector_1: EventInjector.inject finished.
09-28 09:59:56.553  5963  6312 D MyTimerTask_1: Starting new timer
09-28 09:59:56.554  5963  6312 V MyTimerTask_1: Unlocked.
09-28 09:59:56.753  5963  6314 D MyTimerTask_1: TimerCallback called.
09-28 09:59:56.753  5963  6314 V MyTimerTask_1: Locking.
09-28 09:59:56.753  5963  6314 W *** RAM availability: 0.5952231227874045
09-28 09:59:56.912  5963  5963 I onAccessibilityEvent: ********** New Event received: EventType: TYPE_WINDOW_STATE_CHANGED; EventTime: 75466310; PackageName: com.google.android.googlequicksearchbox; MovementGranularity: 0; Action: 0 [ ClassName: android.widget.FrameLayout; Text: []; ContentDescription: null; ItemCount: -1; CurrentItemIndex: -1; IsEnabled: true; IsPassword: false; IsChecked: false; IsFullScreen: false; Scrollable: false; BeforeText: null; FromIndex: -1; ToIndex: -1; ScrollX: -1; ScrollY: -1; MaxScrollX: -1; MaxScrollY: -1; AddedCount: -1; RemovedCount: -1; ParcelableData: null ]; recordCount: 0
09-28 09:59:56.912  5963  5963 V onAccessibilityEvent: Locking.
09-28 09:59:56.918  5963  6314 D MyTimerTask_1: Found current_node: android.view.accessibility.AccessibilityNodeInfo@80009820; boundsInParent: Rect(0, 0 - 1080, 1776); boundsInScreen: Rect(0, 0 - 1080, 1776); packageName: io.github.lonamiwebs.klooni; className: android.widget.FrameLayout; text: null; error: null; maxTextLength: -1; contentDescription: null; viewIdResName: null; checkable: false; checked: false; focusable: false; focused: false; selected: false; clickable: false; longClickable: false; contextClickable: false; enabled: true; password: false; scrollable: false; actions: [AccessibilityAction: ACTION_SELECT - null, AccessibilityAction: ACTION_CLEAR_SELECTION - null, AccessibilityAction: ACTION_ACCESSIBILITY_FOCUS - null, AccessibilityAction: ACTION_SHOW_ON_SCREEN - null]
09-28 09:59:56.918  5963  6314 I onAccessibilityEvent: Current rep: 5, Current set: 3
09-28 09:59:56.918  5963  6314 I onAccessibilityEvent: CURRENT_STEP is now 5
09-28 09:59:56.918  5963  6314 D MyTimerTask_1: TimerCallback: We have found a current_root and begin writing the XML now
09-28 09:59:56.918  5963  6314 W XMLdumper: startFile called, but a file is already being processed
09-28 09:59:56.918  5963  6314 V XMLdumper: setSource called, old: ; new: Timer
09-28 09:59:56.919  5963  6314 D MyTimerTask_1: TimerCallback: Calling injectEventCaller
09-28 09:59:56.919  5963  6314 D MyTimerTask_1: Canceled timer.
09-28 09:59:56.920  5963  6314 I MyTimerTask_1: Started MyTimerTask:injectEventCaller with node android.view.accessibility.AccessibilityNodeInfo@80009820; boundsInParent: Rect(0, 0 - 1080, 1776); boundsInScreen: Rect(0, 0 - 1080, 1776); packageName: io.github.lonamiwebs.klooni; className: android.widget.FrameLayout; text: null; error: null; maxTextLength: -1; contentDescription: null; viewIdResName: null; checkable: false; checked: false; focusable: false; focused: false; selected: false; clickable: false; longClickable: false; contextClickable: false; enabled: true; password: false; scrollable: false; actions: [AccessibilityAction: ACTION_SELECT - null, AccessibilityAction: ACTION_CLEAR_SELECTION - null, AccessibilityAction: ACTION_ACCESSIBILITY_FOCUS - null, AccessibilityAction: ACTION_SHOW_ON_SCREEN - null]
09-28 09:59:56.920  5963  6314 D EventInjector_1: Started EventInjector.inject
09-28 09:59:56.921  5963  6314 D EventInjector_1: Skipped searching for OAuth forms.
09-28 09:59:56.921  5963  6314 V XMLdumper: writeEvent called with Timer, 34, Back
09-28 09:59:56.922  5963  6314 D XMLdumper: Cleaning up.
09-28 09:59:56.922  5963  6314 V XMLdumper: setSource called, old: Timer; new: 
09-28 09:59:56.922  5963  6314 I EventInjector_1: Pressing back
09-28 09:59:56.923  5963  6314 D EventInjector_1: EventInjector.inject finished.
09-28 09:59:56.923  5963  6314 D MyTimerTask_1: Starting new timer
09-28 09:59:56.925  5963  5963 W *** RAM availability: 0.5952231227874045
09-28 09:59:56.925  5963  5963 D MyTimerTask_1: Canceled timer.
09-28 09:59:56.925  5963  5963 D MyTimerTask_1: Canceled timer.
09-28 09:59:56.925  5963  5963 D MyTimerTask_1: Canceled timer.
09-28 09:59:56.925  5963  5963 D MyTimerTask_1: Canceled timer.
09-28 09:59:56.925  5963  5963 I onAccessibilityEvent: Current rep: 6, Current set: 3
09-28 09:59:56.925  5963  5963 I onAccessibilityEvent: CURRENT_STEP is now 6
09-28 09:59:56.927  5963  5963 W XMLdumper: startFile called, but a file is already being processed
09-28 09:59:56.927  5963  5963 V XMLdumper: setSource called, old: ; new: Accessibility
09-28 09:59:56.927  5963  5963 D MyTimerTask_1: Canceled timer.
09-28 09:59:56.927  5963  5963 I MyTimerTask_1: Started MyTimerTask:injectEventCaller with node android.view.accessibility.AccessibilityNodeInfo@80007645; boundsInParent: Rect(0, 0 - 1080, 1920); boundsInScreen: Rect(-1920, 0 - -840, 1920); packageName: com.google.android.googlequicksearchbox; className: android.widget.FrameLayout; text: null; error: null; maxTextLength: -1; contentDescription: null; viewIdResName: null; checkable: false; checked: false; focusable: false; focused: false; selected: false; clickable: false; longClickable: false; contextClickable: false; enabled: true; password: false; scrollable: false; actions: [AccessibilityAction: ACTION_SELECT - null, AccessibilityAction: ACTION_CLEAR_SELECTION - null, AccessibilityAction: ACTION_ACCESSIBILITY_FOCUS - null, AccessibilityAction: ACTION_SHOW_ON_SCREEN - null]
09-28 09:59:56.928  5963  5963 D EventInjector_1: Started EventInjector.inject
09-28 09:59:56.928  5963  5963 D EventInjector_1: Discarded package com.google.android.googlequicksearchbox as it does not equal io.github.lonamiwebs.klooni
09-28 09:59:56.929 20483 20524 W art     : Long monitor contention with owner Binder:20483_10 (21978) at int com.android.server.wm.WindowManagerService.relayoutWindow(com.android.server.wm.Session, android.view.IWindow, int, android.view.WindowManager$LayoutParams, int, int, int, int, android.graphics.Rect, android.graphics.Rect, android.graphics.Rect, android.graphics.Rect, android.graphics.Rect, android.graphics.Rect, android.graphics.Rect, android.content.res.Configuration, android.view.Surface)(WindowManagerService.java:2850) waiters=1 in void com.android.server.wm.WindowManagerService$H.handleMessage(android.os.Message) for 115ms
09-28 09:59:56.929  5963  5963 V XMLdumper: writeEvent called with Accessibility, 35, Back
09-28 09:59:56.929  5963  6314 V MyTimerTask_1: Unlocked.
09-28 09:59:56.930  5963  5963 D XMLdumper: Null child 0/1, parent: android.view.accessibility.AccessibilityNodeInfo@80007645; boundsInParent: Rect(0, 0 - 1080, 1920); boundsInScreen: Rect(-1920, 0 - -840, 1920); packageName: com.google.android.googlequicksearchbox; className: android.widget.FrameLayout; text: null; error: null; maxTextLength: -1; contentDescription: null; viewIdResName: null; checkable: false; checked: false; focusable: false; focused: false; selected: false; clickable: false; longClickable: false; contextClickable: false; enabled: true; password: false; scrollable: false; actions: [AccessibilityAction: ACTION_SELECT - null, AccessibilityAction: ACTION_CLEAR_SELECTION - null, AccessibilityAction: ACTION_ACCESSIBILITY_FOCUS - null, AccessibilityAction: ACTION_SHOW_ON_SCREEN - null]
09-28 09:59:56.930  5963  5963 D XMLdumper: Cleaning up.
09-28 09:59:56.930  5963  5963 V XMLdumper: setSource called, old: Accessibility; new: 
09-28 09:59:56.938  5963  5963 D MyTimerTask_1: Starting new timer
09-28 09:59:56.938  5963  5963 V onAccessibilityEvent: Unlocked.
09-28 09:59:56.998 21249 21495 D EGL_emulation: eglMakeCurrent: 0xa1585060: ver 2 0 (tinfo 0xa1583ae0)
09-28 09:59:57.138  5963  6318 D MyTimerTask_1: TimerCallback called.
09-28 09:59:57.138  5963  6318 V MyTimerTask_1: Locking.
09-28 09:59:57.139  5963  6318 W *** RAM availability: 0.5948621203651947
09-28 09:59:57.374 21167 21167 W ViewRootImpl[NexusLauncherActivity]: Dropping event due to no window focus: KeyEvent { action=ACTION_DOWN, keyCode=KEYCODE_BACK, scanCode=0, metaState=0, flags=0x8, repeatCount=0, eventTime=75464582, downTime=75464582, deviceId=-1, source=0x101 }
09-28 09:59:57.374  5963  5963 I onAccessibilityEvent: ********** New Event received: EventType: TYPE_WINDOW_STATE_CHANGED; EventTime: 75466571; PackageName: com.google.android.apps.nexuslauncher; MovementGranularity: 0; Action: 0 [ ClassName: com.google.android.apps.nexuslauncher.NexusLauncherActivity; Text: [Home screen 1 of 1]; ContentDescription: null; ItemCount: -1; CurrentItemIndex: -1; IsEnabled: true; IsPassword: false; IsChecked: false; IsFullScreen: true; Scrollable: false; BeforeText: null; FromIndex: -1; ToIndex: -1; ScrollX: -1; ScrollY: -1; MaxScrollX: -1; MaxScrollY: -1; AddedCount: -1; RemovedCount: -1; ParcelableData: null ]; recordCount: 0
09-28 09:59:57.374  5963  5963 V onAccessibilityEvent: Locking.
09-28 09:59:57.374 20483 21183 W art     : Long monitor contention with owner Binder:20483_1 (20498) at boolean com.android.server.accessibility.AccessibilityManagerService.sendAccessibilityEvent(android.view.accessibility.AccessibilityEvent, int)(AccessibilityManagerService.java:455) waiters=0 in boolean com.android.server.accessibility.AccessibilityManagerService$Service.findAccessibilityNodeInfoByAccessibilityId(int, long, int, android.view.accessibility.IAccessibilityInteractionConnectionCallback, int, long) for 235ms
09-28 09:59:57.376  5987  5987 W IInputConnectionWrapper: reportFullscreenMode on inexistent InputConnection
09-28 09:59:57.376  5987  5987 W IInputConnectionWrapper: finishComposingText on inactive InputConnection
09-28 09:59:57.382 21167 21356 D EGL_emulation: eglMakeCurrent: 0x9e0cc700: ver 2 0 (tinfo 0x9ae1fe80)
09-28 09:59:57.409 21249 21249 I OptInState: There is a new client and it does not support opt-in. Dropping request.
09-28 09:59:57.417 21249  1967 W LocationOracle: No location history returned by ContextManager
09-28 09:59:57.420 21249 21249 I MicroDetectionWorker: Micro detection mode: [mDetectionMode: [1]].
09-28 09:59:57.420 21249 21249 I AudioController: Using mInputStreamFactoryBuilder
09-28 09:59:57.429 21249  6322 I MicroRecognitionRunner: Starting detection.
09-28 09:59:57.431 21249  1741 I MicrophoneInputStream: mic_starting com.google.android.apps.gsa.staticplugins.z.c@42681ec
09-28 09:59:57.449 20360  6325 I AudioFlinger: AudioFlinger's thread 0xb0483d40 ready to run
09-28 09:59:57.479 20360 20380 E AudioFlinger: not enough memory for AudioTrack size=131296
09-28 09:59:57.479 20360 20380 D MemoryDealer:   AudioTrack (0xb0e1cef0, size=4194304)
09-28 09:59:57.479 20360 20380 D MemoryDealer:     0: 0xb0e1cf00 | 0x00000000 | 0x000200E0 | A 
09-28 09:59:57.479 20360 20380 D MemoryDealer:     1: 0xb0e1cf20 | 0x000200E0 | 0x000200E0 | A 
09-28 09:59:57.479 20360 20380 D MemoryDealer:     2: 0xb0e1cf80 | 0x000401C0 | 0x000200E0 | A 
09-28 09:59:57.479 20360 20380 D MemoryDealer:     3: 0xb0530110 | 0x000602A0 | 0x000200E0 | A 
09-28 09:59:57.479 20360 20380 D MemoryDealer:     4: 0xb039c140 | 0x00080380 | 0x000200E0 | A 
09-28 09:59:57.479 20360 20380 D MemoryDealer:     5: 0xb039c260 | 0x000A0460 | 0x000200E0 | A 
09-28 09:59:57.479 20360 20380 D MemoryDealer:     6: 0xb039c450 | 0x000C0540 | 0x000200E0 | A 
09-28 09:59:57.479 20360 20380 D MemoryDealer:     7: 0xb0530300 | 0x000E0620 | 0x000200E0 | A 
09-28 09:59:57.479 20360 20380 D MemoryDealer:     8: 0xb039c3d0 | 0x00100700 | 0x000200E0 | A 
09-28 09:59:57.479 20360 20380 D MemoryDealer:     9: 0xb039c6b0 | 0x001207E0 | 0x000200E0 | A 
09-28 09:59:57.479 20360 20380 D MemoryDealer:    10: 0xb05305a0 | 0x001408C0 | 0x000200E0 | A 
09-28 09:59:57.479 20360 20380 D MemoryDealer:    11: 0xb039c630 | 0x001609A0 | 0x000200E0 | A 
09-28 09:59:57.479 20360 20380 D MemoryDealer:    12: 0xb039c870 | 0x00180A80 | 0x000200E0 | A 
09-28 09:59:57.479 20360 20380 D MemoryDealer:    13: 0xb039c910 | 0x001A0B60 | 0x000200E0 | A 
09-28 09:59:57.479 20360 20380 D MemoryDealer:    14: 0xb039cb70 | 0x001C0C40 | 0x000200E0 | A 
09-28 09:59:57.479 20360 20380 D MemoryDealer:    15: 0xb05301b0 | 0x001E0D20 | 0x000200E0 | A 
09-28 09:59:57.479 20360 20380 D MemoryDealer:    16: 0xb0530730 | 0x00200E00 | 0x000200E0 | A 
09-28 09:59:57.479 20360 20380 D MemoryDealer:    17: 0xb039cd10 | 0x00220EE0 | 0x000200E0 | A 
09-28 09:59:57.479 20360 20380 D MemoryDealer:    18: 0xb039cc80 | 0x00240FC0 | 0x000200E0 | A 
09-28 09:59:57.479 20360 20380 D MemoryDealer:    19: 0xb039cf10 | 0x002610A0 | 0x000200E0 | A 
09-28 09:59:57.479 20360 20380 D MemoryDealer:    
09-28 09:59:57.479 20360 20380 E AudioFlinger: createRecordTrack_l() initCheck failed -12; no control block?
09-28 09:59:57.480 21249  1741 E AudioRecord: AudioFlinger could not create record track, status: -12
09-28 09:59:57.481 21249  1741 E AudioRecord-JNI: Error creating AudioRecord instance: initialization check failed with status -12.
09-28 09:59:57.484 21249  1741 E android.media.AudioRecord: Error code -20 when initializing native AudioRecord object.
09-28 09:59:57.484 21249  1741 I MicrophoneInputStream: mic_started com.google.android.apps.gsa.staticplugins.z.c@42681ec
09-28 09:59:57.486 21249  1741 E ActivityThread: Failed to find provider info for com.google.android.apps.gsa.testing.ui.audio.recorded
09-28 09:59:57.494 21249  6322 W SpeechLevelGenerator: Really low audio levels detected. The audio input may have issues.
09-28 09:59:57.496 21249 21249 I MicroDetectionWorker: onReady
09-28 09:59:57.501 21082 21422 W GCoreFlp: No location to return for getLastLocation()
09-28 09:59:57.508 20483 21975 I GnssLocationProvider: WakeLock acquired by sendMessage(3, 0, com.android.server.location.GnssLocationProvider$GpsRequest@7d83373)
09-28 09:59:57.514 21249  1741 I MicrophoneInputStream: mic_close com.google.android.apps.gsa.staticplugins.z.c@42681ec
09-28 09:59:57.514 20483 20504 I GnssLocationProvider: WakeLock released by handleMessage(3, 0, com.android.server.location.GnssLocationProvider$GpsRequest@7d83373)
09-28 09:59:57.517 21249  6322 I MicroRecognitionRunner: Detection finished
09-28 09:59:57.517 21249  6322 W ErrorReporter: reportError [type: 211, code: 524300]: Error reading from input stream
09-28 09:59:57.517 21249 21580 I MicroRecognitionRunner: Stopping hotword detection.
09-28 09:59:57.518 21249  6322 W ErrorProcessor: onFatalError, processing error from engine(4)
09-28 09:59:57.518 21249  6322 W ErrorProcessor: com.google.android.apps.gsa.shared.speech.a.g: Error reading from input stream
09-28 09:59:57.518 21249  6322 W ErrorProcessor: 	at com.google.android.apps.gsa.staticplugins.recognizer.i.a.a(SourceFile:342)
09-28 09:59:57.518 21249  6322 W ErrorProcessor: 	at com.google.android.apps.gsa.staticplugins.recognizer.i.a$1.run(SourceFile:1367)
09-28 09:59:57.518 21249  6322 W ErrorProcessor: 	at java.util.concurrent.Executors$RunnableAdapter.call(Executors.java:428)
09-28 09:59:57.518 21249  6322 W ErrorProcessor: 	at java.util.concurrent.FutureTask.run(FutureTask.java:237)
09-28 09:59:57.518 21249  6322 W ErrorProcessor: 	at com.google.android.apps.gsa.shared.util.concurrent.a.ak.run(SourceFile:66)
09-28 09:59:57.518 21249  6322 W ErrorProcessor: 	at java.util.concurrent.ThreadPoolExecutor.runWorker(ThreadPoolExecutor.java:1133)
09-28 09:59:57.518 21249  6322 W ErrorProcessor: 	at java.util.concurrent.ThreadPoolExecutor$Worker.run(ThreadPoolExecutor.java:607)
09-28 09:59:57.518 21249  6322 W ErrorProcessor: 	at java.lang.Thread.run(Thread.java:761)
09-28 09:59:57.518 21249  6322 W ErrorProcessor: 	at com.google.android.apps.gsa.shared.util.concurrent.a.ad$1.run(SourceFile:85)
09-28 09:59:57.518 21249  6322 W ErrorProcessor: Caused by: com.google.android.apps.gsa.shared.exception.GsaIOException: Error code: 393238 | Buffer overflow, no available space.
09-28 09:59:57.518 21249  6322 W ErrorProcessor: 	at com.google.android.apps.gsa.speech.audio.Tee.g(SourceFile:2531)
09-28 09:59:57.518 21249  6322 W ErrorProcessor: 	at com.google.android.apps.gsa.speech.audio.ap.read(SourceFile:555)
09-28 09:59:57.518 21249  6322 W ErrorProcessor: 	at java.io.InputStream.read(InputStream.java:101)
09-28 09:59:57.518 21249  6322 W ErrorProcessor: 	at com.google.android.apps.gsa.speech.audio.al.run(SourceFile:362)
09-28 09:59:57.518 21249  6322 W ErrorProcessor: 	at com.google.android.apps.gsa.speech.audio.ak$1.run(SourceFile:471)
09-28 09:59:57.518 21249  6322 W ErrorProcessor: 	at java.util.concurrent.Executors$RunnableAdapter.call(Executors.java:428)
09-28 09:59:57.518 21249  6322 W ErrorProcessor: 	at java.util.concurrent.FutureTask.run(FutureTask.java:237)
09-28 09:59:57.518 21249  6322 W ErrorProcessor: 	at com.google.android.apps.gsa.shared.util.concurrent.a.ak.run(SourceFile:66)
09-28 09:59:57.518 21249  6322 W ErrorProcessor: 	at com.google.android.apps.gsa.shared.util.concurrent.a.ax.run(SourceFile:139)
09-28 09:59:57.518 21249  6322 W ErrorProcessor: 	at com.google.android.apps.gsa.shared.util.concurrent.a.ax.run(SourceFile:139)
09-28 09:59:57.518 21249  6322 W ErrorProcessor: 	... 4 more
09-28 09:59:57.518 21249  6322 I AudioController: internalShutdown
09-28 09:59:57.519 21249 21249 I MicroDetector: Keeping mic open: false
09-28 09:59:57.519 21249 21249 I MicroDetectionWorker: #onError(false)
09-28 09:59:57.519 21249  6321 I DeviceStateChecker: DeviceStateChecker cancelled
09-28 09:59:57.529 20687 20799 D EGL_emulation: eglMakeCurrent: 0xa15853c0: ver 2 0 (tinfo 0xa1583290)
09-28 09:59:57.545  5963  6318 D MyTimerTask_1: Found current_node: android.view.accessibility.AccessibilityNodeInfo@80007a07; boundsInParent: Rect(0, 0 - 1080, 1920); boundsInScreen: Rect(0, 0 - 1080, 1920); packageName: com.google.android.apps.nexuslauncher; className: android.widget.FrameLayout; text: null; error: null; maxTextLength: -1; contentDescription: null; viewIdResName: null; checkable: false; checked: false; focusable: false; focused: false; selected: false; clickable: false; longClickable: false; contextClickable: false; enabled: true; password: false; scrollable: false; actions: [AccessibilityAction: ACTION_SELECT - null, AccessibilityAction: ACTION_CLEAR_SELECTION - null, AccessibilityAction: ACTION_ACCESSIBILITY_FOCUS - null, AccessibilityAction: ACTION_SHOW_ON_SCREEN - null]
09-28 09:59:57.545  5963  6318 I onAccessibilityEvent: Current rep: 7, Current set: 3
09-28 09:59:57.545  5963  6318 I onAccessibilityEvent: CURRENT_STEP is now 7
09-28 09:59:57.545  5963  6318 D MyTimerTask_1: TimerCallback: We have found a current_root and begin writing the XML now
09-28 09:59:57.545  5963  6318 W XMLdumper: startFile called, but a file is already being processed
09-28 09:59:57.545  5963  6318 V XMLdumper: setSource called, old: ; new: Timer
09-28 09:59:57.545  5963  6318 D MyTimerTask_1: TimerCallback: Calling injectEventCaller
09-28 09:59:57.545  5963  6318 D MyTimerTask_1: Canceled timer.
09-28 09:59:57.546  5963  6318 I MyTimerTask_1: Started MyTimerTask:injectEventCaller with node android.view.accessibility.AccessibilityNodeInfo@80007a07; boundsInParent: Rect(0, 0 - 1080, 1920); boundsInScreen: Rect(0, 0 - 1080, 1920); packageName: com.google.android.apps.nexuslauncher; className: android.widget.FrameLayout; text: null; error: null; maxTextLength: -1; contentDescription: null; viewIdResName: null; checkable: false; checked: false; focusable: false; focused: false; selected: false; clickable: false; longClickable: false; contextClickable: false; enabled: true; password: false; scrollable: false; actions: [AccessibilityAction: ACTION_SELECT - null, AccessibilityAction: ACTION_CLEAR_SELECTION - null, AccessibilityAction: ACTION_ACCESSIBILITY_FOCUS - null, AccessibilityAction: ACTION_SHOW_ON_SCREEN - null]
09-28 09:59:57.546  5963  6318 D EventInjector_1: Started EventInjector.inject
09-28 09:59:57.547  5963  6318 V XMLdumper: writeEvent called with Timer, 36, Launch
09-28 09:59:57.550  5963  6318 D XMLdumper: Skipping invisible child: android.view.accessibility.AccessibilityNodeInfo@8000eaa5; boundsInParent: Rect(0, 0 - 1080, 144); boundsInScreen: Rect(0, 96 - 1080, 240); packageName: com.google.android.apps.nexuslauncher; className: android.widget.LinearLayout; text: null; error: null; maxTextLength: -1; contentDescription: null; viewIdResName: com.google.android.apps.nexuslauncher:id/drop_target_bar; checkable: false; checked: false; focusable: false; focused: false; selected: false; clickable: false; longClickable: false; contextClickable: false; enabled: true; password: false; scrollable: false; actions: [AccessibilityAction: ACTION_SELECT - null, AccessibilityAction: ACTION_CLEAR_SELECTION - null, AccessibilityAction: ACTION_ACCESSIBILITY_FOCUS - null, AccessibilityAction: ACTION_SHOW_ON_SCREEN - null]
09-28 09:59:57.552  5963  6318 D XMLdumper: Cleaning up.
09-28 09:59:57.552  5963  6318 V XMLdumper: setSource called, old: Timer; new: 
09-28 09:59:57.552  5963  6318 D onAccessibilityEvent: Launching the app io.github.lonamiwebs.klooni
09-28 09:59:57.554 20483 21165 I ActivityManager: START u0 {act=android.intent.action.MAIN cat=[android.intent.category.LAUNCHER] flg=0x10000000 pkg=io.github.lonamiwebs.klooni cmp=io.github.lonamiwebs.klooni/.AndroidLauncher} from uid 10084 on display 0
09-28 09:59:57.712  1313  1328 D gralloc_ranchu: gralloc_alloc: Creating ashmem region of size 663552
09-28 09:59:57.761  5963  6318 D MyTimerTask_1: Starting new timer
09-28 09:59:57.761  5963  6318 V MyTimerTask_1: Unlocked.
