--------- beginning of main
09-28 09:59:36.731  5963  5963 D MainActivity: Cleared logcat.
09-28 09:59:36.732  5963  5963 W System.err: java.io.IOException: Cannot run program "su": error=13, Permission denied
09-28 09:59:36.732  5963  5963 W System.err: 	at java.lang.ProcessBuilder.start(ProcessBuilder.java:983)
09-28 09:59:36.732  5963  5963 W System.err: 	at java.lang.Runtime.exec(Runtime.java:691)
09-28 09:59:36.732  5963  5963 W System.err: 	at java.lang.Runtime.exec(Runtime.java:559)
09-28 09:59:36.732  5963  5963 W System.err: 	at com.example.link.appfuzzer.MainActivity.showRootAccessDialog(MainActivity.java:145)
09-28 09:59:36.732  5963  5963 W System.err: 	at com.example.link.appfuzzer.MainActivity.onCreate(MainActivity.java:183)
09-28 09:59:36.732  5963  5963 W System.err: 	at android.app.Activity.performCreate(Activity.java:6679)
09-28 09:59:36.732  5963  5963 W System.err: 	at android.app.Instrumentation.callActivityOnCreate(Instrumentation.java:1118)
09-28 09:59:36.732  5963  5963 W System.err: 	at android.app.ActivityThread.performLaunchActivity(ActivityThread.java:2618)
09-28 09:59:36.732  5963  5963 W System.err: 	at android.app.ActivityThread.handleLaunchActivity(ActivityThread.java:2726)
09-28 09:59:36.732  5963  5963 W System.err: 	at android.app.ActivityThread.-wrap12(ActivityThread.java)
09-28 09:59:36.732  5963  5963 W System.err: 	at android.app.ActivityThread$H.handleMessage(ActivityThread.java:1477)
09-28 09:59:36.732  5963  5963 W System.err: 	at android.os.Handler.dispatchMessage(Handler.java:102)
09-28 09:59:36.732  5963  5963 W System.err: 	at android.os.Looper.loop(Looper.java:154)
09-28 09:59:36.732  5963  5963 W System.err: 	at android.app.ActivityThread.main(ActivityThread.java:6119)
09-28 09:59:36.732  5963  5963 W System.err: 	at java.lang.reflect.Method.invoke(Native Method)
09-28 09:59:36.732  5963  5963 W System.err: 	at com.android.internal.os.ZygoteInit$MethodAndArgsCaller.run(ZygoteInit.java:886)
09-28 09:59:36.732  5963  5963 W System.err: 	at com.android.internal.os.ZygoteInit.main(ZygoteInit.java:776)
09-28 09:59:36.732  5963  5963 W System.err: Caused by: java.io.IOException: error=13, Permission denied
09-28 09:59:36.733  5963  5963 W System.err: 	at java.lang.UNIXProcess.forkAndExec(Native Method)
09-28 09:59:36.733  5963  5963 W System.err: 	at java.lang.UNIXProcess.<init>(UNIXProcess.java:133)
09-28 09:59:36.733  5963  5963 W System.err: 	at java.lang.ProcessImpl.start(ProcessImpl.java:128)
09-28 09:59:36.733  5963  5963 W System.err: 	at java.lang.ProcessBuilder.start(ProcessBuilder.java:964)
09-28 09:59:36.733  5963  5963 W System.err: 	... 16 more
09-28 09:59:36.735  5963  5963 V MainActivity: End Main Activity
09-28 09:59:36.782 20687 20799 D EGL_emulation: eglMakeCurrent: 0xa15853c0: ver 2 0 (tinfo 0xa1583290)
09-28 09:59:36.798  5963  6138 D MyTimerTask_1: TimerCallback called.
09-28 09:59:36.798  5963  6138 V MyTimerTask_1: Locking.
09-28 09:59:36.800  5963  6138 W *** RAM availability: 0.593817930563319
09-28 09:59:36.898  5963  6143 D MyTimerTask_1: TimerCallback called.
09-28 09:59:36.898  5963  6143 V MyTimerTask_1: Locking.
09-28 09:59:36.976 20687 20799 D EGL_emulation: eglMakeCurrent: 0xa15853c0: ver 2 0 (tinfo 0xa1583290)
09-28 09:59:37.002 20483 20524 W art     : Long monitor contention with owner Binder:20483_9 (21165) at int com.android.server.wm.WindowManagerService.relayoutWindow(com.android.server.wm.Session, android.view.IWindow, int, android.view.WindowManager$LayoutParams, int, int, int, int, android.graphics.Rect, android.graphics.Rect, android.graphics.Rect, android.graphics.Rect, android.graphics.Rect, android.graphics.Rect, android.graphics.Rect, android.content.res.Configuration, android.view.Surface)(WindowManagerService.java:2850) waiters=1 in void com.android.server.wm.WindowManagerService$H.handleMessage(android.os.Message) for 218ms
09-28 09:59:37.003 20483 21164 W art     : Long monitor contention with owner Binder:20483_9 (21165) at int com.android.server.wm.WindowManagerService.relayoutWindow(com.android.server.wm.Session, android.view.IWindow, int, android.view.WindowManager$LayoutParams, int, int, int, int, android.graphics.Rect, android.graphics.Rect, android.graphics.Rect, android.graphics.Rect, android.graphics.Rect, android.graphics.Rect, android.graphics.Rect, android.content.res.Configuration, android.view.Surface)(WindowManagerService.java:2850) waiters=2 in android.view.MagnificationSpec com.android.server.wm.WindowManagerService$LocalService.getCompatibleMagnificationSpecForWindow(android.os.IBinder) for 201ms
09-28 09:59:37.005  5963  5963 I onAccessibilityEvent: ********** New Event received: EventType: TYPE_WINDOW_STATE_CHANGED; EventTime: 75445598; PackageName: io.github.lonamiwebs.klooni; MovementGranularity: 0; Action: 0 [ ClassName: android.widget.FrameLayout; Text: []; ContentDescription: null; ItemCount: -1; CurrentItemIndex: -1; IsEnabled: true; IsPassword: false; IsChecked: false; IsFullScreen: false; Scrollable: false; BeforeText: null; FromIndex: -1; ToIndex: -1; ScrollX: -1; ScrollY: -1; MaxScrollX: -1; MaxScrollY: -1; AddedCount: -1; RemovedCount: -1; ParcelableData: null ]; recordCount: 0
09-28 09:59:37.005  5963  5963 V onAccessibilityEvent: Locking.
09-28 09:59:37.036 20687 20799 D EGL_emulation: eglMakeCurrent: 0xa15853c0: ver 2 0 (tinfo 0xa1583290)
09-28 09:59:37.179  5987  6139 D         : HostConnection::get() New Host Connection established 0x9e0d0000, tid 6139
--------- beginning of system
09-28 09:59:37.180  5987  5987 W ViewRootImpl[AndroidLauncher]: Dropping event due to no window focus: KeyEvent { action=ACTION_DOWN, keyCode=KEYCODE_BACK, scanCode=0, metaState=0, flags=0x8, repeatCount=0, eventTime=75445761, downTime=75445761, deviceId=-1, source=0x101 }
09-28 09:59:37.187  5987  6139 W         : Unrecognized GLES max version string in extensions: ANDROID_EMU_CHECKSUM_HELPER_v1 ANDROID_EMU_dma_v1 
09-28 09:59:37.196  5963  6138 D MyTimerTask_1: Found current_node: android.view.accessibility.AccessibilityNodeInfo@8000b25f; boundsInParent: Rect(0, 0 - 1080, 1920); boundsInScreen: Rect(0, 0 - 1080, 1920); packageName: com.android.systemui; className: android.widget.FrameLayout; text: null; error: null; maxTextLength: -1; contentDescription: null; viewIdResName: null; checkable: false; checked: false; focusable: true; focused: false; selected: false; clickable: false; longClickable: false; contextClickable: false; enabled: true; password: false; scrollable: false; actions: [AccessibilityAction: ACTION_FOCUS - null, AccessibilityAction: ACTION_SELECT - null, AccessibilityAction: ACTION_CLEAR_SELECTION - null, AccessibilityAction: ACTION_ACCESSIBILITY_FOCUS - null, AccessibilityAction: ACTION_SHOW_ON_SCREEN - null]
09-28 09:59:37.196  5963  6138 I onAccessibilityEvent: Current rep: 7, Current set: 1
09-28 09:59:37.196  5963  6138 I onAccessibilityEvent: CURRENT_STEP is now 7
09-28 09:59:37.196  5963  6138 D MyTimerTask_1: TimerCallback: We have found a current_root and begin writing the XML now
09-28 09:59:37.196  5963  6138 W XMLdumper: startFile called, but a file is already being processed
09-28 09:59:37.196  5963  6138 V XMLdumper: setSource called, old: ; new: Timer
09-28 09:59:37.196  5963  6138 D MyTimerTask_1: TimerCallback: Calling injectEventCaller
09-28 09:59:37.196  5963  6138 D MyTimerTask_1: Canceled timer.
09-28 09:59:37.197  5963  6138 I MyTimerTask_1: Started MyTimerTask:injectEventCaller with node android.view.accessibility.AccessibilityNodeInfo@8000b25f; boundsInParent: Rect(0, 0 - 1080, 1920); boundsInScreen: Rect(0, 0 - 1080, 1920); packageName: com.android.systemui; className: android.widget.FrameLayout; text: null; error: null; maxTextLength: -1; contentDescription: null; viewIdResName: null; checkable: false; checked: false; focusable: true; focused: false; selected: false; clickable: false; longClickable: false; contextClickable: false; enabled: true; password: false; scrollable: false; actions: [AccessibilityAction: ACTION_FOCUS - null, AccessibilityAction: ACTION_SELECT - null, AccessibilityAction: ACTION_CLEAR_SELECTION - null, AccessibilityAction: ACTION_ACCESSIBILITY_FOCUS - null, AccessibilityAction: ACTION_SHOW_ON_SCREEN - null]
09-28 09:59:37.197  5963  6138 D EventInjector_1: Started EventInjector.inject
09-28 09:59:37.197  5963  6138 D EventInjector_1: Discarded package com.android.systemui as it does not equal io.github.lonamiwebs.klooni
09-28 09:59:37.197  5963  6138 V XMLdumper: writeEvent called with Timer, 16, Back
09-28 09:59:37.198  5987  6139 W GL2JNIView: creating OpenGL ES 2.0 context
09-28 09:59:37.198  5963  6138 D XMLdumper: Skipping invisible child: android.view.accessibility.AccessibilityNodeInfo@8000c163; boundsInParent: Rect(0, 0 - 648, 65); boundsInScreen: Rect(216, 171 - 864, 236); packageName: com.android.systemui; className: android.widget.TextView; text: Gmail; error: null; maxTextLength: -1; contentDescription: Gmail; viewIdResName: com.android.systemui:id/title; checkable: false; checked: false; focusable: false; focused: false; selected: false; clickable: false; longClickable: false; contextClickable: false; enabled: true; password: false; scrollable: false; actions: [AccessibilityAction: ACTION_SELECT - null, AccessibilityAction: ACTION_CLEAR_SELECTION - null, AccessibilityAction: ACTION_ACCESSIBILITY_FOCUS - null, AccessibilityAction: ACTION_NEXT_AT_MOVEMENT_GRANULARITY - null, AccessibilityAction: ACTION_PREVIOUS_AT_MOVEMENT_GRANULARITY - null, AccessibilityAction: ACTION_SET_SELECTION - null, AccessibilityAction: ACTION_SHOW_ON_SCREEN - null]
09-28 09:59:37.200  5963  6138 D XMLdumper: Cleaning up.
09-28 09:59:37.200  5963  6138 V XMLdumper: setSource called, old: Timer; new: 
09-28 09:59:37.200  5963  6138 D MyTimerTask_1: Starting new timer
09-28 09:59:37.202  5963  6138 V MyTimerTask_1: Unlocked.
09-28 09:59:37.202  5963  6143 W *** RAM availability: 0.593173560648407
09-28 09:59:37.217 20687 20799 D EGL_emulation: eglMakeCurrent: 0xa15853c0: ver 2 0 (tinfo 0xa1583290)
09-28 09:59:37.219  5987  6139 D EGL_emulation: eglCreateContext: 0x9ae05900: maj 2 min 0 rcv 2
09-28 09:59:37.219  5987  6139 W GL2JNIView: Returning a GLES 2 context
09-28 09:59:37.275  5987  6139 D EGL_emulation: eglMakeCurrent: 0x9ae05900: ver 2 0 (tinfo 0x9cd65b50)
09-28 09:59:37.277  5987  6139 I AndroidGraphics: OGL renderer: Google SwiftShader
09-28 09:59:37.277  5987  6139 I AndroidGraphics: OGL vendor: Google Inc.
09-28 09:59:37.278  5987  6139 I AndroidGraphics: OGL version: OpenGL ES 2.0 SwiftShader 3.3.0.2
09-28 09:59:37.278  5987  6139 I AndroidGraphics: OGL extensions: GL_EXT_debug_marker GL_OES_compressed_ETC1_RGB8_texture GL_OES_depth24 GL_OES_depth32 GL_OES_depth_texture GL_OES_depth_texture_cube_map GL_OES_EGL_image GL_OES_EGL_image_external GL_OES_EGL_sync GL_OES_element_index_uint GL_OES_framebuffer_object GL_OES_packed_depth_stencil GL_OES_rgb8_rgba8 GL_OES_standard_derivatives GL_OES_texture_float GL_OES_texture_float_linear GL_OES_texture_half_float GL_OES_texture_half_float_linear GL_OES_texture_npot GL_OES_texture_3D GL_EXT_blend_minmax GL_EXT_color_buffer_half_float GL_EXT_draw_buffers GL_EXT_instanced_arrays GL_EXT_occlusion_query_boolean GL_EXT_read_format_bgra GL_EXT_texture_filter_anisotropic GL_EXT_texture_format_BGRA8888 GL_ANGLE_framebuffer_blit GL_ANGLE_framebuffer_multisample GL_ANGLE_instanced_arrays GL_NV_fence GL_NV_framebuffer_blit GL_NV_read_depth ANDROID_EMU_CHECKSUM_HELPER_v1 ANDROID_EMU_dma_v1 
09-28 09:59:37.278  5987  6139 I AndroidGraphics: framebuffer: (5, 6, 5, 0)
09-28 09:59:37.278  5987  6139 I AndroidGraphics: depthbuffer: (16)
09-28 09:59:37.278  5987  6139 I AndroidGraphics: stencilbuffer: (0)
09-28 09:59:37.278  5987  6139 I AndroidGraphics: samples: (0)
09-28 09:59:37.278  5987  6139 I AndroidGraphics: coverage sampling: (false)
09-28 09:59:37.278  5987  6139 I AndroidGraphics: Managed meshes/app: { }
09-28 09:59:37.278  5987  6139 I AndroidGraphics: Managed textures/app: { }
09-28 09:59:37.278  5987  6139 I AndroidGraphics: Managed cubemap/app: { }
09-28 09:59:37.278  5987  6139 I AndroidGraphics: Managed shaders/app: { }
09-28 09:59:37.278  5987  6139 I AndroidGraphics: Managed buffers/app: { }
09-28 09:59:37.291  5987  5992 I art     : Do partial code cache collection, code=26KB, data=28KB
09-28 09:59:37.291  5987  5992 I art     : After code cache collection, code=26KB, data=28KB
09-28 09:59:37.291  5987  5992 I art     : Increasing code cache capacity to 128KB
09-28 09:59:37.403  5963  6149 D MyTimerTask_1: TimerCallback called.
09-28 09:59:37.403  5963  6149 V MyTimerTask_1: Locking.
09-28 09:59:37.564  5987  6006 D EGL_emulation: eglMakeCurrent: 0x9ae4d000: ver 2 0 (tinfo 0xa6074ca0)
09-28 09:59:37.736  5987  5987 W ViewRootImpl[AndroidLauncher]: Cancelling event due to no window focus: KeyEvent { action=ACTION_UP, keyCode=KEYCODE_BACK, scanCode=0, metaState=0, flags=0x28, repeatCount=0, eventTime=75445766, downTime=75445761, deviceId=-1, source=0x101 }
09-28 09:59:37.736  5987  5987 W ViewRootImpl[AndroidLauncher]: Cancelling event due to no window focus: KeyEvent { action=ACTION_UP, keyCode=KEYCODE_BACK, scanCode=0, metaState=0, flags=0x28, repeatCount=0, eventTime=75445766, downTime=75445761, deviceId=-1, source=0x101 }
09-28 09:59:37.736  5987  5987 W ViewRootImpl[AndroidLauncher]: Cancelling event due to no window focus: KeyEvent { action=ACTION_UP, keyCode=KEYCODE_BACK, scanCode=0, metaState=0, flags=0x28, repeatCount=0, eventTime=75445766, downTime=75445761, deviceId=-1, source=0x101 }
09-28 09:59:37.736  5987  5987 W ViewRootImpl[AndroidLauncher]: Cancelling event due to no window focus: KeyEvent { action=ACTION_UP, keyCode=KEYCODE_BACK, scanCode=0, metaState=0, flags=0x28, repeatCount=0, eventTime=75445766, downTime=75445761, deviceId=-1, source=0x101 }
09-28 09:59:37.736  5987  5987 W ViewRootImpl[AndroidLauncher]: Cancelling event due to no window focus: KeyEvent { action=ACTION_UP, keyCode=KEYCODE_BACK, scanCode=0, metaState=0, flags=0x28, repeatCount=0, eventTime=75445766, downTime=75445761, deviceId=-1, source=0x101 }
09-28 09:59:37.736  5987  5987 W ViewRootImpl[AndroidLauncher]: Cancelling event due to no window focus: KeyEvent { action=ACTION_UP, keyCode=KEYCODE_BACK, scanCode=0, metaState=0, flags=0x28, repeatCount=0, eventTime=75445766, downTime=75445761, deviceId=-1, source=0x101 }
09-28 09:59:37.740 20483 20524 I ActivityManager: Displayed io.github.lonamiwebs.klooni/.AndroidLauncher: +1s262ms (total +2s27ms)
09-28 09:59:37.741  5963  6143 D MyTimerTask_1: Found current_node: android.view.accessibility.AccessibilityNodeInfo@80008919; boundsInParent: Rect(0, 0 - 1080, 1776); boundsInScreen: Rect(0, 0 - 1080, 1776); packageName: io.github.lonamiwebs.klooni; className: android.widget.FrameLayout; text: null; error: null; maxTextLength: -1; contentDescription: null; viewIdResName: null; checkable: false; checked: false; focusable: false; focused: false; selected: false; clickable: false; longClickable: false; contextClickable: false; enabled: true; password: false; scrollable: false; actions: [AccessibilityAction: ACTION_SELECT - null, AccessibilityAction: ACTION_CLEAR_SELECTION - null, AccessibilityAction: ACTION_ACCESSIBILITY_FOCUS - null, AccessibilityAction: ACTION_SHOW_ON_SCREEN - null]
09-28 09:59:37.741  5963  6143 I onAccessibilityEvent: Current rep: 8, Current set: 1
09-28 09:59:37.741  5963  6143 I onAccessibilityEvent: CURRENT_STEP is now 8
09-28 09:59:37.742  5963  6143 D MyTimerTask_1: TimerCallback: We have found a current_root and begin writing the XML now
09-28 09:59:37.742  5963  6143 W XMLdumper: startFile called, but a file is already being processed
09-28 09:59:37.742  5963  6143 V XMLdumper: setSource called, old: ; new: Timer
09-28 09:59:37.742  5963  6143 D MyTimerTask_1: TimerCallback: Calling injectEventCaller
09-28 09:59:37.742  5963  6143 D MyTimerTask_1: Canceled timer.
09-28 09:59:37.742  5963  6143 I MyTimerTask_1: Started MyTimerTask:injectEventCaller with node android.view.accessibility.AccessibilityNodeInfo@80008919; boundsInParent: Rect(0, 0 - 1080, 1776); boundsInScreen: Rect(0, 0 - 1080, 1776); packageName: io.github.lonamiwebs.klooni; className: android.widget.FrameLayout; text: null; error: null; maxTextLength: -1; contentDescription: null; viewIdResName: null; checkable: false; checked: false; focusable: false; focused: false; selected: false; clickable: false; longClickable: false; contextClickable: false; enabled: true; password: false; scrollable: false; actions: [AccessibilityAction: ACTION_SELECT - null, AccessibilityAction: ACTION_CLEAR_SELECTION - null, AccessibilityAction: ACTION_ACCESSIBILITY_FOCUS - null, AccessibilityAction: ACTION_SHOW_ON_SCREEN - null]
09-28 09:59:37.742  5963  6143 D EventInjector_1: Started EventInjector.inject
09-28 09:59:37.742  5963  6143 D EventInjector_1: Skipped searching for OAuth forms.
09-28 09:59:37.743  5963  6143 V XMLdumper: writeEvent called with Timer, 17, Back
09-28 09:59:37.743  5963  6143 D XMLdumper: Cleaning up.
09-28 09:59:37.743  5963  6143 V XMLdumper: setSource called, old: Timer; new: 
09-28 09:59:37.743  5963  6143 I EventInjector_1: Pressing back
09-28 09:59:37.744  5963  6143 D EventInjector_1: EventInjector.inject finished.
09-28 09:59:37.744  5963  6143 D MyTimerTask_1: Starting new timer
09-28 09:59:37.744  5963  6143 V MyTimerTask_1: Unlocked.
09-28 09:59:37.745  5963  5963 W *** RAM availability: 0.5891520712999193
09-28 09:59:37.745  5963  5963 D MyTimerTask_1: Canceled timer.
09-28 09:59:37.745  5963  5963 D MyTimerTask_1: Canceled timer.
09-28 09:59:37.745  5963  5963 D MyTimerTask_1: Canceled timer.
09-28 09:59:37.745  5963  5963 D MyTimerTask_1: Canceled timer.
09-28 09:59:37.745  5963  5963 I onAccessibilityEvent: Current rep: 9, Current set: 1
09-28 09:59:37.745  5963  5963 I onAccessibilityEvent: CURRENT_STEP is now 9
09-28 09:59:37.745  5963  5963 W XMLdumper: startFile called, but a file is already being processed
09-28 09:59:37.745  5963  5963 V XMLdumper: setSource called, old: ; new: Accessibility
09-28 09:59:37.745  5963  5963 D MyTimerTask_1: Canceled timer.
09-28 09:59:37.746  5963  5963 I MyTimerTask_1: Started MyTimerTask:injectEventCaller with node android.view.accessibility.AccessibilityNodeInfo@800572a7; boundsInParent: Rect(0, 0 - 1080, 1776); boundsInScreen: Rect(0, 0 - 1080, 1776); packageName: io.github.lonamiwebs.klooni; className: android.widget.FrameLayout; text: null; error: null; maxTextLength: -1; contentDescription: null; viewIdResName: null; checkable: false; checked: false; focusable: false; focused: false; selected: false; clickable: false; longClickable: false; contextClickable: false; enabled: true; password: false; scrollable: false; actions: [AccessibilityAction: ACTION_SELECT - null, AccessibilityAction: ACTION_CLEAR_SELECTION - null, AccessibilityAction: ACTION_ACCESSIBILITY_FOCUS - null, AccessibilityAction: ACTION_SHOW_ON_SCREEN - null]
09-28 09:59:37.746  5963  5963 D EventInjector_1: Started EventInjector.inject
09-28 09:59:37.746  5963  5963 I EventInjector_1: No scrollables found
09-28 09:59:37.746  5963  5963 D EventInjector_1: Skipped searching for OAuth forms.
09-28 09:59:37.746  5963  5963 V XMLdumper: writeEvent called with Accessibility, 18, Back
09-28 09:59:37.746  5963  5963 D XMLdumper: Cleaning up.
09-28 09:59:37.746  5963  5963 V XMLdumper: setSource called, old: Accessibility; new: 
09-28 09:59:37.746  5963  5963 I EventInjector_1: Pressing back
09-28 09:59:37.747  5963  5963 D EventInjector_1: EventInjector.inject finished.
09-28 09:59:37.747  5963  5963 D MyTimerTask_1: Starting new timer
09-28 09:59:37.747  5963  5963 V onAccessibilityEvent: Unlocked.
09-28 09:59:37.747  5963  5963 I Choreographer: Skipped 87 frames!  The application may be doing too much work on its main thread.
09-28 09:59:37.747  5963  6149 W *** RAM availability: 0.5891520712999193
09-28 09:59:37.752  5963  5963 I onAccessibilityEvent: ********** New Event received: EventType: TYPE_WINDOW_STATE_CHANGED; EventTime: 75446576; PackageName: io.github.lonamiwebs.klooni; MovementGranularity: 0; Action: 0 [ ClassName: io.github.lonamiwebs.klooni.AndroidLauncher; Text: [1010! Klooni]; ContentDescription: null; ItemCount: -1; CurrentItemIndex: -1; IsEnabled: true; IsPassword: false; IsChecked: false; IsFullScreen: true; Scrollable: false; BeforeText: null; FromIndex: -1; ToIndex: -1; ScrollX: -1; ScrollY: -1; MaxScrollX: -1; MaxScrollY: -1; AddedCount: -1; RemovedCount: -1; ParcelableData: null ]; recordCount: 0
09-28 09:59:37.752  5963  5963 V onAccessibilityEvent: Locking.
09-28 09:59:37.950  5963  6153 D MyTimerTask_1: TimerCallback called.
09-28 09:59:37.950  5963  6153 V MyTimerTask_1: Locking.
09-28 09:59:38.131  5963  6149 D MyTimerTask_1: Found current_node: android.view.accessibility.AccessibilityNodeInfo@80008919; boundsInParent: Rect(0, 0 - 1080, 1776); boundsInScreen: Rect(0, 0 - 1080, 1776); packageName: io.github.lonamiwebs.klooni; className: android.widget.FrameLayout; text: null; error: null; maxTextLength: -1; contentDescription: null; viewIdResName: null; checkable: false; checked: false; focusable: false; focused: false; selected: false; clickable: false; longClickable: false; contextClickable: false; enabled: true; password: false; scrollable: false; actions: [AccessibilityAction: ACTION_SELECT - null, AccessibilityAction: ACTION_CLEAR_SELECTION - null, AccessibilityAction: ACTION_ACCESSIBILITY_FOCUS - null, AccessibilityAction: ACTION_SHOW_ON_SCREEN - null]
09-28 09:59:38.131  5963  6149 I onAccessibilityEvent: Current rep: 10, Current set: 1
09-28 09:59:38.131  5963  6149 W onAccessibilityEvent: Maximum reps reached. This was set 1
09-28 09:59:38.131  5963  6149 D MyTimerTask_1: Canceled timer.
09-28 09:59:38.131  5963  6149 D MyTimerTask_1: Canceled timer.
09-28 09:59:38.131  5963  6149 W onAccessibilityEvent: Did not clear application data, as root is not available.
09-28 09:59:38.131  5963  6149 V XMLdumper: endFile called
09-28 09:59:38.173  5963  6149 I onAccessibilityEvent: Writing logcat to file.
