09-28 09:55:39.435 21249 21249 I AudioController: Using mInputStreamFactoryBuilder
09-28 09:55:39.437 21249  2990 I MicroRecognitionRunner: Starting detection.
09-28 09:55:39.439 21249  1740 I MicrophoneInputStream: mic_starting com.google.android.apps.gsa.staticplugins.z.c@265ddbe
09-28 09:55:39.440 20360   919 E AudioFlinger: not enough memory for AudioTrack size=131296
09-28 09:55:39.440 20360   919 D MemoryDealer:   AudioTrack (0xb0e1cef0, size=4194304)
09-28 09:55:39.440 20360   919 D MemoryDealer:     0: 0xb0e1cf00 | 0x00000000 | 0x000200E0 | A 
09-28 09:55:39.440 20360   919 D MemoryDealer:     1: 0xb0e1cf20 | 0x000200E0 | 0x000200E0 | A 
09-28 09:55:39.440 20360   919 D MemoryDealer:     2: 0xb0e1cf80 | 0x000401C0 | 0x000200E0 | A 
09-28 09:55:39.440 20360   919 D MemoryDealer:     3: 0xb0530110 | 0x000602A0 | 0x000200E0 | A 
09-28 09:55:39.440 20360   919 D MemoryDealer:     4: 0xb039c140 | 0x00080380 | 0x000200E0 | A 
09-28 09:55:39.440 20360   919 D MemoryDealer:     5: 0xb039c260 | 0x000A0460 | 0x000200E0 | A 
09-28 09:55:39.440 20360   919 D MemoryDealer:     6: 0xb039c450 | 0x000C0540 | 0x000200E0 | A 
09-28 09:55:39.440 20360   919 D MemoryDealer:     7: 0xb0530300 | 0x000E0620 | 0x000200E0 | A 
09-28 09:55:39.440 20360   919 D MemoryDealer:     8: 0xb039c3d0 | 0x00100700 | 0x000200E0 | A 
09-28 09:55:39.440 20360   919 D MemoryDealer:     9: 0xb039c6b0 | 0x001207E0 | 0x000200E0 | A 
09-28 09:55:39.440 20360   919 D MemoryDealer:    10: 0xb05305a0 | 0x001408C0 | 0x000200E0 | A 
09-28 09:55:39.440 20360   919 D MemoryDealer:    11: 0xb039c630 | 0x001609A0 | 0x000200E0 | A 
09-28 09:55:39.440 20360   919 D MemoryDealer:    12: 0xb039c870 | 0x00180A80 | 0x000200E0 | A 
09-28 09:55:39.440 20360   919 D MemoryDealer:    13: 0xb039c910 | 0x001A0B60 | 0x000200E0 | A 
09-28 09:55:39.440 20360   919 D MemoryDealer:    14: 0xb039cb70 | 0x001C0C40 | 0x000200E0 | A 
09-28 09:55:39.440 20360   919 D MemoryDealer:    15: 0xb05301b0 | 0x001E0D20 | 0x000200E0 | A 
09-28 09:55:39.440 20360   919 D MemoryDealer:    16: 0xb0530730 | 0x00200E00 | 0x000200E0 | A 
09-28 09:55:39.440 20360   919 D MemoryDealer:    17: 0xb039cd10 | 0x00220EE0 | 0x000200E0 | A 
09-28 09:55:39.440 20360   919 D MemoryDealer:    18: 0xb039cc80 | 0x00240FC0 | 0x000200E0 | A 
09-28 09:55:39.440 20360   919 D MemoryDealer:    19: 0xb039cf10 | 0x002610A0 | 0x000200E0 | A 
09-28 09:55:39.440 20360   919 D MemoryDealer:    
09-28 09:55:39.440 20360   919 E AudioFlinger: createRecordTrack_l() initCheck failed -12; no control block?
09-28 09:55:39.440 21249  1740 E AudioRecord: AudioFlinger could not create record track, status: -12
09-28 09:55:39.449 20360  2993 I AudioFlinger: AudioFlinger's thread 0xb0483480 ready to run
09-28 09:55:39.454 21249  1740 E AudioRecord-JNI: Error creating AudioRecord instance: initialization check failed with status -12.
09-28 09:55:39.454 21249  1740 E android.media.AudioRecord: Error code -20 when initializing native AudioRecord object.
09-28 09:55:39.454 21249  1740 I MicrophoneInputStream: mic_started com.google.android.apps.gsa.staticplugins.z.c@265ddbe
09-28 09:55:39.456 21249  1740 E ActivityThread: Failed to find provider info for com.google.android.apps.gsa.testing.ui.audio.recorded
09-28 09:55:39.456 21249 21249 I MicroDetectionWorker: onReady
09-28 09:55:39.456 21249  2990 W SpeechLevelGenerator: Really low audio levels detected. The audio input may have issues.
09-28 09:55:39.476 21249  1740 I MicrophoneInputStream: mic_close com.google.android.apps.gsa.staticplugins.z.c@265ddbe
09-28 09:55:39.476 21249  2990 I MicroRecognitionRunner: Detection finished
09-28 09:55:39.476 21249  2990 W ErrorReporter: reportError [type: 211, code: 524300]: Error reading from input stream
09-28 09:55:39.477 21249  2990 W ErrorProcessor: onFatalError, processing error from engine(4)
09-28 09:55:39.477 21249  2990 W ErrorProcessor: com.google.android.apps.gsa.shared.speech.a.g: Error reading from input stream
09-28 09:55:39.477 21249  2990 W ErrorProcessor: 	at com.google.android.apps.gsa.staticplugins.recognizer.i.a.a(SourceFile:342)
09-28 09:55:39.477 21249  2990 W ErrorProcessor: 	at com.google.android.apps.gsa.staticplugins.recognizer.i.a$1.run(SourceFile:1367)
09-28 09:55:39.477 21249  2990 W ErrorProcessor: 	at java.util.concurrent.Executors$RunnableAdapter.call(Executors.java:428)
09-28 09:55:39.477 21249  2990 W ErrorProcessor: 	at java.util.concurrent.FutureTask.run(FutureTask.java:237)
09-28 09:55:39.477 21249  2990 W ErrorProcessor: 	at com.google.android.apps.gsa.shared.util.concurrent.a.ak.run(SourceFile:66)
09-28 09:55:39.477 21249  2990 W ErrorProcessor: 	at java.util.concurrent.ThreadPoolExecutor.runWorker(ThreadPoolExecutor.java:1133)
09-28 09:55:39.477 21249  2990 W ErrorProcessor: 	at java.util.concurrent.ThreadPoolExecutor$Worker.run(ThreadPoolExecutor.java:607)
09-28 09:55:39.477 21249  2990 W ErrorProcessor: 	at java.lang.Thread.run(Thread.java:761)
09-28 09:55:39.477 21249  2990 W ErrorProcessor: 	at com.google.android.apps.gsa.shared.util.concurrent.a.ad$1.run(SourceFile:85)
09-28 09:55:39.477 21249  2990 W ErrorProcessor: Caused by: com.google.android.apps.gsa.shared.exception.GsaIOException: Error code: 393238 | Buffer overflow, no available space.
09-28 09:55:39.477 21249  2990 W ErrorProcessor: 	at com.google.android.apps.gsa.speech.audio.Tee.g(SourceFile:2531)
09-28 09:55:39.477 21249  2990 W ErrorProcessor: 	at com.google.android.apps.gsa.speech.audio.ap.read(SourceFile:555)
09-28 09:55:39.477 21249  2990 W ErrorProcessor: 	at java.io.InputStream.read(InputStream.java:101)
09-28 09:55:39.477 21249  2990 W ErrorProcessor: 	at com.google.android.apps.gsa.speech.audio.al.run(SourceFile:362)
09-28 09:55:39.477 21249  2990 W ErrorProcessor: 	at com.google.android.apps.gsa.speech.audio.ak$1.run(SourceFile:471)
09-28 09:55:39.477 21249  2990 W ErrorProcessor: 	at java.util.concurrent.Executors$RunnableAdapter.call(Executors.java:428)
09-28 09:55:39.477 21249  2990 W ErrorProcessor: 	at java.util.concurrent.FutureTask.run(FutureTask.java:237)
09-28 09:55:39.477 21249  2990 W ErrorProcessor: 	at com.google.android.apps.gsa.shared.util.concurrent.a.ak.run(SourceFile:66)
09-28 09:55:39.477 21249  2990 W ErrorProcessor: 	at com.google.android.apps.gsa.shared.util.concurrent.a.ax.run(SourceFile:139)
09-28 09:55:39.477 21249  2990 W ErrorProcessor: 	at com.google.android.apps.gsa.shared.util.concurrent.a.ax.run(SourceFile:139)
09-28 09:55:39.477 21249  2990 W ErrorProcessor: 	... 4 more
09-28 09:55:39.477 21249  2990 I AudioController: internalShutdown
09-28 09:55:39.477 21249 21249 I MicroDetector: Keeping mic open: false
09-28 09:55:39.477 21249 21249 I MicroDetectionWorker: #onError(false)
09-28 09:55:39.478 21249 21580 I MicroRecognitionRunner: Stopping hotword detection.
09-28 09:55:39.478 21249  2989 I DeviceStateChecker: DeviceStateChecker cancelled
09-28 09:55:39.574 20483 20850 W art     : Long monitor contention with owner android.display (20524) at void com.android.server.wm.WindowManagerService$H.handleMessage(android.os.Message)(WindowManagerService.java:8850) waiters=3 in boolean com.android.server.wm.WindowManagerService.inputMethodClientHasFocus(com.android.internal.view.IInputMethodClient) for 152ms
09-28 09:55:39.574 20483 21183 W art     : Long monitor contention with owner android.display (20524) at void com.android.server.wm.WindowAnimator$1.doFrame(long)(WindowAnimator.java:144) waiters=3 in void com.android.server.wm.WindowManagerService.setRecentsVisibility(boolean) for 151ms
09-28 09:55:39.586 20687 20687 I Choreographer: Skipped 30 frames!  The application may be doing too much work on its main thread.
09-28 09:55:39.651 20483 21164 I ActivityManager: START u0 {act=android.intent.action.MAIN cat=[android.intent.category.HOME] flg=0x10200000 cmp=com.google.android.apps.nexuslauncher/.NexusLauncherActivity} from uid 10028 on display 0
09-28 09:55:39.654 21167 21356 D EGL_emulation: eglMakeCurrent: 0x9e0cc700: ver 2 0 (tinfo 0x9ae1fe80)
09-28 09:55:39.838  2844  2986 D MyTimerTask_1: Found current_node: android.view.accessibility.AccessibilityNodeInfo@8000798c; boundsInParent: Rect(0, 0 - 1080, 1920); boundsInScreen: Rect(0, 0 - 1080, 1920); packageName: com.google.android.apps.nexuslauncher; className: android.widget.FrameLayout; text: null; error: null; maxTextLength: -1; contentDescription: null; viewIdResName: null; checkable: false; checked: false; focusable: false; focused: false; selected: false; clickable: false; longClickable: false; contextClickable: false; enabled: true; password: false; scrollable: false; actions: [AccessibilityAction: ACTION_SELECT - null, AccessibilityAction: ACTION_CLEAR_SELECTION - null, AccessibilityAction: ACTION_ACCESSIBILITY_FOCUS - null, AccessibilityAction: ACTION_SHOW_ON_SCREEN - null]
09-28 09:55:39.838  2844  2986 I onAccessibilityEvent: Current rep: 7, Current set: 1
09-28 09:55:39.838  2844  2986 I onAccessibilityEvent: CURRENT_STEP is now 7
09-28 09:55:39.838  2844  2986 D MyTimerTask_1: TimerCallback: We have found a current_root and begin writing the XML now
09-28 09:55:39.838  2844  2986 W XMLdumper: startFile called, but a file is already being processed
09-28 09:55:39.838  2844  2986 V XMLdumper: setSource called, old: ; new: Timer
09-28 09:55:39.838  2844  2986 D MyTimerTask_1: TimerCallback: Calling injectEventCaller
09-28 09:55:39.838  2844  2986 D MyTimerTask_1: Canceled timer.
09-28 09:55:39.839  2844  2986 I MyTimerTask_1: Started MyTimerTask:injectEventCaller with node android.view.accessibility.AccessibilityNodeInfo@8000798c; boundsInParent: Rect(0, 0 - 1080, 1920); boundsInScreen: Rect(0, 0 - 1080, 1920); packageName: com.google.android.apps.nexuslauncher; className: android.widget.FrameLayout; text: null; error: null; maxTextLength: -1; contentDescription: null; viewIdResName: null; checkable: false; checked: false; focusable: false; focused: false; selected: false; clickable: false; longClickable: false; contextClickable: false; enabled: true; password: false; scrollable: false; actions: [AccessibilityAction: ACTION_SELECT - null, AccessibilityAction: ACTION_CLEAR_SELECTION - null, AccessibilityAction: ACTION_ACCESSIBILITY_FOCUS - null, AccessibilityAction: ACTION_SHOW_ON_SCREEN - null]
09-28 09:55:39.839  2844  2986 D EventInjector_1: Started EventInjector.inject
09-28 09:55:39.839  2844  2986 V XMLdumper: writeEvent called with Timer, 16, Launch
09-28 09:55:39.841  2844  2986 D XMLdumper: Skipping invisible child: android.view.accessibility.AccessibilityNodeInfo@8000ea2a; boundsInParent: Rect(0, 0 - 1080, 144); boundsInScreen: Rect(0, 96 - 1080, 240); packageName: com.google.android.apps.nexuslauncher; className: android.widget.LinearLayout; text: null; error: null; maxTextLength: -1; contentDescription: null; viewIdResName: com.google.android.apps.nexuslauncher:id/drop_target_bar; checkable: false; checked: false; focusable: false; focused: false; selected: false; clickable: false; longClickable: false; contextClickable: false; enabled: true; password: false; scrollable: false; actions: [AccessibilityAction: ACTION_SELECT - null, AccessibilityAction: ACTION_CLEAR_SELECTION - null, AccessibilityAction: ACTION_ACCESSIBILITY_FOCUS - null, AccessibilityAction: ACTION_SHOW_ON_SCREEN - null]
09-28 09:55:39.842  2844  2986 D XMLdumper: Cleaning up.
09-28 09:55:39.842  2844  2986 V XMLdumper: setSource called, old: Timer; new: 
09-28 09:55:39.842  2844  2986 D onAccessibilityEvent: Launching the app subreddit.android.appstore
09-28 09:55:39.843 20483 21977 I ActivityManager: START u0 {act=android.intent.action.MAIN cat=[android.intent.category.LAUNCHER] flg=0x10000000 pkg=subreddit.android.appstore cmp=subreddit.android.appstore/.screens.MainActivity} from uid 10084 on display 0
09-28 09:55:40.000  2844  2986 D MyTimerTask_1: Starting new timer
09-28 09:55:40.000  2844  2986 V MyTimerTask_1: Unlocked.
09-28 09:55:40.000  2844  2988 W *** RAM availability: 0.5949746910129805
09-28 09:55:40.014 21249 21249 W SearchService: Abort, client detached.
09-28 09:55:40.022  2844  2988 D MyTimerTask_1: Found current_node: android.view.accessibility.AccessibilityNodeInfo@8000798c; boundsInParent: Rect(0, 0 - 1080, 1920); boundsInScreen: Rect(0, 0 - 1080, 1920); packageName: com.google.android.apps.nexuslauncher; className: android.widget.FrameLayout; text: null; error: null; maxTextLength: -1; contentDescription: null; viewIdResName: null; checkable: false; checked: false; focusable: false; focused: false; selected: false; clickable: false; longClickable: false; contextClickable: false; enabled: true; password: false; scrollable: false; actions: [AccessibilityAction: ACTION_SELECT - null, AccessibilityAction: ACTION_CLEAR_SELECTION - null, AccessibilityAction: ACTION_ACCESSIBILITY_FOCUS - null, AccessibilityAction: ACTION_SHOW_ON_SCREEN - null]
09-28 09:55:40.022  2844  2988 I onAccessibilityEvent: Current rep: 8, Current set: 1
09-28 09:55:40.022  2844  2988 I onAccessibilityEvent: CURRENT_STEP is now 8
09-28 09:55:40.022  2844  2988 D MyTimerTask_1: TimerCallback: We have found a current_root and begin writing the XML now
09-28 09:55:40.022  2844  2988 W XMLdumper: startFile called, but a file is already being processed
09-28 09:55:40.022  2844  2988 V XMLdumper: setSource called, old: ; new: Timer
09-28 09:55:40.022  2844  2988 D MyTimerTask_1: TimerCallback: Calling injectEventCaller
09-28 09:55:40.022  2844  2988 D MyTimerTask_1: Canceled timer.
09-28 09:55:40.023  2844  2988 I MyTimerTask_1: Started MyTimerTask:injectEventCaller with node android.view.accessibility.AccessibilityNodeInfo@8000798c; boundsInParent: Rect(0, 0 - 1080, 1920); boundsInScreen: Rect(0, 0 - 1080, 1920); packageName: com.google.android.apps.nexuslauncher; className: android.widget.FrameLayout; text: null; error: null; maxTextLength: -1; contentDescription: null; viewIdResName: null; checkable: false; checked: false; focusable: false; focused: false; selected: false; clickable: false; longClickable: false; contextClickable: false; enabled: true; password: false; scrollable: false; actions: [AccessibilityAction: ACTION_SELECT - null, AccessibilityAction: ACTION_CLEAR_SELECTION - null, AccessibilityAction: ACTION_ACCESSIBILITY_FOCUS - null, AccessibilityAction: ACTION_SHOW_ON_SCREEN - null]
09-28 09:55:40.023  2844  2988 D EventInjector_1: Started EventInjector.inject
09-28 09:55:40.023  2844  2988 V XMLdumper: writeEvent called with Timer, 17, Launch
09-28 09:55:40.024  2844  2988 D XMLdumper: Skipping invisible child: android.view.accessibility.AccessibilityNodeInfo@8000ea2a; boundsInParent: Rect(0, 0 - 1080, 144); boundsInScreen: Rect(0, 96 - 1080, 240); packageName: com.google.android.apps.nexuslauncher; className: android.widget.LinearLayout; text: null; error: null; maxTextLength: -1; contentDescription: null; viewIdResName: com.google.android.apps.nexuslauncher:id/drop_target_bar; checkable: false; checked: false; focusable: false; focused: false; selected: false; clickable: false; longClickable: false; contextClickable: false; enabled: true; password: false; scrollable: false; actions: [AccessibilityAction: ACTION_SELECT - null, AccessibilityAction: ACTION_CLEAR_SELECTION - null, AccessibilityAction: ACTION_ACCESSIBILITY_FOCUS - null, AccessibilityAction: ACTION_SHOW_ON_SCREEN - null]
09-28 09:55:40.038  2844  2988 D XMLdumper: Cleaning up.
09-28 09:55:40.038  2844  2988 V XMLdumper: setSource called, old: Timer; new: 
09-28 09:55:40.038  2844  2988 D onAccessibilityEvent: Launching the app subreddit.android.appstore
09-28 09:55:40.051 20483 20850 I ActivityManager: START u0 {act=android.intent.action.MAIN cat=[android.intent.category.LAUNCHER] flg=0x10000000 pkg=subreddit.android.appstore cmp=subreddit.android.appstore/.screens.MainActivity} from uid 10084 on display 0
09-28 09:55:40.134 20483 21166 I GnssLocationProvider: WakeLock acquired by sendMessage(3, 0, com.android.server.location.GnssLocationProvider$GpsRequest@fe1fe08)
09-28 09:55:40.134  2844  2988 D MyTimerTask_1: Starting new timer
09-28 09:55:40.134  2844  2988 V MyTimerTask_1: Unlocked.
09-28 09:55:40.135  2844  2844 W *** RAM availability: 0.5948310663933917
09-28 09:55:40.135  2844  2844 D MyTimerTask_1: Canceled timer.
09-28 09:55:40.135  2844  2844 D MyTimerTask_1: Canceled timer.
09-28 09:55:40.135  2844  2844 D MyTimerTask_1: Canceled timer.
09-28 09:55:40.135  2844  2844 I onAccessibilityEvent: Current rep: 9, Current set: 1
09-28 09:55:40.135  2844  2844 I onAccessibilityEvent: CURRENT_STEP is now 9
09-28 09:55:40.135  2844  2844 W XMLdumper: startFile called, but a file is already being processed
09-28 09:55:40.135  2844  2844 V XMLdumper: setSource called, old: ; new: Accessibility
09-28 09:55:40.136  2844  2844 D MyTimerTask_1: Canceled timer.
09-28 09:55:40.136  2844  2844 I MyTimerTask_1: Started MyTimerTask:injectEventCaller with node android.view.accessibility.AccessibilityNodeInfo@8000798c; boundsInParent: Rect(0, 0 - 1080, 1920); boundsInScreen: Rect(0, 0 - 1080, 1920); packageName: com.google.android.apps.nexuslauncher; className: android.widget.FrameLayout; text: null; error: null; maxTextLength: -1; contentDescription: null; viewIdResName: null; checkable: false; checked: false; focusable: false; focused: false; selected: false; clickable: false; longClickable: false; contextClickable: false; enabled: true; password: false; scrollable: false; actions: [AccessibilityAction: ACTION_SELECT - null, AccessibilityAction: ACTION_CLEAR_SELECTION - null, AccessibilityAction: ACTION_ACCESSIBILITY_FOCUS - null, AccessibilityAction: ACTION_SHOW_ON_SCREEN - null]
09-28 09:55:40.136  2844  2844 D EventInjector_1: Started EventInjector.inject
09-28 09:55:40.136  2844  2844 V XMLdumper: writeEvent called with Accessibility, 18, Launch
09-28 09:55:40.137  2844  2844 D XMLdumper: Skipping invisible child: android.view.accessibility.AccessibilityNodeInfo@800084cf; boundsInParent: Rect(524202, 0 - 524553, 144); boundsInScreen: Rect(4, 96 - 355, 240); packageName: com.google.android.apps.nexuslauncher; className: android.widget.TextView; text: Remove; error: null; maxTextLength: -1; contentDescription: null; viewIdResName: com.google.android.apps.nexuslauncher:id/delete_target_text; checkable: false; checked: false; focusable: false; focused: false; selected: false; clickable: false; longClickable: false; contextClickable: false; enabled: true; password: false; scrollable: false; actions: [AccessibilityAction: ACTION_SELECT - null, AccessibilityAction: ACTION_CLEAR_SELECTION - null, AccessibilityAction: ACTION_ACCESSIBILITY_FOCUS - null, AccessibilityAction: ACTION_NEXT_AT_MOVEMENT_GRANULARITY - null, AccessibilityAction: ACTION_PREVIOUS_AT_MOVEMENT_GRANULARITY - null, AccessibilityAction: ACTION_SET_SELECTION - null, AccessibilityAction: ACTION_SHOW_ON_SCREEN - null]
09-28 09:55:40.137  2844  2844 D XMLdumper: Skipping invisible child: android.view.accessibility.AccessibilityNodeInfo@80008890; boundsInParent: Rect(524199, 0 - 524557, 144); boundsInScreen: Rect(361, 96 - 719, 240); packageName: com.google.android.apps.nexuslauncher; className: android.widget.TextView; text: App info; error: null; maxTextLength: -1; contentDescription: null; viewIdResName: com.google.android.apps.nexuslauncher:id/info_target_text; checkable: false; checked: false; focusable: false; focused: false; selected: false; clickable: false; longClickable: false; contextClickable: false; enabled: true; password: false; scrollable: false; actions: [AccessibilityAction: ACTION_SELECT - null, AccessibilityAction: ACTION_CLEAR_SELECTION - null, AccessibilityAction: ACTION_ACCESSIBILITY_FOCUS - null, AccessibilityAction: ACTION_NEXT_AT_MOVEMENT_GRANULARITY - null, AccessibilityAction: ACTION_PREVIOUS_AT_MOVEMENT_GRANULARITY - null, AccessibilityAction: ACTION_SET_SELECTION - null, AccessibilityAction: ACTION_SHOW_ON_SCREEN - null]
09-28 09:55:40.138  2844  2844 D XMLdumper: Skipping invisible child: android.view.accessibility.AccessibilityNodeInfo@80008c51; boundsInParent: Rect(524198, 0 - 524558, 144); boundsInScreen: Rect(720, 96 - 1080, 240); packageName: com.google.android.apps.nexuslauncher; className: android.widget.TextView; text: Uninstall; error: null; maxTextLength: -1; contentDescription: null; viewIdResName: com.google.android.apps.nexuslauncher:id/uninstall_target_text; checkable: false; checked: false; focusable: false; focused: false; selected: false; clickable: false; longClickable: false; contextClickable: false; enabled: true; password: false; scrollable: false; actions: [AccessibilityAction: ACTION_SELECT - null, AccessibilityAction: ACTION_CLEAR_SELECTION - null, AccessibilityAction: ACTION_ACCESSIBILITY_FOCUS - null, AccessibilityAction: ACTION_NEXT_AT_MOVEMENT_GRANULARITY - null, AccessibilityAction: ACTION_PREVIOUS_AT_MOVEMENT_GRANULARITY - null, AccessibilityAction: ACTION_SET_SELECTION - null, AccessibilityAction: ACTION_SHOW_ON_SCREEN - null]
09-28 09:55:40.138  2844  2844 D XMLdumper: Cleaning up.
09-28 09:55:40.138  2844  2844 V XMLdumper: setSource called, old: Accessibility; new: 
09-28 09:55:40.138  2844  2844 D onAccessibilityEvent: Launching the app subreddit.android.appstore
09-28 09:55:40.142 20483 21166 I ActivityManager: START u0 {act=android.intent.action.MAIN cat=[android.intent.category.LAUNCHER] flg=0x10000000 pkg=subreddit.android.appstore cmp=subreddit.android.appstore/.screens.MainActivity} from uid 10084 on display 0
09-28 09:55:40.142 20483 20504 I GnssLocationProvider: WakeLock released by handleMessage(3, 0, com.android.server.location.GnssLocationProvider$GpsRequest@fe1fe08)
09-28 09:55:40.201  2844  2998 D MyTimerTask_1: TimerCallback called.
09-28 09:55:40.201  2844  2998 V MyTimerTask_1: Locking.
09-28 09:55:40.391 20483 21166 W art     : Long monitor contention with owner android.display (20524) at int com.android.server.wm.WindowManagerService.relayoutWindow(com.android.server.wm.Session, android.view.IWindow, int, android.view.WindowManager$LayoutParams, int, int, int, int, android.graphics.Rect, android.graphics.Rect, android.graphics.Rect, android.graphics.Rect, android.graphics.Rect, android.graphics.Rect, android.graphics.Rect, android.content.res.Configuration, android.view.Surface)(WindowManagerService.java:2850) waiters=1 in void com.android.server.wm.WindowManagerService.deferSurfaceLayout() for 249ms
09-28 09:55:40.392 20483 21182 W art     : Long monitor contention with owner Binder:20483_A (21166) at int com.android.server.am.ActivityStarter.startActivityMayWait(android.app.IApplicationThread, int, java.lang.String, android.content.Intent, java.lang.String, android.service.voice.IVoiceInteractionSession, com.android.internal.app.IVoiceInteractor, android.os.IBinder, java.lang.String, int, int, android.app.ProfilerInfo, android.app.IActivityManager$WaitResult, android.content.res.Configuration, android.os.Bundle, boolean, int, android.app.IActivityContainer, com.android.server.am.TaskRecord)(ActivityStarter.java:765) waiters=0 in android.content.IIntentSender com.android.server.am.ActivityManagerService.getIntentSender(int, java.lang.String, android.os.IBinder, java.lang.String, int, android.content.Intent[], java.lang.String[], int, android.os.Bundle, int) for 250ms
09-28 09:55:40.393 20483 21183 W art     : Long monitor contention with owner Binder:20483_A (21166) at int com.android.server.am.ActivityStarter.startActivityMayWait(android.app.IApplicationThread, int, java.lang.String, android.content.Intent, java.lang.String, android.service.voice.IVoiceInteractionSession, com.android.internal.app.IVoiceInteractor, android.os.IBinder, java.lang.String, int, int, android.app.ProfilerInfo, android.app.IActivityManager$WaitResult, android.content.res.Configuration, android.os.Bundle, boolean, int, android.app.IActivityContainer, com.android.server.am.TaskRecord)(ActivityStarter.java:765) waiters=1 in android.content.IIntentSender com.android.server.am.ActivityManagerService.getIntentSender(int, java.lang.String, android.os.IBinder, java.lang.String, int, android.content.Intent[], java.lang.String[], int, android.os.Bundle, int) for 249ms
09-28 09:55:40.393 20483 21977 W art     : Long monitor contention with owner Binder:20483_A (21166) at int com.android.server.am.ActivityStarter.startActivityMayWait(android.app.IApplicationThread, int, java.lang.String, android.content.Intent, java.lang.String, android.service.voice.IVoiceInteractionSession, com.android.internal.app.IVoiceInteractor, android.os.IBinder, java.lang.String, int, int, android.app.ProfilerInfo, android.app.IActivityManager$WaitResult, android.content.res.Configuration, android.os.Bundle, boolean, int, android.app.IActivityContainer, com.android.server.am.TaskRecord)(ActivityStarter.java:765) waiters=2 in android.app.ActivityManager$TaskThumbnail com.android.server.am.ActivityManagerService.getTaskThumbnail(int) for 247ms
09-28 09:55:40.401  2844  2844 D MyTimerTask_1: Starting new timer
09-28 09:55:40.402  2844  2844 V onAccessibilityEvent: Unlocked.
09-28 09:55:40.402  2844  2844 I onAccessibilityEvent: ********** New Event received: EventType: TYPE_WINDOW_STATE_CHANGED; EventTime: 75209147; PackageName: com.google.android.apps.nexuslauncher; MovementGranularity: 0; Action: 0 [ ClassName: com.google.android.apps.nexuslauncher.NexusLauncherActivity; Text: [Home screen 1 of 1]; ContentDescription: null; ItemCount: -1; CurrentItemIndex: -1; IsEnabled: true; IsPassword: false; IsChecked: false; IsFullScreen: true; Scrollable: false; BeforeText: null; FromIndex: -1; ToIndex: -1; ScrollX: -1; ScrollY: -1; MaxScrollX: -1; MaxScrollY: -1; AddedCount: -1; RemovedCount: -1; ParcelableData: null ]; recordCount: 0
09-28 09:55:40.402  2844  2844 V onAccessibilityEvent: Locking.
09-28 09:55:40.402  2844  2844 W *** RAM availability: 0.5948038941680641
09-28 09:55:40.402  2844  2844 D MyTimerTask_1: Canceled timer.
09-28 09:55:40.402  2844  2844 D MyTimerTask_1: Canceled timer.
09-28 09:55:40.402  2844  2844 I onAccessibilityEvent: Current rep: 10, Current set: 1
09-28 09:55:40.402  2844  2844 W onAccessibilityEvent: Maximum reps reached. This was set 1
09-28 09:55:40.402  2844  2844 D MyTimerTask_1: Canceled timer.
09-28 09:55:40.402  2844  2844 W onAccessibilityEvent: Did not clear application data, as root is not available.
09-28 09:55:40.402  2844  2844 V XMLdumper: endFile called
09-28 09:55:40.405  2844  2844 I onAccessibilityEvent: Writing logcat to file.
09-28 09:55:40.411  1313  1326 D gralloc_ranchu: gralloc_alloc: Creating ashmem region of size 8294400
