--------- beginning of main
09-28 09:55:40.433  2844  2844 D MainActivity: Cleared logcat.
09-28 09:55:40.433  2844  2844 I onAccessibilityEvent: CURRENT_STEP is now 0
09-28 09:55:40.433  2844  2844 V XMLdumper: startFile called
09-28 09:55:40.447  2844  2844 V XMLdumper: setSource called, old: ; new: Accessibility
09-28 09:55:40.447  2844  2844 D MyTimerTask_1: Canceled timer.
09-28 09:55:40.448  2844  2844 I MyTimerTask_1: Started MyTimerTask:injectEventCaller with node android.view.accessibility.AccessibilityNodeInfo@8000798c; boundsInParent: Rect(0, 0 - 1080, 1920); boundsInScreen: Rect(0, 0 - 1080, 1920); packageName: com.google.android.apps.nexuslauncher; className: android.widget.FrameLayout; text: null; error: null; maxTextLength: -1; contentDescription: null; viewIdResName: null; checkable: false; checked: false; focusable: false; focused: false; selected: false; clickable: false; longClickable: false; contextClickable: false; enabled: true; password: false; scrollable: false; actions: [AccessibilityAction: ACTION_SELECT - null, AccessibilityAction: ACTION_CLEAR_SELECTION - null, AccessibilityAction: ACTION_ACCESSIBILITY_FOCUS - null, AccessibilityAction: ACTION_SHOW_ON_SCREEN - null]
09-28 09:55:40.448  2844  2844 D EventInjector_1: Started EventInjector.inject
09-28 09:55:40.449  2844  2844 V XMLdumper: writeEvent called with Accessibility, 19, Launch
--------- beginning of system
09-28 09:55:40.566  2864  2864 W ViewRootImpl[MainActivity]: Cancelling event due to no window focus: KeyEvent { action=ACTION_UP, keyCode=KEYCODE_BACK, scanCode=0, metaState=0, flags=0x28, repeatCount=0, eventTime=75208635, downTime=75208635, deviceId=-1, source=0x101 }
09-28 09:55:40.566  2864  2864 W ViewRootImpl[MainActivity]: Cancelling event due to no window focus: KeyEvent { action=ACTION_UP, keyCode=KEYCODE_BACK, scanCode=0, metaState=0, flags=0x28, repeatCount=0, eventTime=75208635, downTime=75208635, deviceId=-1, source=0x101 }
09-28 09:55:40.566  2864  2864 W ViewRootImpl[MainActivity]: Cancelling event due to no window focus: KeyEvent { action=ACTION_UP, keyCode=KEYCODE_BACK, scanCode=0, metaState=0, flags=0x28, repeatCount=0, eventTime=75208635, downTime=75208635, deviceId=-1, source=0x101 }
09-28 09:55:40.566  2864  2864 W ViewRootImpl[MainActivity]: Cancelling event due to no window focus: KeyEvent { action=ACTION_UP, keyCode=KEYCODE_BACK, scanCode=0, metaState=0, flags=0x28, repeatCount=0, eventTime=75208635, downTime=75208635, deviceId=-1, source=0x101 }
09-28 09:55:40.566  2864  2864 W ViewRootImpl[MainActivity]: Cancelling event due to no window focus: KeyEvent { action=ACTION_UP, keyCode=KEYCODE_BACK, scanCode=0, metaState=0, flags=0x28, repeatCount=0, eventTime=75208635, downTime=75208635, deviceId=-1, source=0x101 }
09-28 09:55:40.566  2864  2864 W ViewRootImpl[MainActivity]: Cancelling event due to no window focus: KeyEvent { action=ACTION_UP, keyCode=KEYCODE_BACK, scanCode=0, metaState=0, flags=0x28, repeatCount=0, eventTime=75208635, downTime=75208635, deviceId=-1, source=0x101 }
09-28 09:55:40.566  2864  2864 W ViewRootImpl[MainActivity]: Cancelling event due to no window focus: KeyEvent { action=ACTION_UP, keyCode=KEYCODE_BACK, scanCode=0, metaState=0, flags=0x28, repeatCount=0, eventTime=75208635, downTime=75208635, deviceId=-1, source=0x101 }
09-28 09:55:40.566  2864  2864 W ViewRootImpl[MainActivity]: Cancelling event due to no window focus: KeyEvent { action=ACTION_UP, keyCode=KEYCODE_BACK, scanCode=0, metaState=0, flags=0x28, repeatCount=0, eventTime=75208635, downTime=75208635, deviceId=-1, source=0x101 }
09-28 09:55:40.566  2864  2864 W ViewRootImpl[MainActivity]: Cancelling event due to no window focus: KeyEvent { action=ACTION_UP, keyCode=KEYCODE_BACK, scanCode=0, metaState=0, flags=0x28, repeatCount=0, eventTime=75208635, downTime=75208635, deviceId=-1, source=0x101 }
09-28 09:55:40.613  2864  2869 I art     : Do partial code cache collection, code=29KB, data=30KB
09-28 09:55:40.619  2864  2869 I art     : After code cache collection, code=29KB, data=30KB
09-28 09:55:40.619  2864  2869 I art     : Increasing code cache capacity to 128KB
09-28 09:55:40.686 21249 21495 D EGL_emulation: eglMakeCurrent: 0xa1585060: ver 2 0 (tinfo 0xa1583ae0)
09-28 09:55:40.696  2844  2844 D XMLdumper: Null child 1/7, parent: android.view.accessibility.AccessibilityNodeInfo@8000798c; boundsInParent: Rect(0, 0 - 1080, 1920); boundsInScreen: Rect(0, 0 - 1080, 1920); packageName: com.google.android.apps.nexuslauncher; className: android.widget.FrameLayout; text: null; error: null; maxTextLength: -1; contentDescription: null; viewIdResName: null; checkable: false; checked: false; focusable: false; focused: false; selected: false; clickable: false; longClickable: false; contextClickable: false; enabled: true; password: false; scrollable: false; actions: [AccessibilityAction: ACTION_SELECT - null, AccessibilityAction: ACTION_CLEAR_SELECTION - null, AccessibilityAction: ACTION_ACCESSIBILITY_FOCUS - null, AccessibilityAction: ACTION_SHOW_ON_SCREEN - null]
09-28 09:55:40.696  2844  2844 D XMLdumper: Null child 2/7, parent: android.view.accessibility.AccessibilityNodeInfo@8000798c; boundsInParent: Rect(0, 0 - 1080, 1920); boundsInScreen: Rect(0, 0 - 1080, 1920); packageName: com.google.android.apps.nexuslauncher; className: android.widget.FrameLayout; text: null; error: null; maxTextLength: -1; contentDescription: null; viewIdResName: null; checkable: false; checked: false; focusable: false; focused: false; selected: false; clickable: false; longClickable: false; contextClickable: false; enabled: true; password: false; scrollable: false; actions: [AccessibilityAction: ACTION_SELECT - null, AccessibilityAction: ACTION_CLEAR_SELECTION - null, AccessibilityAction: ACTION_ACCESSIBILITY_FOCUS - null, AccessibilityAction: ACTION_SHOW_ON_SCREEN - null]
09-28 09:55:40.697  2844  2844 D XMLdumper: Null child 3/7, parent: android.view.accessibility.AccessibilityNodeInfo@8000798c; boundsInParent: Rect(0, 0 - 1080, 1920); boundsInScreen: Rect(0, 0 - 1080, 1920); packageName: com.google.android.apps.nexuslauncher; className: android.widget.FrameLayout; text: null; error: null; maxTextLength: -1; contentDescription: null; viewIdResName: null; checkable: false; checked: false; focusable: false; focused: false; selected: false; clickable: false; longClickable: false; contextClickable: false; enabled: true; password: false; scrollable: false; actions: [AccessibilityAction: ACTION_SELECT - null, AccessibilityAction: ACTION_CLEAR_SELECTION - null, AccessibilityAction: ACTION_ACCESSIBILITY_FOCUS - null, AccessibilityAction: ACTION_SHOW_ON_SCREEN - null]
09-28 09:55:40.697  2844  2844 D XMLdumper: Null child 4/7, parent: android.view.accessibility.AccessibilityNodeInfo@8000798c; boundsInParent: Rect(0, 0 - 1080, 1920); boundsInScreen: Rect(0, 0 - 1080, 1920); packageName: com.google.android.apps.nexuslauncher; className: android.widget.FrameLayout; text: null; error: null; maxTextLength: -1; contentDescription: null; viewIdResName: null; checkable: false; checked: false; focusable: false; focused: false; selected: false; clickable: false; longClickable: false; contextClickable: false; enabled: true; password: false; scrollable: false; actions: [AccessibilityAction: ACTION_SELECT - null, AccessibilityAction: ACTION_CLEAR_SELECTION - null, AccessibilityAction: ACTION_ACCESSIBILITY_FOCUS - null, AccessibilityAction: ACTION_SHOW_ON_SCREEN - null]
09-28 09:55:40.697  2844  2844 D XMLdumper: Null child 5/7, parent: android.view.accessibility.AccessibilityNodeInfo@8000798c; boundsInParent: Rect(0, 0 - 1080, 1920); boundsInScreen: Rect(0, 0 - 1080, 1920); packageName: com.google.android.apps.nexuslauncher; className: android.widget.FrameLayout; text: null; error: null; maxTextLength: -1; contentDescription: null; viewIdResName: null; checkable: false; checked: false; focusable: false; focused: false; selected: false; clickable: false; longClickable: false; contextClickable: false; enabled: true; password: false; scrollable: false; actions: [AccessibilityAction: ACTION_SELECT - null, AccessibilityAction: ACTION_CLEAR_SELECTION - null, AccessibilityAction: ACTION_ACCESSIBILITY_FOCUS - null, AccessibilityAction: ACTION_SHOW_ON_SCREEN - null]
09-28 09:55:40.697  2844  2844 D XMLdumper: Null child 6/7, parent: android.view.accessibility.AccessibilityNodeInfo@8000798c; boundsInParent: Rect(0, 0 - 1080, 1920); boundsInScreen: Rect(0, 0 - 1080, 1920); packageName: com.google.android.apps.nexuslauncher; className: android.widget.FrameLayout; text: null; error: null; maxTextLength: -1; contentDescription: null; viewIdResName: null; checkable: false; checked: false; focusable: false; focused: false; selected: false; clickable: false; longClickable: false; contextClickable: false; enabled: true; password: false; scrollable: false; actions: [AccessibilityAction: ACTION_SELECT - null, AccessibilityAction: ACTION_CLEAR_SELECTION - null, AccessibilityAction: ACTION_ACCESSIBILITY_FOCUS - null, AccessibilityAction: ACTION_SHOW_ON_SCREEN - null]
09-28 09:55:40.697  2844  2844 D XMLdumper: Cleaning up.
09-28 09:55:40.697  2844  2844 V XMLdumper: setSource called, old: Accessibility; new: 
09-28 09:55:40.697  2844  2844 D onAccessibilityEvent: Launching the app subreddit.android.appstore
09-28 09:55:40.698 20483 20630 I ActivityManager: START u0 {act=android.intent.action.MAIN cat=[android.intent.category.LAUNCHER] flg=0x10000000 pkg=subreddit.android.appstore cmp=subreddit.android.appstore/.screens.MainActivity} from uid 10084 on display 0
09-28 09:55:40.731  2864  2885 D EGL_emulation: eglMakeCurrent: 0x9ae07e80: ver 2 0 (tinfo 0xa6074ae0)
09-28 09:55:40.812  2844  2844 D MyTimerTask_1: Starting new timer
09-28 09:55:40.812  2844  2844 V onAccessibilityEvent: Unlocked.
09-28 09:55:40.813  2844  2998 W *** RAM availability: 0.583496366685299
09-28 09:55:40.827  2844  2844 I onAccessibilityEvent: ********** New Event received: EventType: TYPE_WINDOW_STATE_CHANGED; EventTime: 75209846; PackageName: subreddit.android.appstore; MovementGranularity: 0; Action: 0 [ ClassName: android.widget.FrameLayout; Text: []; ContentDescription: null; ItemCount: -1; CurrentItemIndex: -1; IsEnabled: true; IsPassword: false; IsChecked: false; IsFullScreen: false; Scrollable: false; BeforeText: null; FromIndex: -1; ToIndex: -1; ScrollX: -1; ScrollY: -1; MaxScrollX: -1; MaxScrollY: -1; AddedCount: -1; RemovedCount: -1; ParcelableData: null ]; recordCount: 0
09-28 09:55:40.827  2844  2844 V onAccessibilityEvent: Locking.
09-28 09:55:40.913 20483 20524 I ActivityManager: Displayed subreddit.android.appstore/.screens.MainActivity: +912ms
09-28 09:55:40.916 21167 21356 D EGL_emulation: eglMakeCurrent: 0x9e0cc700: ver 2 0 (tinfo 0x9ae1fe80)
09-28 09:55:41.012  2844  3011 D MyTimerTask_1: TimerCallback called.
09-28 09:55:41.013  2844  3011 V MyTimerTask_1: Locking.
09-28 09:55:41.037  1313  1313 W SurfaceFlinger: couldn't log to binary event log: overflow.
09-28 09:55:41.158 20483 20504 W art     : Long monitor contention with owner Binder:20483_8 (21164) at void com.android.server.am.ActivityManagerService.activityStopped(android.os.IBinder, android.os.Bundle, android.os.PersistableBundle, java.lang.CharSequence)(ActivityManagerService.java:6937) waiters=0 in void com.android.server.am.ActivityManagerService$3.handleMessage(android.os.Message) for 182ms
09-28 09:55:41.166  2864  2869 I art     : Do partial code cache collection, code=62KB, data=59KB
09-28 09:55:41.175  2864  2869 I art     : After code cache collection, code=62KB, data=59KB
09-28 09:55:41.175  2864  2869 I art     : Increasing code cache capacity to 256KB
09-28 09:55:41.180  2844  2998 D MyTimerTask_1: Found current_node: android.view.accessibility.AccessibilityNodeInfo@8000c4ad; boundsInParent: Rect(0, 0 - 1080, 1920); boundsInScreen: Rect(0, 0 - 1080, 1920); packageName: subreddit.android.appstore; className: android.widget.FrameLayout; text: null; error: null; maxTextLength: -1; contentDescription: null; viewIdResName: null; checkable: false; checked: false; focusable: false; focused: false; selected: false; clickable: false; longClickable: false; contextClickable: false; enabled: true; password: false; scrollable: false; actions: [AccessibilityAction: ACTION_SELECT - null, AccessibilityAction: ACTION_CLEAR_SELECTION - null, AccessibilityAction: ACTION_ACCESSIBILITY_FOCUS - null, AccessibilityAction: ACTION_SHOW_ON_SCREEN - null]
09-28 09:55:41.180  2844  2998 I onAccessibilityEvent: Current rep: 1, Current set: 2
09-28 09:55:41.180  2844  2998 I onAccessibilityEvent: CURRENT_STEP is now 1
09-28 09:55:41.180  2844  2998 D MyTimerTask_1: TimerCallback: We have found a current_root and begin writing the XML now
09-28 09:55:41.180  2844  2998 W XMLdumper: startFile called, but a file is already being processed
09-28 09:55:41.180  2844  2998 V XMLdumper: setSource called, old: ; new: Timer
09-28 09:55:41.180  2844  2998 D MyTimerTask_1: TimerCallback: Calling injectEventCaller
09-28 09:55:41.180  2844  2998 D MyTimerTask_1: Canceled timer.
09-28 09:55:41.180  2844  2998 I MyTimerTask_1: Started MyTimerTask:injectEventCaller with node android.view.accessibility.AccessibilityNodeInfo@8000c4ad; boundsInParent: Rect(0, 0 - 1080, 1920); boundsInScreen: Rect(0, 0 - 1080, 1920); packageName: subreddit.android.appstore; className: android.widget.FrameLayout; text: null; error: null; maxTextLength: -1; contentDescription: null; viewIdResName: null; checkable: false; checked: false; focusable: false; focused: false; selected: false; clickable: false; longClickable: false; contextClickable: false; enabled: true; password: false; scrollable: false; actions: [AccessibilityAction: ACTION_SELECT - null, AccessibilityAction: ACTION_CLEAR_SELECTION - null, AccessibilityAction: ACTION_ACCESSIBILITY_FOCUS - null, AccessibilityAction: ACTION_SHOW_ON_SCREEN - null]
09-28 09:55:41.180  2844  2998 D EventInjector_1: Started EventInjector.inject
09-28 09:55:41.249  2844  2998 D EventInjector_1: Skipping invisible child: android.view.accessibility.AccessibilityNodeInfo@80016d9a; boundsInParent: Rect(0, 0 - 984, 79); boundsInScreen: Rect(48, 1864 - 1032, 1776); packageName: subreddit.android.appstore; className: android.view.ViewGroup; text: null; error: null; maxTextLength: -1; contentDescription: null; viewIdResName: subreddit.android.appstore:id/tag_container; checkable: false; checked: false; focusable: false; focused: false; selected: false; clickable: false; longClickable: false; contextClickable: false; enabled: true; password: false; scrollable: false; actions: [AccessibilityAction: ACTION_SELECT - null, AccessibilityAction: ACTION_CLEAR_SELECTION - null, AccessibilityAction: ACTION_ACCESSIBILITY_FOCUS - null, AccessibilityAction: ACTION_SHOW_ON_SCREEN - null]
09-28 09:55:41.252  2844  2998 D EventInjector_1: Skipping invisible child: android.view.accessibility.AccessibilityNodeInfo@80016d9a; boundsInParent: Rect(0, 0 - 984, 79); boundsInScreen: Rect(48, 1864 - 1032, 1776); packageName: subreddit.android.appstore; className: android.view.ViewGroup; text: null; error: null; maxTextLength: -1; contentDescription: null; viewIdResName: subreddit.android.appstore:id/tag_container; checkable: false; checked: false; focusable: false; focused: false; selected: false; clickable: false; longClickable: false; contextClickable: false; enabled: true; password: false; scrollable: false; actions: [AccessibilityAction: ACTION_SELECT - null, AccessibilityAction: ACTION_CLEAR_SELECTION - null, AccessibilityAction: ACTION_ACCESSIBILITY_FOCUS - null, AccessibilityAction: ACTION_SHOW_ON_SCREEN - null]
09-28 09:55:41.254  2844  2998 D EventInjector_1: Skipping invisible child: android.view.accessibility.AccessibilityNodeInfo@80016d9a; boundsInParent: Rect(0, 0 - 984, 79); boundsInScreen: Rect(48, 1864 - 1032, 1776); packageName: subreddit.android.appstore; className: android.view.ViewGroup; text: null; error: null; maxTextLength: -1; contentDescription: null; viewIdResName: subreddit.android.appstore:id/tag_container; checkable: false; checked: false; focusable: false; focused: false; selected: false; clickable: false; longClickable: false; contextClickable: false; enabled: true; password: false; scrollable: false; actions: [AccessibilityAction: ACTION_SELECT - null, AccessibilityAction: ACTION_CLEAR_SELECTION - null, AccessibilityAction: ACTION_ACCESSIBILITY_FOCUS - null, AccessibilityAction: ACTION_SHOW_ON_SCREEN - null]
09-28 09:55:41.254  2844  2998 D EventInjector_1: Skipping invisible child: android.view.accessibility.AccessibilityNodeInfo@80016d9a; boundsInParent: Rect(0, 0 - 984, 79); boundsInScreen: Rect(48, 1864 - 1032, 1776); packageName: subreddit.android.appstore; className: android.view.ViewGroup; text: null; error: null; maxTextLength: -1; contentDescription: null; viewIdResName: subreddit.android.appstore:id/tag_container; checkable: false; checked: false; focusable: false; focused: false; selected: false; clickable: false; longClickable: false; contextClickable: false; enabled: true; password: false; scrollable: false; actions: [AccessibilityAction: ACTION_SELECT - null, AccessibilityAction: ACTION_CLEAR_SELECTION - null, AccessibilityAction: ACTION_ACCESSIBILITY_FOCUS - null, AccessibilityAction: ACTION_SHOW_ON_SCREEN - null]
09-28 09:55:41.254  2844  2998 I EventInjector_1: Pressing clickable with Text: null and ResourceId: null
09-28 09:55:41.255  2844  2998 V XMLdumper: writeEvent called with Timer, 20, Click
09-28 09:55:41.264  2844  2998 D XMLdumper: Skipping invisible child: android.view.accessibility.AccessibilityNodeInfo@80016d9a; boundsInParent: Rect(0, 0 - 984, 79); boundsInScreen: Rect(48, 1864 - 1032, 1776); packageName: subreddit.android.appstore; className: android.view.ViewGroup; text: null; error: null; maxTextLength: -1; contentDescription: null; viewIdResName: subreddit.android.appstore:id/tag_container; checkable: false; checked: false; focusable: false; focused: false; selected: false; clickable: false; longClickable: false; contextClickable: false; enabled: true; password: false; scrollable: false; actions: [AccessibilityAction: ACTION_SELECT - null, AccessibilityAction: ACTION_CLEAR_SELECTION - null, AccessibilityAction: ACTION_ACCESSIBILITY_FOCUS - null, AccessibilityAction: ACTION_SHOW_ON_SCREEN - null]
09-28 09:55:41.266  2844  2998 D XMLdumper: Cleaning up.
09-28 09:55:41.266  2844  2998 V XMLdumper: setSource called, old: Timer; new: 
09-28 09:55:41.269 20360 20373 W audio_hw_generic: Not supplying enough data to HAL, expected position 5605250 , only wrote 5605200
09-28 09:55:41.281 20483 20980 I ActivityManager: START u0 {cmp=subreddit.android.appstore/.screens.details.AppDetailsActivity (has extras)} from uid 10103 on display 0
09-28 09:55:41.297  2844  2998 D EventInjector_1: EventInjector.inject finished.
09-28 09:55:41.297  2844  2998 D MyTimerTask_1: Starting new timer
09-28 09:55:41.306  2844  2998 V MyTimerTask_1: Unlocked.
09-28 09:55:41.308  2844  2844 W *** RAM availability: 0.5909726103968698
09-28 09:55:41.308  2844  2844 D MyTimerTask_1: Canceled timer.
09-28 09:55:41.308  2844  2844 D MyTimerTask_1: Canceled timer.
09-28 09:55:41.308  2844  2844 I onAccessibilityEvent: Current rep: 2, Current set: 2
09-28 09:55:41.308  2844  2844 I onAccessibilityEvent: CURRENT_STEP is now 2
09-28 09:55:41.308  2844  2844 W XMLdumper: startFile called, but a file is already being processed
09-28 09:55:41.308  2844  2844 V XMLdumper: setSource called, old: ; new: Accessibility
09-28 09:55:41.308  2844  2844 D MyTimerTask_1: Canceled timer.
09-28 09:55:41.309  2844  2844 I MyTimerTask_1: Started MyTimerTask:injectEventCaller with node android.view.accessibility.AccessibilityNodeInfo@80044d5d; boundsInParent: Rect(0, 0 - 1080, 1920); boundsInScreen: Rect(0, 0 - 1080, 1920); packageName: subreddit.android.appstore; className: android.widget.FrameLayout; text: null; error: null; maxTextLength: -1; contentDescription: null; viewIdResName: null; checkable: false; checked: false; focusable: false; focused: false; selected: false; clickable: false; longClickable: false; contextClickable: false; enabled: true; password: false; scrollable: false; actions: [AccessibilityAction: ACTION_SELECT - null, AccessibilityAction: ACTION_CLEAR_SELECTION - null, AccessibilityAction: ACTION_ACCESSIBILITY_FOCUS - null, AccessibilityAction: ACTION_SHOW_ON_SCREEN - null]
09-28 09:55:41.309  2844  2844 D EventInjector_1: Started EventInjector.inject
09-28 09:55:41.309  2844  2844 V XMLdumper: writeEvent called with Accessibility, 21, Back
09-28 09:55:41.310  2844  2844 D XMLdumper: Cleaning up.
09-28 09:55:41.310  2844  2844 V XMLdumper: setSource called, old: Accessibility; new: 
09-28 09:55:41.310  2844  2844 I EventInjector_1: Pressing back
09-28 09:55:41.322  2844  2844 D EventInjector_1: EventInjector.inject finished.
09-28 09:55:41.322  2844  2844 D MyTimerTask_1: Starting new timer
09-28 09:55:41.323  2844  3011 W *** RAM availability: 0.5909726103968698
09-28 09:55:41.323  2844  2844 V onAccessibilityEvent: Unlocked.
09-28 09:55:41.323  2844  2844 I onAccessibilityEvent: ********** New Event received: EventType: TYPE_WINDOW_STATE_CHANGED; EventTime: 75210137; PackageName: subreddit.android.appstore; MovementGranularity: 0; Action: 0 [ ClassName: subreddit.android.appstore.screens.MainActivity; Text: [/r/Android App store]; ContentDescription: null; ItemCount: -1; CurrentItemIndex: -1; IsEnabled: true; IsPassword: false; IsChecked: false; IsFullScreen: true; Scrollable: false; BeforeText: null; FromIndex: -1; ToIndex: -1; ScrollX: -1; ScrollY: -1; MaxScrollX: -1; MaxScrollY: -1; AddedCount: -1; RemovedCount: -1; ParcelableData: null ]; recordCount: 0
09-28 09:55:41.323  2844  2844 V onAccessibilityEvent: Locking.
09-28 09:55:41.506  2844  3015 D MyTimerTask_1: TimerCallback called.
09-28 09:55:41.506  2844  3015 V MyTimerTask_1: Locking.
09-28 09:55:41.523  2844  3017 D MyTimerTask_1: TimerCallback called.
09-28 09:55:41.523  2844  3017 V MyTimerTask_1: Locking.
09-28 09:55:41.527 20483 20524 W art     : Long monitor contention with owner Binder:20483_7 (20980) at int com.android.server.wm.WindowManagerService.relayoutWindow(com.android.server.wm.Session, android.view.IWindow, int, android.view.WindowManager$LayoutParams, int, int, int, int, android.graphics.Rect, android.graphics.Rect, android.graphics.Rect, android.graphics.Rect, android.graphics.Rect, android.graphics.Rect, android.graphics.Rect, android.content.res.Configuration, android.view.Surface)(WindowManagerService.java:2850) waiters=0 in void com.android.server.wm.WindowAnimator$1.doFrame(long) for 116ms
09-28 09:55:41.593  2864  2864 W ViewRootImpl[AppDetailsActivity]: Dropping event due to no window focus: KeyEvent { action=ACTION_DOWN, keyCode=KEYCODE_BACK, scanCode=0, metaState=0, flags=0x8, repeatCount=0, eventTime=75210884, downTime=75210884, deviceId=-1, source=0x101 }
09-28 09:55:41.599  2864  2864 W ViewRootImpl[AppDetailsActivity]: Cancelling event due to no window focus: KeyEvent { action=ACTION_UP, keyCode=KEYCODE_BACK, scanCode=0, metaState=0, flags=0x28, repeatCount=0, eventTime=75210893, downTime=75210884, deviceId=-1, source=0x101 }
09-28 09:55:41.599  2864  2864 W ViewRootImpl[AppDetailsActivity]: Cancelling event due to no window focus: KeyEvent { action=ACTION_UP, keyCode=KEYCODE_BACK, scanCode=0, metaState=0, flags=0x28, repeatCount=0, eventTime=75210893, downTime=75210884, deviceId=-1, source=0x101 }
09-28 09:55:41.599  2864  2864 W ViewRootImpl[AppDetailsActivity]: Cancelling event due to no window focus: KeyEvent { action=ACTION_UP, keyCode=KEYCODE_BACK, scanCode=0, metaState=0, flags=0x28, repeatCount=0, eventTime=75210893, downTime=75210884, deviceId=-1, source=0x101 }
09-28 09:55:41.599  2864  2864 W ViewRootImpl[AppDetailsActivity]: Cancelling event due to no window focus: KeyEvent { action=ACTION_UP, keyCode=KEYCODE_BACK, scanCode=0, metaState=0, flags=0x28, repeatCount=0, eventTime=75210893, downTime=75210884, deviceId=-1, source=0x101 }
09-28 09:55:41.599  2864  2864 W ViewRootImpl[AppDetailsActivity]: Cancelling event due to no window focus: KeyEvent { action=ACTION_UP, keyCode=KEYCODE_BACK, scanCode=0, metaState=0, flags=0x28, repeatCount=0, eventTime=75210893, downTime=75210884, deviceId=-1, source=0x101 }
09-28 09:55:41.599  2864  2864 W ViewRootImpl[AppDetailsActivity]: Cancelling event due to no window focus: KeyEvent { action=ACTION_UP, keyCode=KEYCODE_BACK, scanCode=0, metaState=0, flags=0x28, repeatCount=0, eventTime=75210893, downTime=75210884, deviceId=-1, source=0x101 }
09-28 09:55:41.599  2864  2864 W ViewRootImpl[AppDetailsActivity]: Cancelling event due to no window focus: KeyEvent { action=ACTION_UP, keyCode=KEYCODE_BACK, scanCode=0, metaState=0, flags=0x28, repeatCount=0, eventTime=75210893, downTime=75210884, deviceId=-1, source=0x101 }
09-28 09:55:41.599  2864  2864 W ViewRootImpl[AppDetailsActivity]: Cancelling event due to no window focus: KeyEvent { action=ACTION_UP, keyCode=KEYCODE_BACK, scanCode=0, metaState=0, flags=0x28, repeatCount=0, eventTime=75210893, downTime=75210884, deviceId=-1, source=0x101 }
09-28 09:55:41.599  2864  2864 W ViewRootImpl[AppDetailsActivity]: Cancelling event due to no window focus: KeyEvent { action=ACTION_UP, keyCode=KEYCODE_BACK, scanCode=0, metaState=0, flags=0x28, repeatCount=0, eventTime=75210893, downTime=75210884, deviceId=-1, source=0x101 }
09-28 09:55:41.602  2844  2849 I art     : Do partial code cache collection, code=30KB, data=27KB
09-28 09:55:41.603  2844  2849 I art     : After code cache collection, code=29KB, data=26KB
09-28 09:55:41.603  2844  2849 I art     : Increasing code cache capacity to 128KB
09-28 09:55:41.603  2864  2885 D EGL_emulation: eglMakeCurrent: 0x9ae07e80: ver 2 0 (tinfo 0xa6074ae0)
09-28 09:55:41.609  2844  3011 D MyTimerTask_1: Found current_node: android.view.accessibility.AccessibilityNodeInfo@8000c4ad; boundsInParent: Rect(0, 0 - 1080, 1920); boundsInScreen: Rect(0, 0 - 1080, 1920); packageName: subreddit.android.appstore; className: android.widget.FrameLayout; text: null; error: null; maxTextLength: -1; contentDescription: null; viewIdResName: null; checkable: false; checked: false; focusable: false; focused: false; selected: false; clickable: false; longClickable: false; contextClickable: false; enabled: true; password: false; scrollable: false; actions: [AccessibilityAction: ACTION_SELECT - null, AccessibilityAction: ACTION_CLEAR_SELECTION - null, AccessibilityAction: ACTION_ACCESSIBILITY_FOCUS - null, AccessibilityAction: ACTION_SHOW_ON_SCREEN - null]
09-28 09:55:41.609  2844  3011 I onAccessibilityEvent: Current rep: 3, Current set: 2
09-28 09:55:41.609  2844  3011 I onAccessibilityEvent: CURRENT_STEP is now 3
09-28 09:55:41.609  2844  3011 D MyTimerTask_1: TimerCallback: We have found a current_root and begin writing the XML now
09-28 09:55:41.610  2844  3011 W XMLdumper: startFile called, but a file is already being processed
09-28 09:55:41.610  2844  3011 V XMLdumper: setSource called, old: ; new: Timer
09-28 09:55:41.610  2844  3011 D MyTimerTask_1: TimerCallback: Calling injectEventCaller
09-28 09:55:41.610  2844  3011 D MyTimerTask_1: Canceled timer.
09-28 09:55:41.610  2844  3011 I MyTimerTask_1: Started MyTimerTask:injectEventCaller with node android.view.accessibility.AccessibilityNodeInfo@8000c4ad; boundsInParent: Rect(0, 0 - 1080, 1920); boundsInScreen: Rect(0, 0 - 1080, 1920); packageName: subreddit.android.appstore; className: android.widget.FrameLayout; text: null; error: null; maxTextLength: -1; contentDescription: null; viewIdResName: null; checkable: false; checked: false; focusable: false; focused: false; selected: false; clickable: false; longClickable: false; contextClickable: false; enabled: true; password: false; scrollable: false; actions: [AccessibilityAction: ACTION_SELECT - null, AccessibilityAction: ACTION_CLEAR_SELECTION - null, AccessibilityAction: ACTION_ACCESSIBILITY_FOCUS - null, AccessibilityAction: ACTION_SHOW_ON_SCREEN - null]
09-28 09:55:41.610  2844  3011 D EventInjector_1: Started EventInjector.inject
09-28 09:55:41.611  2844  3011 D EventInjector_1: Null child 0/3, parent: android.view.accessibility.AccessibilityNodeInfo@8001083f; boundsInParent: Rect(0, 0 - 1080, 168); boundsInScreen: Rect(0, 72 - 1080, 240); packageName: subreddit.android.appstore; className: android.view.ViewGroup; text: null; error: null; maxTextLength: -1; contentDescription: null; viewIdResName: subreddit.android.appstore:id/applist_toolbar; checkable: false; checked: false; focusable: false; focused: false; selected: false; clickable: false; longClickable: false; contextClickable: false; enabled: true; password: false; scrollable: false; actions: [AccessibilityAction: ACTION_SELECT - null, AccessibilityAction: ACTION_CLEAR_SELECTION - null, AccessibilityAction: ACTION_ACCESSIBILITY_FOCUS - null, AccessibilityAction: ACTION_SHOW_ON_SCREEN - null]
09-28 09:55:41.611  2844  3011 D EventInjector_1: Null child 1/3, parent: android.view.accessibility.AccessibilityNodeInfo@8001083f; boundsInParent: Rect(0, 0 - 1080, 168); boundsInScreen: Rect(0, 72 - 1080, 240); packageName: subreddit.android.appstore; className: android.view.ViewGroup; text: null; error: null; maxTextLength: -1; contentDescription: null; viewIdResName: subreddit.android.appstore:id/applist_toolbar; checkable: false; checked: false; focusable: false; focused: false; selected: false; clickable: false; longClickable: false; contextClickable: false; enabled: true; password: false; scrollable: false; actions: [AccessibilityAction: ACTION_SELECT - null, AccessibilityAction: ACTION_CLEAR_SELECTION - null, AccessibilityAction: ACTION_ACCESSIBILITY_FOCUS - null, AccessibilityAction: ACTION_SHOW_ON_SCREEN - null]
09-28 09:55:41.612  2844  3011 D EventInjector_1: Null child 2/3, parent: android.view.accessibility.AccessibilityNodeInfo@8001083f; boundsInParent: Rect(0, 0 - 1080, 168); boundsInScreen: Rect(0, 72 - 1080, 240); packageName: subreddit.android.appstore; className: android.view.ViewGroup; text: null; error: null; maxTextLength: -1; contentDescription: null; viewIdResName: subreddit.android.appstore:id/applist_toolbar; checkable: false; checked: false; focusable: false; focused: false; selected: false; clickable: false; longClickable: false; contextClickable: false; enabled: true; password: false; scrollable: false; actions: [AccessibilityAction: ACTION_SELECT - null, AccessibilityAction: ACTION_CLEAR_SELECTION - null, AccessibilityAction: ACTION_ACCESSIBILITY_FOCUS - null, AccessibilityAction: ACTION_SHOW_ON_SCREEN - null]
09-28 09:55:41.615  2844  3011 D EventInjector_1: Null child 1/3, parent: android.view.accessibility.AccessibilityNodeInfo@8001318a; boundsInParent: Rect(0, 0 - 984, 289); boundsInScreen: Rect(48, 1326 - 1032, 1615); packageName: subreddit.android.appstore; className: android.widget.RelativeLayout; text: null; error: null; maxTextLength: -1; contentDescription: null; viewIdResName: null; checkable: false; checked: false; focusable: false; focused: false; selected: false; clickable: false; longClickable: false; contextClickable: false; enabled: true; password: false; scrollable: false; actions: [AccessibilityAction: ACTION_SELECT - null, AccessibilityAction: ACTION_CLEAR_SELECTION - null, AccessibilityAction: ACTION_ACCESSIBILITY_FOCUS - null, AccessibilityAction: ACTION_SHOW_ON_SCREEN - null]
09-28 09:55:41.616  2844  3011 D EventInjector_1: Null child 2/3, parent: android.view.accessibility.AccessibilityNodeInfo@8001318a; boundsInParent: Rect(0, 0 - 984, 289); boundsInScreen: Rect(48, 1326 - 1032, 1615); packageName: subreddit.android.appstore; className: android.widget.RelativeLayout; text: null; error: null; maxTextLength: -1; contentDescription: null; viewIdResName: null; checkable: false; checked: false; focusable: false; focused: false; selected: false; clickable: false; longClickable: false; contextClickable: false; enabled: true; password: false; scrollable: false; actions: [AccessibilityAction: ACTION_SELECT - null, AccessibilityAction: ACTION_CLEAR_SELECTION - null, AccessibilityAction: ACTION_ACCESSIBILITY_FOCUS - null, AccessibilityAction: ACTION_SHOW_ON_SCREEN - null]
09-28 09:55:41.616  2844  3011 D EventInjector_1: Skipping invisible child: android.view.accessibility.AccessibilityNodeInfo@80016d9a; boundsInParent: Rect(0, 0 - 984, 79); boundsInScreen: Rect(48, 1864 - 1032, 1776); packageName: subreddit.android.appstore; className: android.view.ViewGroup; text: null; error: null; maxTextLength: -1; contentDescription: null; viewIdResName: subreddit.android.appstore:id/tag_container; checkable: false; checked: false; focusable: false; focused: false; selected: false; clickable: false; longClickable: false; contextClickable: false; enabled: true; password: false; scrollable: false; actions: [AccessibilityAction: ACTION_SELECT - null, AccessibilityAction: ACTION_CLEAR_SELECTION - null, AccessibilityAction: ACTION_ACCESSIBILITY_FOCUS - null, AccessibilityAction: ACTION_SHOW_ON_SCREEN - null]
09-28 09:55:41.616  2844  3011 D EventInjector_1: Null child 0/1, parent: android.view.accessibility.AccessibilityNodeInfo@8000db33; boundsInParent: Rect(0, 0 - 270, 1536); boundsInScreen: Rect(810, 240 - 1080, 1776); packageName: subreddit.android.appstore; className: android.widget.LinearLayout; text: null; error: null; maxTextLength: -1; contentDescription: null; viewIdResName: subreddit.android.appstore:id/appinfos_fastscroll; checkable: false; checked: false; focusable: false; focused: false; selected: false; clickable: false; longClickable: false; contextClickable: false; enabled: true; password: false; scrollable: false; actions: [AccessibilityAction: ACTION_SELECT - null, AccessibilityAction: ACTION_CLEAR_SELECTION - null, AccessibilityAction: ACTION_ACCESSIBILITY_FOCUS - null, AccessibilityAction: ACTION_SHOW_ON_SCREEN - null]
09-28 09:55:41.616  2844  3011 D EventInjector_1: Null child 0/3, parent: android.view.accessibility.AccessibilityNodeInfo@8001083f; boundsInParent: Rect(0, 0 - 1080, 168); boundsInScreen: Rect(0, 72 - 1080, 240); packageName: subreddit.android.appstore; className: android.view.ViewGroup; text: null; error: null; maxTextLength: -1; contentDescription: null; viewIdResName: subreddit.android.appstore:id/applist_toolbar; checkable: false; checked: false; focusable: false; focused: false; selected: false; clickable: false; longClickable: false; contextClickable: false; enabled: true; password: false; scrollable: false; actions: [AccessibilityAction: ACTION_SELECT - null, AccessibilityAction: ACTION_CLEAR_SELECTION - null, AccessibilityAction: ACTION_ACCESSIBILITY_FOCUS - null, AccessibilityAction: ACTION_SHOW_ON_SCREEN - null]
09-28 09:55:41.617  2844  3011 D EventInjector_1: Null child 1/3, parent: android.view.accessibility.AccessibilityNodeInfo@8001083f; boundsInParent: Rect(0, 0 - 1080, 168); boundsInScreen: Rect(0, 72 - 1080, 240); packageName: subreddit.android.appstore; className: android.view.ViewGroup; text: null; error: null; maxTextLength: -1; contentDescription: null; viewIdResName: subreddit.android.appstore:id/applist_toolbar; checkable: false; checked: false; focusable: false; focused: false; selected: false; clickable: false; longClickable: false; contextClickable: false; enabled: true; password: false; scrollable: false; actions: [AccessibilityAction: ACTION_SELECT - null, AccessibilityAction: ACTION_CLEAR_SELECTION - null, AccessibilityAction: ACTION_ACCESSIBILITY_FOCUS - null, AccessibilityAction: ACTION_SHOW_ON_SCREEN - null]
09-28 09:55:41.617  2844  3011 D EventInjector_1: Null child 2/3, parent: android.view.accessibility.AccessibilityNodeInfo@8001083f; boundsInParent: Rect(0, 0 - 1080, 168); boundsInScreen: Rect(0, 72 - 1080, 240); packageName: subreddit.android.appstore; className: android.view.ViewGroup; text: null; error: null; maxTextLength: -1; contentDescription: null; viewIdResName: subreddit.android.appstore:id/applist_toolbar; checkable: false; checked: false; focusable: false; focused: false; selected: false; clickable: false; longClickable: false; contextClickable: false; enabled: true; password: false; scrollable: false; actions: [AccessibilityAction: ACTION_SELECT - null, AccessibilityAction: ACTION_CLEAR_SELECTION - null, AccessibilityAction: ACTION_ACCESSIBILITY_FOCUS - null, AccessibilityAction: ACTION_SHOW_ON_SCREEN - null]
09-28 09:55:41.617  2844  3011 D EventInjector_1: Null child 1/3, parent: android.view.accessibility.AccessibilityNodeInfo@8001318a; boundsInParent: Rect(0, 0 - 984, 289); boundsInScreen: Rect(48, 1326 - 1032, 1615); packageName: subreddit.android.appstore; className: android.widget.RelativeLayout; text: null; error: null; maxTextLength: -1; contentDescription: null; viewIdResName: null; checkable: false; checked: false; focusable: false; focused: false; selected: false; clickable: false; longClickable: false; contextClickable: false; enabled: true; password: false; scrollable: false; actions: [AccessibilityAction: ACTION_SELECT - null, AccessibilityAction: ACTION_CLEAR_SELECTION - null, AccessibilityAction: ACTION_ACCESSIBILITY_FOCUS - null, AccessibilityAction: ACTION_SHOW_ON_SCREEN - null]
09-28 09:55:41.617  2844  3011 D EventInjector_1: Null child 2/3, parent: android.view.accessibility.AccessibilityNodeInfo@8001318a; boundsInParent: Rect(0, 0 - 984, 289); boundsInScreen: Rect(48, 1326 - 1032, 1615); packageName: subreddit.android.appstore; className: android.widget.RelativeLayout; text: null; error: null; maxTextLength: -1; contentDescription: null; viewIdResName: null; checkable: false; checked: false; focusable: false; focused: false; selected: false; clickable: false; longClickable: false; contextClickable: false; enabled: true; password: false; scrollable: false; actions: [AccessibilityAction: ACTION_SELECT - null, AccessibilityAction: ACTION_CLEAR_SELECTION - null, AccessibilityAction: ACTION_ACCESSIBILITY_FOCUS - null, AccessibilityAction: ACTION_SHOW_ON_SCREEN - null]
09-28 09:55:41.618  2844  3011 D EventInjector_1: Skipping invisible child: android.view.accessibility.AccessibilityNodeInfo@80016d9a; boundsInParent: Rect(0, 0 - 984, 79); boundsInScreen: Rect(48, 1864 - 1032, 1776); packageName: subreddit.android.appstore; className: android.view.ViewGroup; text: null; error: null; maxTextLength: -1; contentDescription: null; viewIdResName: subreddit.android.appstore:id/tag_container; checkable: false; checked: false; focusable: false; focused: false; selected: false; clickable: false; longClickable: false; contextClickable: false; enabled: true; password: false; scrollable: false; actions: [AccessibilityAction: ACTION_SELECT - null, AccessibilityAction: ACTION_CLEAR_SELECTION - null, AccessibilityAction: ACTION_ACCESSIBILITY_FOCUS - null, AccessibilityAction: ACTION_SHOW_ON_SCREEN - null]
09-28 09:55:41.618  2844  3011 D EventInjector_1: Null child 0/1, parent: android.view.accessibility.AccessibilityNodeInfo@8000db33; boundsInParent: Rect(0, 0 - 270, 1536); boundsInScreen: Rect(810, 240 - 1080, 1776); packageName: subreddit.android.appstore; className: android.widget.LinearLayout; text: null; error: null; maxTextLength: -1; contentDescription: null; viewIdResName: subreddit.android.appstore:id/appinfos_fastscroll; checkable: false; checked: false; focusable: false; focused: false; selected: false; clickable: false; longClickable: false; contextClickable: false; enabled: true; password: false; scrollable: false; actions: [AccessibilityAction: ACTION_SELECT - null, AccessibilityAction: ACTION_CLEAR_SELECTION - null, AccessibilityAction: ACTION_ACCESSIBILITY_FOCUS - null, AccessibilityAction: ACTION_SHOW_ON_SCREEN - null]
09-28 09:55:41.618  2844  3011 D EventInjector_1: Null child 0/3, parent: android.view.accessibility.AccessibilityNodeInfo@8001083f; boundsInParent: Rect(0, 0 - 1080, 168); boundsInScreen: Rect(0, 72 - 1080, 240); packageName: subreddit.android.appstore; className: android.view.ViewGroup; text: null; error: null; maxTextLength: -1; contentDescription: null; viewIdResName: subreddit.android.appstore:id/applist_toolbar; checkable: false; checked: false; focusable: false; focused: false; selected: false; clickable: false; longClickable: false; contextClickable: false; enabled: true; password: false; scrollable: false; actions: [AccessibilityAction: ACTION_SELECT - null, AccessibilityAction: ACTION_CLEAR_SELECTION - null, AccessibilityAction: ACTION_ACCESSIBILITY_FOCUS - null, AccessibilityAction: ACTION_SHOW_ON_SCREEN - null]
09-28 09:55:41.619  2844  3011 D EventInjector_1: Null child 1/3, parent: android.view.accessibility.AccessibilityNodeInfo@8001083f; boundsInParent: Rect(0, 0 - 1080, 168); boundsInScreen: Rect(0, 72 - 1080, 240); packageName: subreddit.android.appstore; className: android.view.ViewGroup; text: null; error: null; maxTextLength: -1; contentDescription: null; viewIdResName: subreddit.android.appstore:id/applist_toolbar; checkable: false; checked: false; focusable: false; focused: false; selected: false; clickable: false; longClickable: false; contextClickable: false; enabled: true; password: false; scrollable: false; actions: [AccessibilityAction: ACTION_SELECT - null, AccessibilityAction: ACTION_CLEAR_SELECTION - null, AccessibilityAction: ACTION_ACCESSIBILITY_FOCUS - null, AccessibilityAction: ACTION_SHOW_ON_SCREEN - null]
09-28 09:55:41.620  2844  3011 D EventInjector_1: Null child 2/3, parent: android.view.accessibility.AccessibilityNodeInfo@8001083f; boundsInParent: Rect(0, 0 - 1080, 168); boundsInScreen: Rect(0, 72 - 1080, 240); packageName: subreddit.android.appstore; className: android.view.ViewGroup; text: null; error: null; maxTextLength: -1; contentDescription: null; viewIdResName: subreddit.android.appstore:id/applist_toolbar; checkable: false; checked: false; focusable: false; focused: false; selected: false; clickable: false; longClickable: false; contextClickable: false; enabled: true; password: false; scrollable: false; actions: [AccessibilityAction: ACTION_SELECT - null, AccessibilityAction: ACTION_CLEAR_SELECTION - null, AccessibilityAction: ACTION_ACCESSIBILITY_FOCUS - null, AccessibilityAction: ACTION_SHOW_ON_SCREEN - null]
09-28 09:55:41.621  2844  3011 D EventInjector_1: Null child 1/3, parent: android.view.accessibility.AccessibilityNodeInfo@8001318a; boundsInParent: Rect(0, 0 - 984, 289); boundsInScreen: Rect(48, 1326 - 1032, 1615); packageName: subreddit.android.appstore; className: android.widget.RelativeLayout; text: null; error: null; maxTextLength: -1; contentDescription: null; viewIdResName: null; checkable: false; checked: false; focusable: false; focused: false; selected: false; clickable: false; longClickable: false; contextClickable: false; enabled: true; password: false; scrollable: false; actions: [AccessibilityAction: ACTION_SELECT - null, AccessibilityAction: ACTION_CLEAR_SELECTION - null, AccessibilityAction: ACTION_ACCESSIBILITY_FOCUS - null, AccessibilityAction: ACTION_SHOW_ON_SCREEN - null]
09-28 09:55:41.621  2844  3011 D EventInjector_1: Null child 2/3, parent: android.view.accessibility.AccessibilityNodeInfo@8001318a; boundsInParent: Rect(0, 0 - 984, 289); boundsInScreen: Rect(48, 1326 - 1032, 1615); packageName: subreddit.android.appstore; className: android.widget.RelativeLayout; text: null; error: null; maxTextLength: -1; contentDescription: null; viewIdResName: null; checkable: false; checked: false; focusable: false; focused: false; selected: false; clickable: false; longClickable: false; contextClickable: false; enabled: true; password: false; scrollable: false; actions: [AccessibilityAction: ACTION_SELECT - null, AccessibilityAction: ACTION_CLEAR_SELECTION - null, AccessibilityAction: ACTION_ACCESSIBILITY_FOCUS - null, AccessibilityAction: ACTION_SHOW_ON_SCREEN - null]
09-28 09:55:41.621  2844  3011 D EventInjector_1: Skipping invisible child: android.view.accessibility.AccessibilityNodeInfo@80016d9a; boundsInParent: Rect(0, 0 - 984, 79); boundsInScreen: Rect(48, 1864 - 1032, 1776); packageName: subreddit.android.appstore; className: android.view.ViewGroup; text: null; error: null; maxTextLength: -1; contentDescription: null; viewIdResName: subreddit.android.appstore:id/tag_container; checkable: false; checked: false; focusable: false; focused: false; selected: false; clickable: false; longClickable: false; contextClickable: false; enabled: true; password: false; scrollable: false; actions: [AccessibilityAction: ACTION_SELECT - null, AccessibilityAction: ACTION_CLEAR_SELECTION - null, AccessibilityAction: ACTION_ACCESSIBILITY_FOCUS - null, AccessibilityAction: ACTION_SHOW_ON_SCREEN - null]
09-28 09:55:41.622  2844  3011 D EventInjector_1: Null child 0/1, parent: android.view.accessibility.AccessibilityNodeInfo@8000db33; boundsInParent: Rect(0, 0 - 270, 1536); boundsInScreen: Rect(810, 240 - 1080, 1776); packageName: subreddit.android.appstore; className: android.widget.LinearLayout; text: null; error: null; maxTextLength: -1; contentDescription: null; viewIdResName: subreddit.android.appstore:id/appinfos_fastscroll; checkable: false; checked: false; focusable: false; focused: false; selected: false; clickable: false; longClickable: false; contextClickable: false; enabled: true; password: false; scrollable: false; actions: [AccessibilityAction: ACTION_SELECT - null, AccessibilityAction: ACTION_CLEAR_SELECTION - null, AccessibilityAction: ACTION_ACCESSIBILITY_FOCUS - null, AccessibilityAction: ACTION_SHOW_ON_SCREEN - null]
09-28 09:55:41.622  2844  3011 D EventInjector_1: Null child 0/3, parent: android.view.accessibility.AccessibilityNodeInfo@8001083f; boundsInParent: Rect(0, 0 - 1080, 168); boundsInScreen: Rect(0, 72 - 1080, 240); packageName: subreddit.android.appstore; className: android.view.ViewGroup; text: null; error: null; maxTextLength: -1; contentDescription: null; viewIdResName: subreddit.android.appstore:id/applist_toolbar; checkable: false; checked: false; focusable: false; focused: false; selected: false; clickable: false; longClickable: false; contextClickable: false; enabled: true; password: false; scrollable: false; actions: [AccessibilityAction: ACTION_SELECT - null, AccessibilityAction: ACTION_CLEAR_SELECTION - null, AccessibilityAction: ACTION_ACCESSIBILITY_FOCUS - null, AccessibilityAction: ACTION_SHOW_ON_SCREEN - null]
09-28 09:55:41.623  2844  3011 D EventInjector_1: Null child 1/3, parent: android.view.accessibility.AccessibilityNodeInfo@8001083f; boundsInParent: Rect(0, 0 - 1080, 168); boundsInScreen: Rect(0, 72 - 1080, 240); packageName: subreddit.android.appstore; className: android.view.ViewGroup; text: null; error: null; maxTextLength: -1; contentDescription: null; viewIdResName: subreddit.android.appstore:id/applist_toolbar; checkable: false; checked: false; focusable: false; focused: false; selected: false; clickable: false; longClickable: false; contextClickable: false; enabled: true; password: false; scrollable: false; actions: [AccessibilityAction: ACTION_SELECT - null, AccessibilityAction: ACTION_CLEAR_SELECTION - null, AccessibilityAction: ACTION_ACCESSIBILITY_FOCUS - null, AccessibilityAction: ACTION_SHOW_ON_SCREEN - null]
09-28 09:55:41.623  2844  3011 D EventInjector_1: Null child 2/3, parent: android.view.accessibility.AccessibilityNodeInfo@8001083f; boundsInParent: Rect(0, 0 - 1080, 168); boundsInScreen: Rect(0, 72 - 1080, 240); packageName: subreddit.android.appstore; className: android.view.ViewGroup; text: null; error: null; maxTextLength: -1; contentDescription: null; viewIdResName: subreddit.android.appstore:id/applist_toolbar; checkable: false; checked: false; focusable: false; focused: false; selected: false; clickable: false; longClickable: false; contextClickable: false; enabled: true; password: false; scrollable: false; actions: [AccessibilityAction: ACTION_SELECT - null, AccessibilityAction: ACTION_CLEAR_SELECTION - null, AccessibilityAction: ACTION_ACCESSIBILITY_FOCUS - null, AccessibilityAction: ACTION_SHOW_ON_SCREEN - null]
09-28 09:55:41.624  2844  3011 D EventInjector_1: Null child 1/3, parent: android.view.accessibility.AccessibilityNodeInfo@8001318a; boundsInParent: Rect(0, 0 - 984, 289); boundsInScreen: Rect(48, 1326 - 1032, 1615); packageName: subreddit.android.appstore; className: android.widget.RelativeLayout; text: null; error: null; maxTextLength: -1; contentDescription: null; viewIdResName: null; checkable: false; checked: false; focusable: false; focused: false; selected: false; clickable: false; longClickable: false; contextClickable: false; enabled: true; password: false; scrollable: false; actions: [AccessibilityAction: ACTION_SELECT - null, AccessibilityAction: ACTION_CLEAR_SELECTION - null, AccessibilityAction: ACTION_ACCESSIBILITY_FOCUS - null, AccessibilityAction: ACTION_SHOW_ON_SCREEN - null]
09-28 09:55:41.624  2844  3011 D EventInjector_1: Null child 2/3, parent: android.view.accessibility.AccessibilityNodeInfo@8001318a; boundsInParent: Rect(0, 0 - 984, 289); boundsInScreen: Rect(48, 1326 - 1032, 1615); packageName: subreddit.android.appstore; className: android.widget.RelativeLayout; text: null; error: null; maxTextLength: -1; contentDescription: null; viewIdResName: null; checkable: false; checked: false; focusable: false; focused: false; selected: false; clickable: false; longClickable: false; contextClickable: false; enabled: true; password: false; scrollable: false; actions: [AccessibilityAction: ACTION_SELECT - null, AccessibilityAction: ACTION_CLEAR_SELECTION - null, AccessibilityAction: ACTION_ACCESSIBILITY_FOCUS - null, AccessibilityAction: ACTION_SHOW_ON_SCREEN - null]
